core_cm3.h:1511:22:__NVIC_EnableIRQ	16	static
core_cm3.h:1639:22:__NVIC_SetPriority	16	static
stm32f103xx_CMSIS.c:39:6:CMSIS_Debug_init	4	static
stm32f103xx_CMSIS.c:97:6:CMSIS_RCC_SystemClock_72MHz	4	static
stm32f103xx_CMSIS.c:455:6:CMSIS_SysTick_Timer_init	8	static
stm32f103xx_CMSIS.c:556:6:Delay_ms	16	static
stm32f103xx_CMSIS.c:568:13:SysTick_Handler	4	static
stm32f103xx_CMSIS.c:662:6:CMSIS_PC13_OUTPUT_Push_Pull_init	4	static
stm32f103xx_CMSIS.c:669:13:CMSIS_GPIO_MODE_Set	24	static
stm32f103xx_CMSIS.c:685:13:CMSIS_GPIO_SPEED_Set	24	static
stm32f103xx_CMSIS.c:705:13:CMSIS_GPIO_CNF_Set	24	static
stm32f103xx_CMSIS.c:716:13:CMSIS_GPIO_Reg_Set	24	static
stm32f103xx_CMSIS.c:780:6:CMSIS_GPIO_init	32	static
stm32f103xx_CMSIS.c:811:6:CMSIS_Blink_PC13	16	static
stm32f103xx_CMSIS.c:825:6:CMSIS_PA8_MCO_init	4	static
stm32f103xx_CMSIS.c:863:6:CMSIS_RCC_AFIO_enable	4	static
stm32f103xx_CMSIS.c:884:6:CMSIS_AFIO_EXTICR1_B0_select	4	static
stm32f103xx_CMSIS.c:893:6:CMSIS_PB0_INPUT_Pull_Down_init	4	static
stm32f103xx_CMSIS.c:909:6:CMSIS_EXTI_0_init	8	static
stm32f103xx_CMSIS.c:987:13:EXTI0_IRQHandler	4	static
stm32f103xx_CMSIS.c:1060:6:CMSIS_TIM3_init	8	static
stm32f103xx_CMSIS.c:1090:6:CMSIS_TIM3_PWM_CHANNEL1_init	4	static
stm32f103xx_CMSIS.c:1111:6:CMSIS_TIM3_PWM_CHANNEL2_init	4	static
stm32f103xx_CMSIS.c:1132:13:TIM3_IRQHandler	4	static
stm32f103xx_CMSIS.c:1241:6:CMSIS_ADC_DMA_init	8	static
stm32f103xx_CMSIS.c:1349:13:ADC1_2_IRQHandler	4	static
stm32f103xx_CMSIS.c:1359:13:DMA1_Channel1_IRQHandler	4	static
stm32f103xx_CMSIS.c:1508:6:CMSIS_USART1_Init	8	static
stm32f103xx_CMSIS.c:1583:6:CMSIS_USART2_Init	8	static
stm32f103xx_CMSIS.c:1658:13:USART1_IRQHandler	4	static
stm32f103xx_CMSIS.c:1676:13:USART2_IRQHandler	4	static
stm32f103xx_CMSIS.c:1703:6:CMSIS_USART_Transmit	32	static
stm32f103xx_CMSIS.c:1762:6:CMSIS_I2C_Reset	4	static
stm32f103xx_CMSIS.c:1783:6:CMSIS_I2C1_Init	8	static
stm32f103xx_CMSIS.c:1857:6:CMSIS_I2C_Adress_Device_Scan	24	static
stm32f103xx_CMSIS.c:1936:6:CMSIS_I2C_Data_Transmit	32	static
stm32f103xx_CMSIS.c:2034:6:CMSIS_I2C_Data_Receive	32	static
stm32f103xx_CMSIS.c:2145:6:CMSIS_I2C_MemWrite	24	static
stm32f103xx_CMSIS.c:2259:6:CMSIS_I2C_MemRead	24	static
stm32f103xx_CMSIS.c:2454:6:CMSIS_SPI1_init	4	static
stm32f103xx_CMSIS.c:2539:6:CMSIS_SPI_Data_Transmit_8BIT	32	static
stm32f103xx_CMSIS.c:2589:6:CMSIS_SPI_Data_Transmit_16BIT	32	static
stm32f103xx_CMSIS.c:2639:6:CMSIS_SPI_Data_Receive_8BIT	32	static
stm32f103xx_CMSIS.c:2686:6:CMSIS_SPI_Data_Receive_16BIT	32	static
stm32f103xx_CMSIS.c:2756:6:FLASH_Unlock	4	static
stm32f103xx_CMSIS.c:2769:6:FLASH_Lock	4	static
stm32f103xx_CMSIS.c:2781:6:FLASH_Page_erase	16	static
stm32f103xx_CMSIS.c:2807:6:FLASH_Page_write	32	static
stm32f103xx_CMSIS.c:2857:6:FLASH_Read_data	32	static
