core_cm3.h:1511:22:__NVIC_EnableIRQ	16	static
stm32f103xx_CMSIS.c:39:6:CMSIS_Debug_init	4	static
stm32f103xx_CMSIS.c:98:6:CMSIS_RCC_SystemClock_72MHz	4	static
stm32f103xx_CMSIS.c:466:6:CMSIS_SysTick_Timer_init	4	static
stm32f103xx_CMSIS.c:567:6:Delay_ms	16	static
stm32f103xx_CMSIS.c:580:6:SysTick_Handler	8	static
stm32f103xx_CMSIS.c:683:6:CMSIS_PC13_OUTPUT_Push_Pull_init	4	static
stm32f103xx_CMSIS.c:690:13:CMSIS_GPIO_MODE_Set	24	static
stm32f103xx_CMSIS.c:706:13:CMSIS_GPIO_SPEED_Set	24	static
stm32f103xx_CMSIS.c:726:13:CMSIS_GPIO_CNF_Set	24	static
stm32f103xx_CMSIS.c:737:13:CMSIS_GPIO_Reg_Set	24	static
stm32f103xx_CMSIS.c:802:6:CMSIS_GPIO_init	32	static
stm32f103xx_CMSIS.c:834:6:CMSIS_Blink_PC13	16	static
stm32f103xx_CMSIS.c:848:6:CMSIS_PA8_MCO_init	4	static
stm32f103xx_CMSIS.c:889:6:CMSIS_RCC_AFIO_enable	4	static
stm32f103xx_CMSIS.c:910:6:CMSIS_AFIO_EXTICR1_B0_select	4	static
stm32f103xx_CMSIS.c:920:6:CMSIS_PB0_INPUT_Pull_Down_init	4	static
stm32f103xx_CMSIS.c:937:6:CMSIS_EXTI_0_init	8	static
stm32f103xx_CMSIS.c:1018:13:EXTI0_IRQHandler	4	static
stm32f103xx_CMSIS.c:1091:6:CMSIS_TIM3_init	8	static
stm32f103xx_CMSIS.c:1121:6:CMSIS_TIM3_PWM_CHANNEL1_init	4	static
stm32f103xx_CMSIS.c:1142:6:CMSIS_TIM3_PWM_CHANNEL2_init	4	static
stm32f103xx_CMSIS.c:1163:13:TIM3_IRQHandler	4	static
stm32f103xx_CMSIS.c:1276:6:CMSIS_ADC_DMA_init	8	static
stm32f103xx_CMSIS.c:1387:13:ADC1_2_IRQHandler	4	static
stm32f103xx_CMSIS.c:1397:13:DMA1_Channel1_IRQHandler	4	static
stm32f103xx_CMSIS.c:1547:6:CMSIS_USART1_Init	8	static
stm32f103xx_CMSIS.c:1621:6:CMSIS_USART2_Init	8	static
stm32f103xx_CMSIS.c:1695:13:USART1_IRQHandler	4	static
stm32f103xx_CMSIS.c:1710:13:USART2_IRQHandler	4	static
stm32f103xx_CMSIS.c:1734:6:CMSIS_USART_Transmit	32	static
stm32f103xx_CMSIS.c:1796:6:CMSIS_I2C_Reset	4	static
stm32f103xx_CMSIS.c:1815:6:CMSIS_I2C1_Init	8	static
stm32f103xx_CMSIS.c:1890:6:CMSIS_I2C_Adress_Device_Scan	24	static
stm32f103xx_CMSIS.c:1971:6:CMSIS_I2C_Data_Transmit	32	static
stm32f103xx_CMSIS.c:2070:6:CMSIS_I2C_Data_Receive	32	static
stm32f103xx_CMSIS.c:2181:6:CMSIS_I2C_MemWrite	24	static
stm32f103xx_CMSIS.c:2296:6:CMSIS_I2C_MemRead	24	static
stm32f103xx_CMSIS.c:2489:6:CMSIS_SPI1_init	4	static
stm32f103xx_CMSIS.c:2578:6:CMSIS_SPI_Data_Transmit_8BIT	32	static
stm32f103xx_CMSIS.c:2628:6:CMSIS_SPI_Data_Transmit_16BIT	32	static
stm32f103xx_CMSIS.c:2678:6:CMSIS_SPI_Data_Receive_8BIT	32	static
stm32f103xx_CMSIS.c:2725:6:CMSIS_SPI_Data_Receive_16BIT	32	static
stm32f103xx_CMSIS.c:2796:6:FLASH_Unlock	4	static
stm32f103xx_CMSIS.c:2809:6:FLASH_Lock	4	static
stm32f103xx_CMSIS.c:2821:6:FLASH_Page_erase	16	static
stm32f103xx_CMSIS.c:2845:6:FLASH_Page_write	32	static
stm32f103xx_CMSIS.c:2893:6:FLASH_Read_data	32	static
