Archive member included to satisfy reference by file (symbol)

c:/st/stm32cubeide_1.7.0/stm32cubeide/plugins/com.st.stm32cube.ide.mcu.externaltools.gnu-tools-for-stm32.9-2020-q2-update.win32_2.0.0.202105311346/tools/bin/../lib/gcc/arm-none-eabi/9.3.1/../../../../arm-none-eabi/lib/thumb/v7-m/nofp\libc_nano.a(lib_a-errno.o)
                              ./Core/Src/syscalls.o (__errno)
c:/st/stm32cubeide_1.7.0/stm32cubeide/plugins/com.st.stm32cube.ide.mcu.externaltools.gnu-tools-for-stm32.9-2020-q2-update.win32_2.0.0.202105311346/tools/bin/../lib/gcc/arm-none-eabi/9.3.1/../../../../arm-none-eabi/lib/thumb/v7-m/nofp\libc_nano.a(lib_a-exit.o)
                              c:/st/stm32cubeide_1.7.0/stm32cubeide/plugins/com.st.stm32cube.ide.mcu.externaltools.gnu-tools-for-stm32.9-2020-q2-update.win32_2.0.0.202105311346/tools/bin/../lib/gcc/arm-none-eabi/9.3.1/../../../../arm-none-eabi/lib/thumb/v7-m/nofp/crt0.o (exit)
c:/st/stm32cubeide_1.7.0/stm32cubeide/plugins/com.st.stm32cube.ide.mcu.externaltools.gnu-tools-for-stm32.9-2020-q2-update.win32_2.0.0.202105311346/tools/bin/../lib/gcc/arm-none-eabi/9.3.1/../../../../arm-none-eabi/lib/thumb/v7-m/nofp\libc_nano.a(lib_a-impure.o)
                              c:/st/stm32cubeide_1.7.0/stm32cubeide/plugins/com.st.stm32cube.ide.mcu.externaltools.gnu-tools-for-stm32.9-2020-q2-update.win32_2.0.0.202105311346/tools/bin/../lib/gcc/arm-none-eabi/9.3.1/../../../../arm-none-eabi/lib/thumb/v7-m/nofp\libc_nano.a(lib_a-exit.o) (_global_impure_ptr)
c:/st/stm32cubeide_1.7.0/stm32cubeide/plugins/com.st.stm32cube.ide.mcu.externaltools.gnu-tools-for-stm32.9-2020-q2-update.win32_2.0.0.202105311346/tools/bin/../lib/gcc/arm-none-eabi/9.3.1/../../../../arm-none-eabi/lib/thumb/v7-m/nofp\libc_nano.a(lib_a-init.o)
                              c:/st/stm32cubeide_1.7.0/stm32cubeide/plugins/com.st.stm32cube.ide.mcu.externaltools.gnu-tools-for-stm32.9-2020-q2-update.win32_2.0.0.202105311346/tools/bin/../lib/gcc/arm-none-eabi/9.3.1/../../../../arm-none-eabi/lib/thumb/v7-m/nofp/crt0.o (__libc_init_array)
c:/st/stm32cubeide_1.7.0/stm32cubeide/plugins/com.st.stm32cube.ide.mcu.externaltools.gnu-tools-for-stm32.9-2020-q2-update.win32_2.0.0.202105311346/tools/bin/../lib/gcc/arm-none-eabi/9.3.1/../../../../arm-none-eabi/lib/thumb/v7-m/nofp\libc_nano.a(lib_a-memset.o)
                              c:/st/stm32cubeide_1.7.0/stm32cubeide/plugins/com.st.stm32cube.ide.mcu.externaltools.gnu-tools-for-stm32.9-2020-q2-update.win32_2.0.0.202105311346/tools/bin/../lib/gcc/arm-none-eabi/9.3.1/../../../../arm-none-eabi/lib/thumb/v7-m/nofp/crt0.o (memset)
c:/st/stm32cubeide_1.7.0/stm32cubeide/plugins/com.st.stm32cube.ide.mcu.externaltools.gnu-tools-for-stm32.9-2020-q2-update.win32_2.0.0.202105311346/tools/bin/../lib/gcc/arm-none-eabi/9.3.1/thumb/v7-m/nofp\libgcc.a(_arm_mulsf3.o)
                              ./Core/Src/main.o (__aeabi_fmul)
c:/st/stm32cubeide_1.7.0/stm32cubeide/plugins/com.st.stm32cube.ide.mcu.externaltools.gnu-tools-for-stm32.9-2020-q2-update.win32_2.0.0.202105311346/tools/bin/../lib/gcc/arm-none-eabi/9.3.1/thumb/v7-m/nofp\libgcc.a(_arm_addsubsf3.o)
                              ./Core/Src/main.o (__aeabi_fsub)
c:/st/stm32cubeide_1.7.0/stm32cubeide/plugins/com.st.stm32cube.ide.mcu.externaltools.gnu-tools-for-stm32.9-2020-q2-update.win32_2.0.0.202105311346/tools/bin/../lib/gcc/arm-none-eabi/9.3.1/thumb/v7-m/nofp\libgcc.a(_arm_muldivsf3.o)
                              ./Core/Src/main.o (__aeabi_fdiv)

Allocating common symbols
Common symbol       size              file

Error_Timer_LED     0x4               ./Core/Src/main.o
I2C1_Polling_Timer  0x4               ./Core/Src/main.o
MQTT_Send_Timer     0x4               ./Core/Src/main.o
Temperature         0x4               ./Core/Src/HDC1080.o
CO2_ppm             0x2               ./Core/Src/mh19z.o
USART1_Timer_LED    0x4               ./Core/Src/main.o
I2C1_Timer_LED      0x4               ./Core/Src/main.o
USART1_Polling_Timer
                    0x4               ./Core/Src/main.o
husart2             0x18              ./Core/Src/stm32f103xx_CMSIS.o
husart1             0x18              ./Core/Src/stm32f103xx_CMSIS.o
Humidity            0x4               ./Core/Src/HDC1080.o

Discarded input sections

 .text          0x0000000000000000        0x0 c:/st/stm32cubeide_1.7.0/stm32cubeide/plugins/com.st.stm32cube.ide.mcu.externaltools.gnu-tools-for-stm32.9-2020-q2-update.win32_2.0.0.202105311346/tools/bin/../lib/gcc/arm-none-eabi/9.3.1/thumb/v7-m/nofp/crti.o
 .data          0x0000000000000000        0x0 c:/st/stm32cubeide_1.7.0/stm32cubeide/plugins/com.st.stm32cube.ide.mcu.externaltools.gnu-tools-for-stm32.9-2020-q2-update.win32_2.0.0.202105311346/tools/bin/../lib/gcc/arm-none-eabi/9.3.1/thumb/v7-m/nofp/crti.o
 .bss           0x0000000000000000        0x0 c:/st/stm32cubeide_1.7.0/stm32cubeide/plugins/com.st.stm32cube.ide.mcu.externaltools.gnu-tools-for-stm32.9-2020-q2-update.win32_2.0.0.202105311346/tools/bin/../lib/gcc/arm-none-eabi/9.3.1/thumb/v7-m/nofp/crti.o
 .data          0x0000000000000000        0x4 c:/st/stm32cubeide_1.7.0/stm32cubeide/plugins/com.st.stm32cube.ide.mcu.externaltools.gnu-tools-for-stm32.9-2020-q2-update.win32_2.0.0.202105311346/tools/bin/../lib/gcc/arm-none-eabi/9.3.1/thumb/v7-m/nofp/crtbegin.o
 .text          0x0000000000000000       0x7c c:/st/stm32cubeide_1.7.0/stm32cubeide/plugins/com.st.stm32cube.ide.mcu.externaltools.gnu-tools-for-stm32.9-2020-q2-update.win32_2.0.0.202105311346/tools/bin/../lib/gcc/arm-none-eabi/9.3.1/../../../../arm-none-eabi/lib/thumb/v7-m/nofp/crt0.o
 .data          0x0000000000000000        0x0 c:/st/stm32cubeide_1.7.0/stm32cubeide/plugins/com.st.stm32cube.ide.mcu.externaltools.gnu-tools-for-stm32.9-2020-q2-update.win32_2.0.0.202105311346/tools/bin/../lib/gcc/arm-none-eabi/9.3.1/../../../../arm-none-eabi/lib/thumb/v7-m/nofp/crt0.o
 .bss           0x0000000000000000        0x0 c:/st/stm32cubeide_1.7.0/stm32cubeide/plugins/com.st.stm32cube.ide.mcu.externaltools.gnu-tools-for-stm32.9-2020-q2-update.win32_2.0.0.202105311346/tools/bin/../lib/gcc/arm-none-eabi/9.3.1/../../../../arm-none-eabi/lib/thumb/v7-m/nofp/crt0.o
 .ARM.extab     0x0000000000000000        0x0 c:/st/stm32cubeide_1.7.0/stm32cubeide/plugins/com.st.stm32cube.ide.mcu.externaltools.gnu-tools-for-stm32.9-2020-q2-update.win32_2.0.0.202105311346/tools/bin/../lib/gcc/arm-none-eabi/9.3.1/../../../../arm-none-eabi/lib/thumb/v7-m/nofp/crt0.o
 .ARM.exidx     0x0000000000000000       0x10 c:/st/stm32cubeide_1.7.0/stm32cubeide/plugins/com.st.stm32cube.ide.mcu.externaltools.gnu-tools-for-stm32.9-2020-q2-update.win32_2.0.0.202105311346/tools/bin/../lib/gcc/arm-none-eabi/9.3.1/../../../../arm-none-eabi/lib/thumb/v7-m/nofp/crt0.o
 .ARM.attributes
                0x0000000000000000       0x1b c:/st/stm32cubeide_1.7.0/stm32cubeide/plugins/com.st.stm32cube.ide.mcu.externaltools.gnu-tools-for-stm32.9-2020-q2-update.win32_2.0.0.202105311346/tools/bin/../lib/gcc/arm-none-eabi/9.3.1/../../../../arm-none-eabi/lib/thumb/v7-m/nofp/crt0.o
 .group         0x0000000000000000        0xc ./Core/Src/HDC1080.o
 .group         0x0000000000000000        0xc ./Core/Src/HDC1080.o
 .group         0x0000000000000000        0xc ./Core/Src/HDC1080.o
 .group         0x0000000000000000        0xc ./Core/Src/HDC1080.o
 .group         0x0000000000000000        0xc ./Core/Src/HDC1080.o
 .group         0x0000000000000000        0xc ./Core/Src/HDC1080.o
 .group         0x0000000000000000        0xc ./Core/Src/HDC1080.o
 .group         0x0000000000000000        0xc ./Core/Src/HDC1080.o
 .group         0x0000000000000000        0xc ./Core/Src/HDC1080.o
 .group         0x0000000000000000        0xc ./Core/Src/HDC1080.o
 .group         0x0000000000000000        0xc ./Core/Src/HDC1080.o
 .group         0x0000000000000000        0xc ./Core/Src/HDC1080.o
 .group         0x0000000000000000        0xc ./Core/Src/HDC1080.o
 .group         0x0000000000000000        0xc ./Core/Src/HDC1080.o
 .group         0x0000000000000000        0xc ./Core/Src/HDC1080.o
 .group         0x0000000000000000        0xc ./Core/Src/HDC1080.o
 .group         0x0000000000000000        0xc ./Core/Src/HDC1080.o
 .group         0x0000000000000000        0xc ./Core/Src/HDC1080.o
 .text          0x0000000000000000        0x0 ./Core/Src/HDC1080.o
 .data          0x0000000000000000        0x0 ./Core/Src/HDC1080.o
 .bss           0x0000000000000000        0x0 ./Core/Src/HDC1080.o
 .group         0x0000000000000000        0xc ./Core/Src/MQTT.o
 .group         0x0000000000000000        0xc ./Core/Src/MQTT.o
 .group         0x0000000000000000        0xc ./Core/Src/MQTT.o
 .group         0x0000000000000000        0xc ./Core/Src/MQTT.o
 .group         0x0000000000000000        0xc ./Core/Src/MQTT.o
 .group         0x0000000000000000        0xc ./Core/Src/MQTT.o
 .group         0x0000000000000000        0xc ./Core/Src/MQTT.o
 .group         0x0000000000000000        0xc ./Core/Src/MQTT.o
 .group         0x0000000000000000        0xc ./Core/Src/MQTT.o
 .group         0x0000000000000000        0xc ./Core/Src/MQTT.o
 .group         0x0000000000000000        0xc ./Core/Src/MQTT.o
 .group         0x0000000000000000        0xc ./Core/Src/MQTT.o
 .group         0x0000000000000000        0xc ./Core/Src/MQTT.o
 .group         0x0000000000000000        0xc ./Core/Src/MQTT.o
 .group         0x0000000000000000        0xc ./Core/Src/MQTT.o
 .group         0x0000000000000000        0xc ./Core/Src/MQTT.o
 .group         0x0000000000000000        0xc ./Core/Src/MQTT.o
 .group         0x0000000000000000        0xc ./Core/Src/MQTT.o
 .group         0x0000000000000000        0xc ./Core/Src/MQTT.o
 .text          0x0000000000000000        0x0 ./Core/Src/MQTT.o
 .data          0x0000000000000000        0x0 ./Core/Src/MQTT.o
 .bss           0x0000000000000000        0x0 ./Core/Src/MQTT.o
 .debug_macro   0x0000000000000000      0xa96 ./Core/Src/MQTT.o
 .debug_macro   0x0000000000000000       0x2e ./Core/Src/MQTT.o
 .debug_macro   0x0000000000000000       0x22 ./Core/Src/MQTT.o
 .debug_macro   0x0000000000000000       0x22 ./Core/Src/MQTT.o
 .debug_macro   0x0000000000000000       0x8e ./Core/Src/MQTT.o
 .debug_macro   0x0000000000000000       0x51 ./Core/Src/MQTT.o
 .debug_macro   0x0000000000000000      0x103 ./Core/Src/MQTT.o
 .debug_macro   0x0000000000000000       0x6a ./Core/Src/MQTT.o
 .debug_macro   0x0000000000000000      0x1df ./Core/Src/MQTT.o
 .debug_macro   0x0000000000000000       0x1c ./Core/Src/MQTT.o
 .debug_macro   0x0000000000000000       0x22 ./Core/Src/MQTT.o
 .debug_macro   0x0000000000000000       0xc3 ./Core/Src/MQTT.o
 .debug_macro   0x0000000000000000      0xd23 ./Core/Src/MQTT.o
 .debug_macro   0x0000000000000000     0xe09e ./Core/Src/MQTT.o
 .debug_macro   0x0000000000000000       0x6d ./Core/Src/MQTT.o
 .debug_macro   0x0000000000000000       0x22 ./Core/Src/MQTT.o
 .debug_macro   0x0000000000000000       0x46 ./Core/Src/MQTT.o
 .debug_macro   0x0000000000000000       0x16 ./Core/Src/MQTT.o
 .group         0x0000000000000000        0xc ./Core/Src/SoftwareTimer.o
 .group         0x0000000000000000        0xc ./Core/Src/SoftwareTimer.o
 .group         0x0000000000000000        0xc ./Core/Src/SoftwareTimer.o
 .group         0x0000000000000000        0xc ./Core/Src/SoftwareTimer.o
 .group         0x0000000000000000        0xc ./Core/Src/SoftwareTimer.o
 .group         0x0000000000000000        0xc ./Core/Src/SoftwareTimer.o
 .group         0x0000000000000000        0xc ./Core/Src/SoftwareTimer.o
 .group         0x0000000000000000        0xc ./Core/Src/SoftwareTimer.o
 .text          0x0000000000000000        0x0 ./Core/Src/SoftwareTimer.o
 .data          0x0000000000000000        0x0 ./Core/Src/SoftwareTimer.o
 .bss           0x0000000000000000        0x0 ./Core/Src/SoftwareTimer.o
 .debug_macro   0x0000000000000000      0xa96 ./Core/Src/SoftwareTimer.o
 .debug_macro   0x0000000000000000       0x22 ./Core/Src/SoftwareTimer.o
 .debug_macro   0x0000000000000000       0x8e ./Core/Src/SoftwareTimer.o
 .debug_macro   0x0000000000000000       0x51 ./Core/Src/SoftwareTimer.o
 .debug_macro   0x0000000000000000      0x103 ./Core/Src/SoftwareTimer.o
 .debug_macro   0x0000000000000000       0x6a ./Core/Src/SoftwareTimer.o
 .debug_macro   0x0000000000000000      0x1df ./Core/Src/SoftwareTimer.o
 .debug_macro   0x0000000000000000       0x22 ./Core/Src/SoftwareTimer.o
 .group         0x0000000000000000        0xc ./Core/Src/gpio.o
 .group         0x0000000000000000        0xc ./Core/Src/gpio.o
 .group         0x0000000000000000        0xc ./Core/Src/gpio.o
 .group         0x0000000000000000        0xc ./Core/Src/gpio.o
 .group         0x0000000000000000        0xc ./Core/Src/gpio.o
 .group         0x0000000000000000        0xc ./Core/Src/gpio.o
 .group         0x0000000000000000        0xc ./Core/Src/gpio.o
 .group         0x0000000000000000        0xc ./Core/Src/gpio.o
 .group         0x0000000000000000        0xc ./Core/Src/gpio.o
 .group         0x0000000000000000        0xc ./Core/Src/gpio.o
 .group         0x0000000000000000        0xc ./Core/Src/gpio.o
 .group         0x0000000000000000        0xc ./Core/Src/gpio.o
 .group         0x0000000000000000        0xc ./Core/Src/gpio.o
 .group         0x0000000000000000        0xc ./Core/Src/gpio.o
 .group         0x0000000000000000        0xc ./Core/Src/gpio.o
 .group         0x0000000000000000        0xc ./Core/Src/gpio.o
 .group         0x0000000000000000        0xc ./Core/Src/gpio.o
 .group         0x0000000000000000        0xc ./Core/Src/gpio.o
 .group         0x0000000000000000        0xc ./Core/Src/gpio.o
 .text          0x0000000000000000        0x0 ./Core/Src/gpio.o
 .data          0x0000000000000000        0x0 ./Core/Src/gpio.o
 .bss           0x0000000000000000        0x0 ./Core/Src/gpio.o
 .debug_macro   0x0000000000000000      0xa96 ./Core/Src/gpio.o
 .debug_macro   0x0000000000000000       0x2e ./Core/Src/gpio.o
 .debug_macro   0x0000000000000000       0x22 ./Core/Src/gpio.o
 .debug_macro   0x0000000000000000       0x22 ./Core/Src/gpio.o
 .debug_macro   0x0000000000000000       0x8e ./Core/Src/gpio.o
 .debug_macro   0x0000000000000000       0x51 ./Core/Src/gpio.o
 .debug_macro   0x0000000000000000      0x103 ./Core/Src/gpio.o
 .debug_macro   0x0000000000000000       0x6a ./Core/Src/gpio.o
 .debug_macro   0x0000000000000000      0x1df ./Core/Src/gpio.o
 .debug_macro   0x0000000000000000       0x1c ./Core/Src/gpio.o
 .debug_macro   0x0000000000000000       0x22 ./Core/Src/gpio.o
 .debug_macro   0x0000000000000000       0xc3 ./Core/Src/gpio.o
 .debug_macro   0x0000000000000000      0xd23 ./Core/Src/gpio.o
 .debug_macro   0x0000000000000000     0xe09e ./Core/Src/gpio.o
 .debug_macro   0x0000000000000000       0x6d ./Core/Src/gpio.o
 .debug_macro   0x0000000000000000       0x22 ./Core/Src/gpio.o
 .debug_macro   0x0000000000000000       0x10 ./Core/Src/gpio.o
 .debug_macro   0x0000000000000000       0x16 ./Core/Src/gpio.o
 .group         0x0000000000000000        0xc ./Core/Src/main.o
 .group         0x0000000000000000        0xc ./Core/Src/main.o
 .group         0x0000000000000000        0xc ./Core/Src/main.o
 .group         0x0000000000000000        0xc ./Core/Src/main.o
 .group         0x0000000000000000        0xc ./Core/Src/main.o
 .group         0x0000000000000000        0xc ./Core/Src/main.o
 .group         0x0000000000000000        0xc ./Core/Src/main.o
 .group         0x0000000000000000        0xc ./Core/Src/main.o
 .group         0x0000000000000000        0xc ./Core/Src/main.o
 .group         0x0000000000000000        0xc ./Core/Src/main.o
 .group         0x0000000000000000        0xc ./Core/Src/main.o
 .group         0x0000000000000000        0xc ./Core/Src/main.o
 .group         0x0000000000000000        0xc ./Core/Src/main.o
 .group         0x0000000000000000        0xc ./Core/Src/main.o
 .group         0x0000000000000000        0xc ./Core/Src/main.o
 .group         0x0000000000000000        0xc ./Core/Src/main.o
 .group         0x0000000000000000        0xc ./Core/Src/main.o
 .group         0x0000000000000000        0xc ./Core/Src/main.o
 .group         0x0000000000000000        0xc ./Core/Src/main.o
 .text          0x0000000000000000        0x0 ./Core/Src/main.o
 .data          0x0000000000000000        0x0 ./Core/Src/main.o
 .bss           0x0000000000000000        0x0 ./Core/Src/main.o
 .debug_macro   0x0000000000000000      0xa96 ./Core/Src/main.o
 .debug_macro   0x0000000000000000       0x2e ./Core/Src/main.o
 .debug_macro   0x0000000000000000       0x22 ./Core/Src/main.o
 .debug_macro   0x0000000000000000       0x22 ./Core/Src/main.o
 .debug_macro   0x0000000000000000       0x8e ./Core/Src/main.o
 .debug_macro   0x0000000000000000       0x51 ./Core/Src/main.o
 .debug_macro   0x0000000000000000      0x103 ./Core/Src/main.o
 .debug_macro   0x0000000000000000       0x6a ./Core/Src/main.o
 .debug_macro   0x0000000000000000      0x1df ./Core/Src/main.o
 .debug_macro   0x0000000000000000       0x1c ./Core/Src/main.o
 .debug_macro   0x0000000000000000       0x22 ./Core/Src/main.o
 .debug_macro   0x0000000000000000       0xc3 ./Core/Src/main.o
 .debug_macro   0x0000000000000000      0xd23 ./Core/Src/main.o
 .debug_macro   0x0000000000000000     0xe09e ./Core/Src/main.o
 .debug_macro   0x0000000000000000       0x6d ./Core/Src/main.o
 .debug_macro   0x0000000000000000       0x22 ./Core/Src/main.o
 .debug_macro   0x0000000000000000       0x46 ./Core/Src/main.o
 .debug_macro   0x0000000000000000       0x10 ./Core/Src/main.o
 .debug_macro   0x0000000000000000       0x16 ./Core/Src/main.o
 .group         0x0000000000000000        0xc ./Core/Src/mh19z.o
 .group         0x0000000000000000        0xc ./Core/Src/mh19z.o
 .group         0x0000000000000000        0xc ./Core/Src/mh19z.o
 .group         0x0000000000000000        0xc ./Core/Src/mh19z.o
 .group         0x0000000000000000        0xc ./Core/Src/mh19z.o
 .group         0x0000000000000000        0xc ./Core/Src/mh19z.o
 .group         0x0000000000000000        0xc ./Core/Src/mh19z.o
 .group         0x0000000000000000        0xc ./Core/Src/mh19z.o
 .group         0x0000000000000000        0xc ./Core/Src/mh19z.o
 .group         0x0000000000000000        0xc ./Core/Src/mh19z.o
 .group         0x0000000000000000        0xc ./Core/Src/mh19z.o
 .group         0x0000000000000000        0xc ./Core/Src/mh19z.o
 .group         0x0000000000000000        0xc ./Core/Src/mh19z.o
 .group         0x0000000000000000        0xc ./Core/Src/mh19z.o
 .group         0x0000000000000000        0xc ./Core/Src/mh19z.o
 .group         0x0000000000000000        0xc ./Core/Src/mh19z.o
 .group         0x0000000000000000        0xc ./Core/Src/mh19z.o
 .group         0x0000000000000000        0xc ./Core/Src/mh19z.o
 .group         0x0000000000000000        0xc ./Core/Src/mh19z.o
 .text          0x0000000000000000        0x0 ./Core/Src/mh19z.o
 .data          0x0000000000000000        0x0 ./Core/Src/mh19z.o
 .bss           0x0000000000000000        0x0 ./Core/Src/mh19z.o
 .debug_macro   0x0000000000000000      0xa96 ./Core/Src/mh19z.o
 .debug_macro   0x0000000000000000       0x2e ./Core/Src/mh19z.o
 .debug_macro   0x0000000000000000       0x22 ./Core/Src/mh19z.o
 .debug_macro   0x0000000000000000       0x22 ./Core/Src/mh19z.o
 .debug_macro   0x0000000000000000       0x8e ./Core/Src/mh19z.o
 .debug_macro   0x0000000000000000       0x51 ./Core/Src/mh19z.o
 .debug_macro   0x0000000000000000      0x103 ./Core/Src/mh19z.o
 .debug_macro   0x0000000000000000       0x6a ./Core/Src/mh19z.o
 .debug_macro   0x0000000000000000      0x1df ./Core/Src/mh19z.o
 .debug_macro   0x0000000000000000       0x1c ./Core/Src/mh19z.o
 .debug_macro   0x0000000000000000       0x22 ./Core/Src/mh19z.o
 .debug_macro   0x0000000000000000       0xc3 ./Core/Src/mh19z.o
 .debug_macro   0x0000000000000000      0xd23 ./Core/Src/mh19z.o
 .debug_macro   0x0000000000000000     0xe09e ./Core/Src/mh19z.o
 .debug_macro   0x0000000000000000       0x6d ./Core/Src/mh19z.o
 .debug_macro   0x0000000000000000       0x22 ./Core/Src/mh19z.o
 .debug_macro   0x0000000000000000       0x46 ./Core/Src/mh19z.o
 .debug_macro   0x0000000000000000       0x10 ./Core/Src/mh19z.o
 .debug_macro   0x0000000000000000       0x16 ./Core/Src/mh19z.o
 .group         0x0000000000000000        0xc ./Core/Src/stm32f103xx_CMSIS.o
 .group         0x0000000000000000        0xc ./Core/Src/stm32f103xx_CMSIS.o
 .group         0x0000000000000000        0xc ./Core/Src/stm32f103xx_CMSIS.o
 .group         0x0000000000000000        0xc ./Core/Src/stm32f103xx_CMSIS.o
 .group         0x0000000000000000        0xc ./Core/Src/stm32f103xx_CMSIS.o
 .group         0x0000000000000000        0xc ./Core/Src/stm32f103xx_CMSIS.o
 .group         0x0000000000000000        0xc ./Core/Src/stm32f103xx_CMSIS.o
 .group         0x0000000000000000        0xc ./Core/Src/stm32f103xx_CMSIS.o
 .group         0x0000000000000000        0xc ./Core/Src/stm32f103xx_CMSIS.o
 .group         0x0000000000000000        0xc ./Core/Src/stm32f103xx_CMSIS.o
 .group         0x0000000000000000        0xc ./Core/Src/stm32f103xx_CMSIS.o
 .group         0x0000000000000000        0xc ./Core/Src/stm32f103xx_CMSIS.o
 .group         0x0000000000000000        0xc ./Core/Src/stm32f103xx_CMSIS.o
 .group         0x0000000000000000        0xc ./Core/Src/stm32f103xx_CMSIS.o
 .group         0x0000000000000000        0xc ./Core/Src/stm32f103xx_CMSIS.o
 .group         0x0000000000000000        0xc ./Core/Src/stm32f103xx_CMSIS.o
 .group         0x0000000000000000        0xc ./Core/Src/stm32f103xx_CMSIS.o
 .group         0x0000000000000000        0xc ./Core/Src/stm32f103xx_CMSIS.o
 .group         0x0000000000000000        0xc ./Core/Src/stm32f103xx_CMSIS.o
 .text          0x0000000000000000        0x0 ./Core/Src/stm32f103xx_CMSIS.o
 .data          0x0000000000000000        0x0 ./Core/Src/stm32f103xx_CMSIS.o
 .bss           0x0000000000000000        0x0 ./Core/Src/stm32f103xx_CMSIS.o
 .text.SysTick_Handler
                0x0000000000000000       0x48 ./Core/Src/stm32f103xx_CMSIS.o
 .text.CMSIS_PC13_OUTPUT_Push_Pull_init
                0x0000000000000000       0x3c ./Core/Src/stm32f103xx_CMSIS.o
 .text.CMSIS_Blink_PC13
                0x0000000000000000       0x30 ./Core/Src/stm32f103xx_CMSIS.o
 .text.CMSIS_PA8_MCO_init
                0x0000000000000000       0x48 ./Core/Src/stm32f103xx_CMSIS.o
 .text.CMSIS_RCC_AFIO_enable
                0x0000000000000000       0x1c ./Core/Src/stm32f103xx_CMSIS.o
 .text.CMSIS_AFIO_EXTICR1_B0_select
                0x0000000000000000       0x20 ./Core/Src/stm32f103xx_CMSIS.o
 .text.CMSIS_PB0_INPUT_Pull_Down_init
                0x0000000000000000       0x44 ./Core/Src/stm32f103xx_CMSIS.o
 .text.CMSIS_EXTI_0_init
                0x0000000000000000       0x2c ./Core/Src/stm32f103xx_CMSIS.o
 .text.CMSIS_TIM3_PWM_CHANNEL1_init
                0x0000000000000000       0xa0 ./Core/Src/stm32f103xx_CMSIS.o
 .text.CMSIS_TIM3_PWM_CHANNEL2_init
                0x0000000000000000       0xa0 ./Core/Src/stm32f103xx_CMSIS.o
 .text.TIM3_IRQHandler
                0x0000000000000000       0x28 ./Core/Src/stm32f103xx_CMSIS.o
 .bss.ADC_RAW_Data
                0x0000000000000000        0x4 ./Core/Src/stm32f103xx_CMSIS.o
 .text.CMSIS_ADC_DMA_init
                0x0000000000000000      0x258 ./Core/Src/stm32f103xx_CMSIS.o
 .text.USART1_IRQHandler
                0x0000000000000000       0x7c ./Core/Src/stm32f103xx_CMSIS.o
 .text.USART2_IRQHandler
                0x0000000000000000       0x7c ./Core/Src/stm32f103xx_CMSIS.o
 .text.CMSIS_I2C_Adress_Device_Scan
                0x0000000000000000      0x138 ./Core/Src/stm32f103xx_CMSIS.o
 .text.CMSIS_I2C_MemWrite
                0x0000000000000000      0x1fc ./Core/Src/stm32f103xx_CMSIS.o
 .text.CMSIS_I2C_MemRead
                0x0000000000000000      0x2b4 ./Core/Src/stm32f103xx_CMSIS.o
 .text.CMSIS_SPI1_init
                0x0000000000000000      0x190 ./Core/Src/stm32f103xx_CMSIS.o
 .text.CMSIS_SPI_Data_Transmit_8BIT
                0x0000000000000000       0xbc ./Core/Src/stm32f103xx_CMSIS.o
 .text.CMSIS_SPI_Data_Transmit_16BIT
                0x0000000000000000       0xc0 ./Core/Src/stm32f103xx_CMSIS.o
 .text.CMSIS_SPI_Data_Receive_8BIT
                0x0000000000000000       0xb4 ./Core/Src/stm32f103xx_CMSIS.o
 .text.CMSIS_SPI_Data_Receive_16BIT
                0x0000000000000000       0xb8 ./Core/Src/stm32f103xx_CMSIS.o
 .text.FLASH_Unlock
                0x0000000000000000       0x24 ./Core/Src/stm32f103xx_CMSIS.o
 .text.FLASH_Lock
                0x0000000000000000       0x1c ./Core/Src/stm32f103xx_CMSIS.o
 .text.FLASH_Page_erase
                0x0000000000000000       0x70 ./Core/Src/stm32f103xx_CMSIS.o
 .text.FLASH_Page_write
                0x0000000000000000      0x11c ./Core/Src/stm32f103xx_CMSIS.o
 .text.FLASH_Read_data
                0x0000000000000000       0xa4 ./Core/Src/stm32f103xx_CMSIS.o
 .debug_macro   0x0000000000000000      0xa96 ./Core/Src/stm32f103xx_CMSIS.o
 .debug_macro   0x0000000000000000       0x2e ./Core/Src/stm32f103xx_CMSIS.o
 .debug_macro   0x0000000000000000       0x22 ./Core/Src/stm32f103xx_CMSIS.o
 .debug_macro   0x0000000000000000       0x22 ./Core/Src/stm32f103xx_CMSIS.o
 .debug_macro   0x0000000000000000       0x8e ./Core/Src/stm32f103xx_CMSIS.o
 .debug_macro   0x0000000000000000       0x51 ./Core/Src/stm32f103xx_CMSIS.o
 .debug_macro   0x0000000000000000      0x103 ./Core/Src/stm32f103xx_CMSIS.o
 .debug_macro   0x0000000000000000       0x6a ./Core/Src/stm32f103xx_CMSIS.o
 .debug_macro   0x0000000000000000      0x1df ./Core/Src/stm32f103xx_CMSIS.o
 .debug_macro   0x0000000000000000       0x1c ./Core/Src/stm32f103xx_CMSIS.o
 .debug_macro   0x0000000000000000       0x22 ./Core/Src/stm32f103xx_CMSIS.o
 .debug_macro   0x0000000000000000       0xc3 ./Core/Src/stm32f103xx_CMSIS.o
 .debug_macro   0x0000000000000000      0xd23 ./Core/Src/stm32f103xx_CMSIS.o
 .debug_macro   0x0000000000000000     0xe09e ./Core/Src/stm32f103xx_CMSIS.o
 .debug_macro   0x0000000000000000       0x6d ./Core/Src/stm32f103xx_CMSIS.o
 .debug_macro   0x0000000000000000       0x22 ./Core/Src/stm32f103xx_CMSIS.o
 .debug_macro   0x0000000000000000       0x46 ./Core/Src/stm32f103xx_CMSIS.o
 .debug_macro   0x0000000000000000       0x10 ./Core/Src/stm32f103xx_CMSIS.o
 .debug_macro   0x0000000000000000       0x16 ./Core/Src/stm32f103xx_CMSIS.o
 .group         0x0000000000000000        0xc ./Core/Src/stm32f103xx_it.o
 .group         0x0000000000000000        0xc ./Core/Src/stm32f103xx_it.o
 .group         0x0000000000000000        0xc ./Core/Src/stm32f103xx_it.o
 .group         0x0000000000000000        0xc ./Core/Src/stm32f103xx_it.o
 .group         0x0000000000000000        0xc ./Core/Src/stm32f103xx_it.o
 .group         0x0000000000000000        0xc ./Core/Src/stm32f103xx_it.o
 .group         0x0000000000000000        0xc ./Core/Src/stm32f103xx_it.o
 .group         0x0000000000000000        0xc ./Core/Src/stm32f103xx_it.o
 .group         0x0000000000000000        0xc ./Core/Src/stm32f103xx_it.o
 .group         0x0000000000000000        0xc ./Core/Src/stm32f103xx_it.o
 .group         0x0000000000000000        0xc ./Core/Src/stm32f103xx_it.o
 .group         0x0000000000000000        0xc ./Core/Src/stm32f103xx_it.o
 .group         0x0000000000000000        0xc ./Core/Src/stm32f103xx_it.o
 .group         0x0000000000000000        0xc ./Core/Src/stm32f103xx_it.o
 .group         0x0000000000000000        0xc ./Core/Src/stm32f103xx_it.o
 .group         0x0000000000000000        0xc ./Core/Src/stm32f103xx_it.o
 .group         0x0000000000000000        0xc ./Core/Src/stm32f103xx_it.o
 .group         0x0000000000000000        0xc ./Core/Src/stm32f103xx_it.o
 .group         0x0000000000000000        0xc ./Core/Src/stm32f103xx_it.o
 .text          0x0000000000000000        0x0 ./Core/Src/stm32f103xx_it.o
 .data          0x0000000000000000        0x0 ./Core/Src/stm32f103xx_it.o
 .bss           0x0000000000000000        0x0 ./Core/Src/stm32f103xx_it.o
 .debug_macro   0x0000000000000000      0xa96 ./Core/Src/stm32f103xx_it.o
 .debug_macro   0x0000000000000000       0x2e ./Core/Src/stm32f103xx_it.o
 .debug_macro   0x0000000000000000       0x22 ./Core/Src/stm32f103xx_it.o
 .debug_macro   0x0000000000000000       0x22 ./Core/Src/stm32f103xx_it.o
 .debug_macro   0x0000000000000000       0x8e ./Core/Src/stm32f103xx_it.o
 .debug_macro   0x0000000000000000       0x51 ./Core/Src/stm32f103xx_it.o
 .debug_macro   0x0000000000000000      0x103 ./Core/Src/stm32f103xx_it.o
 .debug_macro   0x0000000000000000       0x6a ./Core/Src/stm32f103xx_it.o
 .debug_macro   0x0000000000000000      0x1df ./Core/Src/stm32f103xx_it.o
 .debug_macro   0x0000000000000000       0x1c ./Core/Src/stm32f103xx_it.o
 .debug_macro   0x0000000000000000       0x22 ./Core/Src/stm32f103xx_it.o
 .debug_macro   0x0000000000000000       0xc3 ./Core/Src/stm32f103xx_it.o
 .debug_macro   0x0000000000000000      0xd23 ./Core/Src/stm32f103xx_it.o
 .debug_macro   0x0000000000000000     0xe09e ./Core/Src/stm32f103xx_it.o
 .debug_macro   0x0000000000000000       0x6d ./Core/Src/stm32f103xx_it.o
 .debug_macro   0x0000000000000000       0x22 ./Core/Src/stm32f103xx_it.o
 .debug_macro   0x0000000000000000       0x46 ./Core/Src/stm32f103xx_it.o
 .debug_macro   0x0000000000000000       0x10 ./Core/Src/stm32f103xx_it.o
 .debug_macro   0x0000000000000000       0x16 ./Core/Src/stm32f103xx_it.o
 .group         0x0000000000000000        0xc ./Core/Src/syscalls.o
 .group         0x0000000000000000        0xc ./Core/Src/syscalls.o
 .group         0x0000000000000000        0xc ./Core/Src/syscalls.o
 .group         0x0000000000000000        0xc ./Core/Src/syscalls.o
 .group         0x0000000000000000        0xc ./Core/Src/syscalls.o
 .group         0x0000000000000000        0xc ./Core/Src/syscalls.o
 .group         0x0000000000000000        0xc ./Core/Src/syscalls.o
 .group         0x0000000000000000        0xc ./Core/Src/syscalls.o
 .group         0x0000000000000000        0xc ./Core/Src/syscalls.o
 .group         0x0000000000000000        0xc ./Core/Src/syscalls.o
 .group         0x0000000000000000        0xc ./Core/Src/syscalls.o
 .group         0x0000000000000000        0xc ./Core/Src/syscalls.o
 .group         0x0000000000000000        0xc ./Core/Src/syscalls.o
 .group         0x0000000000000000        0xc ./Core/Src/syscalls.o
 .group         0x0000000000000000        0xc ./Core/Src/syscalls.o
 .group         0x0000000000000000        0xc ./Core/Src/syscalls.o
 .group         0x0000000000000000        0xc ./Core/Src/syscalls.o
 .group         0x0000000000000000        0xc ./Core/Src/syscalls.o
 .group         0x0000000000000000        0xc ./Core/Src/syscalls.o
 .group         0x0000000000000000        0xc ./Core/Src/syscalls.o
 .group         0x0000000000000000        0xc ./Core/Src/syscalls.o
 .group         0x0000000000000000        0xc ./Core/Src/syscalls.o
 .group         0x0000000000000000        0xc ./Core/Src/syscalls.o
 .group         0x0000000000000000        0xc ./Core/Src/syscalls.o
 .group         0x0000000000000000        0xc ./Core/Src/syscalls.o
 .group         0x0000000000000000        0xc ./Core/Src/syscalls.o
 .group         0x0000000000000000        0xc ./Core/Src/syscalls.o
 .group         0x0000000000000000        0xc ./Core/Src/syscalls.o
 .group         0x0000000000000000        0xc ./Core/Src/syscalls.o
 .group         0x0000000000000000        0xc ./Core/Src/syscalls.o
 .group         0x0000000000000000        0xc ./Core/Src/syscalls.o
 .group         0x0000000000000000        0xc ./Core/Src/syscalls.o
 .group         0x0000000000000000        0xc ./Core/Src/syscalls.o
 .group         0x0000000000000000        0xc ./Core/Src/syscalls.o
 .group         0x0000000000000000        0xc ./Core/Src/syscalls.o
 .group         0x0000000000000000        0xc ./Core/Src/syscalls.o
 .group         0x0000000000000000        0xc ./Core/Src/syscalls.o
 .group         0x0000000000000000        0xc ./Core/Src/syscalls.o
 .group         0x0000000000000000        0xc ./Core/Src/syscalls.o
 .group         0x0000000000000000        0xc ./Core/Src/syscalls.o
 .group         0x0000000000000000        0xc ./Core/Src/syscalls.o
 .group         0x0000000000000000        0xc ./Core/Src/syscalls.o
 .group         0x0000000000000000        0xc ./Core/Src/syscalls.o
 .group         0x0000000000000000        0xc ./Core/Src/syscalls.o
 .group         0x0000000000000000        0xc ./Core/Src/syscalls.o
 .group         0x0000000000000000        0xc ./Core/Src/syscalls.o
 .group         0x0000000000000000        0xc ./Core/Src/syscalls.o
 .text          0x0000000000000000        0x0 ./Core/Src/syscalls.o
 .data          0x0000000000000000        0x0 ./Core/Src/syscalls.o
 .bss           0x0000000000000000        0x0 ./Core/Src/syscalls.o
 .bss.__env     0x0000000000000000        0x4 ./Core/Src/syscalls.o
 .data.environ  0x0000000000000000        0x4 ./Core/Src/syscalls.o
 .text.initialise_monitor_handles
                0x0000000000000000        0xc ./Core/Src/syscalls.o
 .text._getpid  0x0000000000000000        0xe ./Core/Src/syscalls.o
 .text._kill    0x0000000000000000       0x20 ./Core/Src/syscalls.o
 .text._exit    0x0000000000000000       0x14 ./Core/Src/syscalls.o
 .text._read    0x0000000000000000       0x3a ./Core/Src/syscalls.o
 .text._write   0x0000000000000000       0x38 ./Core/Src/syscalls.o
 .text._close   0x0000000000000000       0x16 ./Core/Src/syscalls.o
 .text._fstat   0x0000000000000000       0x1e ./Core/Src/syscalls.o
 .text._isatty  0x0000000000000000       0x14 ./Core/Src/syscalls.o
 .text._lseek   0x0000000000000000       0x18 ./Core/Src/syscalls.o
 .text._open    0x0000000000000000       0x1a ./Core/Src/syscalls.o
 .text._wait    0x0000000000000000       0x1e ./Core/Src/syscalls.o
 .text._unlink  0x0000000000000000       0x1e ./Core/Src/syscalls.o
 .text._times   0x0000000000000000       0x16 ./Core/Src/syscalls.o
 .text._stat    0x0000000000000000       0x1e ./Core/Src/syscalls.o
 .text._link    0x0000000000000000       0x20 ./Core/Src/syscalls.o
 .text._fork    0x0000000000000000       0x16 ./Core/Src/syscalls.o
 .text._execve  0x0000000000000000       0x22 ./Core/Src/syscalls.o
 .debug_info    0x0000000000000000      0xfa8 ./Core/Src/syscalls.o
 .debug_abbrev  0x0000000000000000      0x286 ./Core/Src/syscalls.o
 .debug_aranges
                0x0000000000000000       0xa8 ./Core/Src/syscalls.o
 .debug_ranges  0x0000000000000000       0x98 ./Core/Src/syscalls.o
 .debug_macro   0x0000000000000000      0x24c ./Core/Src/syscalls.o
 .debug_macro   0x0000000000000000      0xa96 ./Core/Src/syscalls.o
 .debug_macro   0x0000000000000000       0x22 ./Core/Src/syscalls.o
 .debug_macro   0x0000000000000000       0x4c ./Core/Src/syscalls.o
 .debug_macro   0x0000000000000000       0x18 ./Core/Src/syscalls.o
 .debug_macro   0x0000000000000000       0x94 ./Core/Src/syscalls.o
 .debug_macro   0x0000000000000000       0x3c ./Core/Src/syscalls.o
 .debug_macro   0x0000000000000000       0x34 ./Core/Src/syscalls.o
 .debug_macro   0x0000000000000000       0x57 ./Core/Src/syscalls.o
 .debug_macro   0x0000000000000000      0x174 ./Core/Src/syscalls.o
 .debug_macro   0x0000000000000000      0x339 ./Core/Src/syscalls.o
 .debug_macro   0x0000000000000000       0x16 ./Core/Src/syscalls.o
 .debug_macro   0x0000000000000000       0x43 ./Core/Src/syscalls.o
 .debug_macro   0x0000000000000000       0x34 ./Core/Src/syscalls.o
 .debug_macro   0x0000000000000000       0x10 ./Core/Src/syscalls.o
 .debug_macro   0x0000000000000000       0x58 ./Core/Src/syscalls.o
 .debug_macro   0x0000000000000000       0x71 ./Core/Src/syscalls.o
 .debug_macro   0x0000000000000000       0x1c ./Core/Src/syscalls.o
 .debug_macro   0x0000000000000000      0x12a ./Core/Src/syscalls.o
 .debug_macro   0x0000000000000000       0x10 ./Core/Src/syscalls.o
 .debug_macro   0x0000000000000000       0x35 ./Core/Src/syscalls.o
 .debug_macro   0x0000000000000000       0x10 ./Core/Src/syscalls.o
 .debug_macro   0x0000000000000000       0x10 ./Core/Src/syscalls.o
 .debug_macro   0x0000000000000000       0x10 ./Core/Src/syscalls.o
 .debug_macro   0x0000000000000000       0x6a ./Core/Src/syscalls.o
 .debug_macro   0x0000000000000000       0x1c ./Core/Src/syscalls.o
 .debug_macro   0x0000000000000000       0x52 ./Core/Src/syscalls.o
 .debug_macro   0x0000000000000000       0x22 ./Core/Src/syscalls.o
 .debug_macro   0x0000000000000000       0x10 ./Core/Src/syscalls.o
 .debug_macro   0x0000000000000000       0x40 ./Core/Src/syscalls.o
 .debug_macro   0x0000000000000000       0xd5 ./Core/Src/syscalls.o
 .debug_macro   0x0000000000000000       0x1c ./Core/Src/syscalls.o
 .debug_macro   0x0000000000000000       0x3d ./Core/Src/syscalls.o
 .debug_macro   0x0000000000000000       0x35 ./Core/Src/syscalls.o
 .debug_macro   0x0000000000000000      0x12c ./Core/Src/syscalls.o
 .debug_macro   0x0000000000000000       0x16 ./Core/Src/syscalls.o
 .debug_macro   0x0000000000000000       0x16 ./Core/Src/syscalls.o
 .debug_macro   0x0000000000000000       0x29 ./Core/Src/syscalls.o
 .debug_macro   0x0000000000000000       0x10 ./Core/Src/syscalls.o
 .debug_macro   0x0000000000000000      0x241 ./Core/Src/syscalls.o
 .debug_macro   0x0000000000000000       0x1c ./Core/Src/syscalls.o
 .debug_macro   0x0000000000000000       0x10 ./Core/Src/syscalls.o
 .debug_macro   0x0000000000000000       0x10 ./Core/Src/syscalls.o
 .debug_macro   0x0000000000000000       0x16 ./Core/Src/syscalls.o
 .debug_macro   0x0000000000000000      0x145 ./Core/Src/syscalls.o
 .debug_macro   0x0000000000000000      0x189 ./Core/Src/syscalls.o
 .debug_macro   0x0000000000000000       0x16 ./Core/Src/syscalls.o
 .debug_macro   0x0000000000000000       0xce ./Core/Src/syscalls.o
 .debug_line    0x0000000000000000      0x802 ./Core/Src/syscalls.o
 .debug_str     0x0000000000000000     0x8e5f ./Core/Src/syscalls.o
 .comment       0x0000000000000000       0x54 ./Core/Src/syscalls.o
 .debug_frame   0x0000000000000000      0x2ac ./Core/Src/syscalls.o
 .ARM.attributes
                0x0000000000000000       0x2d ./Core/Src/syscalls.o
 .group         0x0000000000000000        0xc ./Core/Src/sysmem.o
 .group         0x0000000000000000        0xc ./Core/Src/sysmem.o
 .group         0x0000000000000000        0xc ./Core/Src/sysmem.o
 .group         0x0000000000000000        0xc ./Core/Src/sysmem.o
 .group         0x0000000000000000        0xc ./Core/Src/sysmem.o
 .group         0x0000000000000000        0xc ./Core/Src/sysmem.o
 .group         0x0000000000000000        0xc ./Core/Src/sysmem.o
 .group         0x0000000000000000        0xc ./Core/Src/sysmem.o
 .group         0x0000000000000000        0xc ./Core/Src/sysmem.o
 .group         0x0000000000000000        0xc ./Core/Src/sysmem.o
 .group         0x0000000000000000        0xc ./Core/Src/sysmem.o
 .group         0x0000000000000000        0xc ./Core/Src/sysmem.o
 .group         0x0000000000000000        0xc ./Core/Src/sysmem.o
 .group         0x0000000000000000        0xc ./Core/Src/sysmem.o
 .group         0x0000000000000000        0xc ./Core/Src/sysmem.o
 .group         0x0000000000000000        0xc ./Core/Src/sysmem.o
 .group         0x0000000000000000        0xc ./Core/Src/sysmem.o
 .group         0x0000000000000000        0xc ./Core/Src/sysmem.o
 .group         0x0000000000000000        0xc ./Core/Src/sysmem.o
 .group         0x0000000000000000        0xc ./Core/Src/sysmem.o
 .group         0x0000000000000000        0xc ./Core/Src/sysmem.o
 .group         0x0000000000000000        0xc ./Core/Src/sysmem.o
 .text          0x0000000000000000        0x0 ./Core/Src/sysmem.o
 .data          0x0000000000000000        0x0 ./Core/Src/sysmem.o
 .bss           0x0000000000000000        0x0 ./Core/Src/sysmem.o
 .bss.__sbrk_heap_end
                0x0000000000000000        0x4 ./Core/Src/sysmem.o
 .text._sbrk    0x0000000000000000       0x6c ./Core/Src/sysmem.o
 .debug_info    0x0000000000000000      0xa25 ./Core/Src/sysmem.o
 .debug_abbrev  0x0000000000000000      0x1bf ./Core/Src/sysmem.o
 .debug_aranges
                0x0000000000000000       0x20 ./Core/Src/sysmem.o
 .debug_ranges  0x0000000000000000       0x10 ./Core/Src/sysmem.o
 .debug_macro   0x0000000000000000       0xff ./Core/Src/sysmem.o
 .debug_macro   0x0000000000000000      0xa96 ./Core/Src/sysmem.o
 .debug_macro   0x0000000000000000       0x10 ./Core/Src/sysmem.o
 .debug_macro   0x0000000000000000       0x22 ./Core/Src/sysmem.o
 .debug_macro   0x0000000000000000       0x4c ./Core/Src/sysmem.o
 .debug_macro   0x0000000000000000       0x18 ./Core/Src/sysmem.o
 .debug_macro   0x0000000000000000       0x94 ./Core/Src/sysmem.o
 .debug_macro   0x0000000000000000       0x3c ./Core/Src/sysmem.o
 .debug_macro   0x0000000000000000       0x34 ./Core/Src/sysmem.o
 .debug_macro   0x0000000000000000      0x174 ./Core/Src/sysmem.o
 .debug_macro   0x0000000000000000       0x16 ./Core/Src/sysmem.o
 .debug_macro   0x0000000000000000       0x43 ./Core/Src/sysmem.o
 .debug_macro   0x0000000000000000       0x57 ./Core/Src/sysmem.o
 .debug_macro   0x0000000000000000       0x34 ./Core/Src/sysmem.o
 .debug_macro   0x0000000000000000       0x10 ./Core/Src/sysmem.o
 .debug_macro   0x0000000000000000       0x58 ./Core/Src/sysmem.o
 .debug_macro   0x0000000000000000       0x71 ./Core/Src/sysmem.o
 .debug_macro   0x0000000000000000       0x1c ./Core/Src/sysmem.o
 .debug_macro   0x0000000000000000      0x12a ./Core/Src/sysmem.o
 .debug_macro   0x0000000000000000      0x23b ./Core/Src/sysmem.o
 .debug_macro   0x0000000000000000      0x103 ./Core/Src/sysmem.o
 .debug_macro   0x0000000000000000       0x6a ./Core/Src/sysmem.o
 .debug_macro   0x0000000000000000      0x1df ./Core/Src/sysmem.o
 .debug_line    0x0000000000000000      0x4f8 ./Core/Src/sysmem.o
 .debug_str     0x0000000000000000     0x6232 ./Core/Src/sysmem.o
 .comment       0x0000000000000000       0x54 ./Core/Src/sysmem.o
 .debug_frame   0x0000000000000000       0x34 ./Core/Src/sysmem.o
 .ARM.attributes
                0x0000000000000000       0x2d ./Core/Src/sysmem.o
 .group         0x0000000000000000        0xc ./Core/Src/system_stm32f1xx.o
 .group         0x0000000000000000        0xc ./Core/Src/system_stm32f1xx.o
 .group         0x0000000000000000        0xc ./Core/Src/system_stm32f1xx.o
 .group         0x0000000000000000        0xc ./Core/Src/system_stm32f1xx.o
 .group         0x0000000000000000        0xc ./Core/Src/system_stm32f1xx.o
 .group         0x0000000000000000        0xc ./Core/Src/system_stm32f1xx.o
 .group         0x0000000000000000        0xc ./Core/Src/system_stm32f1xx.o
 .group         0x0000000000000000        0xc ./Core/Src/system_stm32f1xx.o
 .group         0x0000000000000000        0xc ./Core/Src/system_stm32f1xx.o
 .group         0x0000000000000000        0xc ./Core/Src/system_stm32f1xx.o
 .group         0x0000000000000000        0xc ./Core/Src/system_stm32f1xx.o
 .group         0x0000000000000000        0xc ./Core/Src/system_stm32f1xx.o
 .group         0x0000000000000000        0xc ./Core/Src/system_stm32f1xx.o
 .group         0x0000000000000000        0xc ./Core/Src/system_stm32f1xx.o
 .group         0x0000000000000000        0xc ./Core/Src/system_stm32f1xx.o
 .text          0x0000000000000000        0x0 ./Core/Src/system_stm32f1xx.o
 .data          0x0000000000000000        0x0 ./Core/Src/system_stm32f1xx.o
 .bss           0x0000000000000000        0x0 ./Core/Src/system_stm32f1xx.o
 .data.SystemCoreClock
                0x0000000000000000        0x4 ./Core/Src/system_stm32f1xx.o
 .rodata.AHBPrescTable
                0x0000000000000000       0x10 ./Core/Src/system_stm32f1xx.o
 .rodata.APBPrescTable
                0x0000000000000000        0x8 ./Core/Src/system_stm32f1xx.o
 .text.SystemCoreClockUpdate
                0x0000000000000000       0xe4 ./Core/Src/system_stm32f1xx.o
 .debug_macro   0x0000000000000000      0xa96 ./Core/Src/system_stm32f1xx.o
 .debug_macro   0x0000000000000000       0x2e ./Core/Src/system_stm32f1xx.o
 .debug_macro   0x0000000000000000       0x22 ./Core/Src/system_stm32f1xx.o
 .debug_macro   0x0000000000000000       0x22 ./Core/Src/system_stm32f1xx.o
 .debug_macro   0x0000000000000000       0x8e ./Core/Src/system_stm32f1xx.o
 .debug_macro   0x0000000000000000       0x51 ./Core/Src/system_stm32f1xx.o
 .debug_macro   0x0000000000000000      0x103 ./Core/Src/system_stm32f1xx.o
 .debug_macro   0x0000000000000000       0x6a ./Core/Src/system_stm32f1xx.o
 .debug_macro   0x0000000000000000      0x1df ./Core/Src/system_stm32f1xx.o
 .debug_macro   0x0000000000000000       0x1c ./Core/Src/system_stm32f1xx.o
 .debug_macro   0x0000000000000000       0x22 ./Core/Src/system_stm32f1xx.o
 .debug_macro   0x0000000000000000       0xc3 ./Core/Src/system_stm32f1xx.o
 .debug_macro   0x0000000000000000      0xd23 ./Core/Src/system_stm32f1xx.o
 .debug_macro   0x0000000000000000     0xe09e ./Core/Src/system_stm32f1xx.o
 .debug_macro   0x0000000000000000       0x6d ./Core/Src/system_stm32f1xx.o
 .text          0x0000000000000000       0x14 ./Core/Startup/startup_stm32f103c6tx.o
 .data          0x0000000000000000        0x0 ./Core/Startup/startup_stm32f103c6tx.o
 .bss           0x0000000000000000        0x0 ./Core/Startup/startup_stm32f103c6tx.o
 .text          0x0000000000000000        0x0 c:/st/stm32cubeide_1.7.0/stm32cubeide/plugins/com.st.stm32cube.ide.mcu.externaltools.gnu-tools-for-stm32.9-2020-q2-update.win32_2.0.0.202105311346/tools/bin/../lib/gcc/arm-none-eabi/9.3.1/../../../../arm-none-eabi/lib/thumb/v7-m/nofp\libc_nano.a(lib_a-errno.o)
 .data          0x0000000000000000        0x0 c:/st/stm32cubeide_1.7.0/stm32cubeide/plugins/com.st.stm32cube.ide.mcu.externaltools.gnu-tools-for-stm32.9-2020-q2-update.win32_2.0.0.202105311346/tools/bin/../lib/gcc/arm-none-eabi/9.3.1/../../../../arm-none-eabi/lib/thumb/v7-m/nofp\libc_nano.a(lib_a-errno.o)
 .bss           0x0000000000000000        0x0 c:/st/stm32cubeide_1.7.0/stm32cubeide/plugins/com.st.stm32cube.ide.mcu.externaltools.gnu-tools-for-stm32.9-2020-q2-update.win32_2.0.0.202105311346/tools/bin/../lib/gcc/arm-none-eabi/9.3.1/../../../../arm-none-eabi/lib/thumb/v7-m/nofp\libc_nano.a(lib_a-errno.o)
 .text.__errno  0x0000000000000000        0xc c:/st/stm32cubeide_1.7.0/stm32cubeide/plugins/com.st.stm32cube.ide.mcu.externaltools.gnu-tools-for-stm32.9-2020-q2-update.win32_2.0.0.202105311346/tools/bin/../lib/gcc/arm-none-eabi/9.3.1/../../../../arm-none-eabi/lib/thumb/v7-m/nofp\libc_nano.a(lib_a-errno.o)
 .debug_frame   0x0000000000000000       0x20 c:/st/stm32cubeide_1.7.0/stm32cubeide/plugins/com.st.stm32cube.ide.mcu.externaltools.gnu-tools-for-stm32.9-2020-q2-update.win32_2.0.0.202105311346/tools/bin/../lib/gcc/arm-none-eabi/9.3.1/../../../../arm-none-eabi/lib/thumb/v7-m/nofp\libc_nano.a(lib_a-errno.o)
 .ARM.attributes
                0x0000000000000000       0x2d c:/st/stm32cubeide_1.7.0/stm32cubeide/plugins/com.st.stm32cube.ide.mcu.externaltools.gnu-tools-for-stm32.9-2020-q2-update.win32_2.0.0.202105311346/tools/bin/../lib/gcc/arm-none-eabi/9.3.1/../../../../arm-none-eabi/lib/thumb/v7-m/nofp\libc_nano.a(lib_a-errno.o)
 .text          0x0000000000000000        0x0 c:/st/stm32cubeide_1.7.0/stm32cubeide/plugins/com.st.stm32cube.ide.mcu.externaltools.gnu-tools-for-stm32.9-2020-q2-update.win32_2.0.0.202105311346/tools/bin/../lib/gcc/arm-none-eabi/9.3.1/../../../../arm-none-eabi/lib/thumb/v7-m/nofp\libc_nano.a(lib_a-exit.o)
 .data          0x0000000000000000        0x0 c:/st/stm32cubeide_1.7.0/stm32cubeide/plugins/com.st.stm32cube.ide.mcu.externaltools.gnu-tools-for-stm32.9-2020-q2-update.win32_2.0.0.202105311346/tools/bin/../lib/gcc/arm-none-eabi/9.3.1/../../../../arm-none-eabi/lib/thumb/v7-m/nofp\libc_nano.a(lib_a-exit.o)
 .bss           0x0000000000000000        0x0 c:/st/stm32cubeide_1.7.0/stm32cubeide/plugins/com.st.stm32cube.ide.mcu.externaltools.gnu-tools-for-stm32.9-2020-q2-update.win32_2.0.0.202105311346/tools/bin/../lib/gcc/arm-none-eabi/9.3.1/../../../../arm-none-eabi/lib/thumb/v7-m/nofp\libc_nano.a(lib_a-exit.o)
 .text.exit     0x0000000000000000       0x28 c:/st/stm32cubeide_1.7.0/stm32cubeide/plugins/com.st.stm32cube.ide.mcu.externaltools.gnu-tools-for-stm32.9-2020-q2-update.win32_2.0.0.202105311346/tools/bin/../lib/gcc/arm-none-eabi/9.3.1/../../../../arm-none-eabi/lib/thumb/v7-m/nofp\libc_nano.a(lib_a-exit.o)
 .debug_frame   0x0000000000000000       0x28 c:/st/stm32cubeide_1.7.0/stm32cubeide/plugins/com.st.stm32cube.ide.mcu.externaltools.gnu-tools-for-stm32.9-2020-q2-update.win32_2.0.0.202105311346/tools/bin/../lib/gcc/arm-none-eabi/9.3.1/../../../../arm-none-eabi/lib/thumb/v7-m/nofp\libc_nano.a(lib_a-exit.o)
 .ARM.attributes
                0x0000000000000000       0x2d c:/st/stm32cubeide_1.7.0/stm32cubeide/plugins/com.st.stm32cube.ide.mcu.externaltools.gnu-tools-for-stm32.9-2020-q2-update.win32_2.0.0.202105311346/tools/bin/../lib/gcc/arm-none-eabi/9.3.1/../../../../arm-none-eabi/lib/thumb/v7-m/nofp\libc_nano.a(lib_a-exit.o)
 .text          0x0000000000000000        0x0 c:/st/stm32cubeide_1.7.0/stm32cubeide/plugins/com.st.stm32cube.ide.mcu.externaltools.gnu-tools-for-stm32.9-2020-q2-update.win32_2.0.0.202105311346/tools/bin/../lib/gcc/arm-none-eabi/9.3.1/../../../../arm-none-eabi/lib/thumb/v7-m/nofp\libc_nano.a(lib_a-impure.o)
 .data          0x0000000000000000        0x0 c:/st/stm32cubeide_1.7.0/stm32cubeide/plugins/com.st.stm32cube.ide.mcu.externaltools.gnu-tools-for-stm32.9-2020-q2-update.win32_2.0.0.202105311346/tools/bin/../lib/gcc/arm-none-eabi/9.3.1/../../../../arm-none-eabi/lib/thumb/v7-m/nofp\libc_nano.a(lib_a-impure.o)
 .bss           0x0000000000000000        0x0 c:/st/stm32cubeide_1.7.0/stm32cubeide/plugins/com.st.stm32cube.ide.mcu.externaltools.gnu-tools-for-stm32.9-2020-q2-update.win32_2.0.0.202105311346/tools/bin/../lib/gcc/arm-none-eabi/9.3.1/../../../../arm-none-eabi/lib/thumb/v7-m/nofp\libc_nano.a(lib_a-impure.o)
 .data._impure_ptr
                0x0000000000000000        0x4 c:/st/stm32cubeide_1.7.0/stm32cubeide/plugins/com.st.stm32cube.ide.mcu.externaltools.gnu-tools-for-stm32.9-2020-q2-update.win32_2.0.0.202105311346/tools/bin/../lib/gcc/arm-none-eabi/9.3.1/../../../../arm-none-eabi/lib/thumb/v7-m/nofp\libc_nano.a(lib_a-impure.o)
 .data.impure_data
                0x0000000000000000       0x60 c:/st/stm32cubeide_1.7.0/stm32cubeide/plugins/com.st.stm32cube.ide.mcu.externaltools.gnu-tools-for-stm32.9-2020-q2-update.win32_2.0.0.202105311346/tools/bin/../lib/gcc/arm-none-eabi/9.3.1/../../../../arm-none-eabi/lib/thumb/v7-m/nofp\libc_nano.a(lib_a-impure.o)
 .rodata._global_impure_ptr
                0x0000000000000000        0x4 c:/st/stm32cubeide_1.7.0/stm32cubeide/plugins/com.st.stm32cube.ide.mcu.externaltools.gnu-tools-for-stm32.9-2020-q2-update.win32_2.0.0.202105311346/tools/bin/../lib/gcc/arm-none-eabi/9.3.1/../../../../arm-none-eabi/lib/thumb/v7-m/nofp\libc_nano.a(lib_a-impure.o)
 .ARM.attributes
                0x0000000000000000       0x2d c:/st/stm32cubeide_1.7.0/stm32cubeide/plugins/com.st.stm32cube.ide.mcu.externaltools.gnu-tools-for-stm32.9-2020-q2-update.win32_2.0.0.202105311346/tools/bin/../lib/gcc/arm-none-eabi/9.3.1/../../../../arm-none-eabi/lib/thumb/v7-m/nofp\libc_nano.a(lib_a-impure.o)
 .text          0x0000000000000000        0x0 c:/st/stm32cubeide_1.7.0/stm32cubeide/plugins/com.st.stm32cube.ide.mcu.externaltools.gnu-tools-for-stm32.9-2020-q2-update.win32_2.0.0.202105311346/tools/bin/../lib/gcc/arm-none-eabi/9.3.1/../../../../arm-none-eabi/lib/thumb/v7-m/nofp\libc_nano.a(lib_a-init.o)
 .data          0x0000000000000000        0x0 c:/st/stm32cubeide_1.7.0/stm32cubeide/plugins/com.st.stm32cube.ide.mcu.externaltools.gnu-tools-for-stm32.9-2020-q2-update.win32_2.0.0.202105311346/tools/bin/../lib/gcc/arm-none-eabi/9.3.1/../../../../arm-none-eabi/lib/thumb/v7-m/nofp\libc_nano.a(lib_a-init.o)
 .bss           0x0000000000000000        0x0 c:/st/stm32cubeide_1.7.0/stm32cubeide/plugins/com.st.stm32cube.ide.mcu.externaltools.gnu-tools-for-stm32.9-2020-q2-update.win32_2.0.0.202105311346/tools/bin/../lib/gcc/arm-none-eabi/9.3.1/../../../../arm-none-eabi/lib/thumb/v7-m/nofp\libc_nano.a(lib_a-init.o)
 .text          0x0000000000000000        0x0 c:/st/stm32cubeide_1.7.0/stm32cubeide/plugins/com.st.stm32cube.ide.mcu.externaltools.gnu-tools-for-stm32.9-2020-q2-update.win32_2.0.0.202105311346/tools/bin/../lib/gcc/arm-none-eabi/9.3.1/../../../../arm-none-eabi/lib/thumb/v7-m/nofp\libc_nano.a(lib_a-memset.o)
 .data          0x0000000000000000        0x0 c:/st/stm32cubeide_1.7.0/stm32cubeide/plugins/com.st.stm32cube.ide.mcu.externaltools.gnu-tools-for-stm32.9-2020-q2-update.win32_2.0.0.202105311346/tools/bin/../lib/gcc/arm-none-eabi/9.3.1/../../../../arm-none-eabi/lib/thumb/v7-m/nofp\libc_nano.a(lib_a-memset.o)
 .bss           0x0000000000000000        0x0 c:/st/stm32cubeide_1.7.0/stm32cubeide/plugins/com.st.stm32cube.ide.mcu.externaltools.gnu-tools-for-stm32.9-2020-q2-update.win32_2.0.0.202105311346/tools/bin/../lib/gcc/arm-none-eabi/9.3.1/../../../../arm-none-eabi/lib/thumb/v7-m/nofp\libc_nano.a(lib_a-memset.o)
 .text.memset   0x0000000000000000       0x10 c:/st/stm32cubeide_1.7.0/stm32cubeide/plugins/com.st.stm32cube.ide.mcu.externaltools.gnu-tools-for-stm32.9-2020-q2-update.win32_2.0.0.202105311346/tools/bin/../lib/gcc/arm-none-eabi/9.3.1/../../../../arm-none-eabi/lib/thumb/v7-m/nofp\libc_nano.a(lib_a-memset.o)
 .debug_frame   0x0000000000000000       0x20 c:/st/stm32cubeide_1.7.0/stm32cubeide/plugins/com.st.stm32cube.ide.mcu.externaltools.gnu-tools-for-stm32.9-2020-q2-update.win32_2.0.0.202105311346/tools/bin/../lib/gcc/arm-none-eabi/9.3.1/../../../../arm-none-eabi/lib/thumb/v7-m/nofp\libc_nano.a(lib_a-memset.o)
 .ARM.attributes
                0x0000000000000000       0x2d c:/st/stm32cubeide_1.7.0/stm32cubeide/plugins/com.st.stm32cube.ide.mcu.externaltools.gnu-tools-for-stm32.9-2020-q2-update.win32_2.0.0.202105311346/tools/bin/../lib/gcc/arm-none-eabi/9.3.1/../../../../arm-none-eabi/lib/thumb/v7-m/nofp\libc_nano.a(lib_a-memset.o)
 .text          0x0000000000000000      0x168 c:/st/stm32cubeide_1.7.0/stm32cubeide/plugins/com.st.stm32cube.ide.mcu.externaltools.gnu-tools-for-stm32.9-2020-q2-update.win32_2.0.0.202105311346/tools/bin/../lib/gcc/arm-none-eabi/9.3.1/thumb/v7-m/nofp\libgcc.a(_arm_mulsf3.o)
 .data          0x0000000000000000        0x0 c:/st/stm32cubeide_1.7.0/stm32cubeide/plugins/com.st.stm32cube.ide.mcu.externaltools.gnu-tools-for-stm32.9-2020-q2-update.win32_2.0.0.202105311346/tools/bin/../lib/gcc/arm-none-eabi/9.3.1/thumb/v7-m/nofp\libgcc.a(_arm_mulsf3.o)
 .bss           0x0000000000000000        0x0 c:/st/stm32cubeide_1.7.0/stm32cubeide/plugins/com.st.stm32cube.ide.mcu.externaltools.gnu-tools-for-stm32.9-2020-q2-update.win32_2.0.0.202105311346/tools/bin/../lib/gcc/arm-none-eabi/9.3.1/thumb/v7-m/nofp\libgcc.a(_arm_mulsf3.o)
 .debug_frame   0x0000000000000000       0x24 c:/st/stm32cubeide_1.7.0/stm32cubeide/plugins/com.st.stm32cube.ide.mcu.externaltools.gnu-tools-for-stm32.9-2020-q2-update.win32_2.0.0.202105311346/tools/bin/../lib/gcc/arm-none-eabi/9.3.1/thumb/v7-m/nofp\libgcc.a(_arm_mulsf3.o)
 .ARM.attributes
                0x0000000000000000       0x1d c:/st/stm32cubeide_1.7.0/stm32cubeide/plugins/com.st.stm32cube.ide.mcu.externaltools.gnu-tools-for-stm32.9-2020-q2-update.win32_2.0.0.202105311346/tools/bin/../lib/gcc/arm-none-eabi/9.3.1/thumb/v7-m/nofp\libgcc.a(_arm_mulsf3.o)
 .data          0x0000000000000000        0x0 c:/st/stm32cubeide_1.7.0/stm32cubeide/plugins/com.st.stm32cube.ide.mcu.externaltools.gnu-tools-for-stm32.9-2020-q2-update.win32_2.0.0.202105311346/tools/bin/../lib/gcc/arm-none-eabi/9.3.1/thumb/v7-m/nofp\libgcc.a(_arm_addsubsf3.o)
 .bss           0x0000000000000000        0x0 c:/st/stm32cubeide_1.7.0/stm32cubeide/plugins/com.st.stm32cube.ide.mcu.externaltools.gnu-tools-for-stm32.9-2020-q2-update.win32_2.0.0.202105311346/tools/bin/../lib/gcc/arm-none-eabi/9.3.1/thumb/v7-m/nofp\libgcc.a(_arm_addsubsf3.o)
 .data          0x0000000000000000        0x0 c:/st/stm32cubeide_1.7.0/stm32cubeide/plugins/com.st.stm32cube.ide.mcu.externaltools.gnu-tools-for-stm32.9-2020-q2-update.win32_2.0.0.202105311346/tools/bin/../lib/gcc/arm-none-eabi/9.3.1/thumb/v7-m/nofp\libgcc.a(_arm_muldivsf3.o)
 .bss           0x0000000000000000        0x0 c:/st/stm32cubeide_1.7.0/stm32cubeide/plugins/com.st.stm32cube.ide.mcu.externaltools.gnu-tools-for-stm32.9-2020-q2-update.win32_2.0.0.202105311346/tools/bin/../lib/gcc/arm-none-eabi/9.3.1/thumb/v7-m/nofp\libgcc.a(_arm_muldivsf3.o)
 .text          0x0000000000000000        0x0 c:/st/stm32cubeide_1.7.0/stm32cubeide/plugins/com.st.stm32cube.ide.mcu.externaltools.gnu-tools-for-stm32.9-2020-q2-update.win32_2.0.0.202105311346/tools/bin/../lib/gcc/arm-none-eabi/9.3.1/thumb/v7-m/nofp/crtend.o
 .data          0x0000000000000000        0x0 c:/st/stm32cubeide_1.7.0/stm32cubeide/plugins/com.st.stm32cube.ide.mcu.externaltools.gnu-tools-for-stm32.9-2020-q2-update.win32_2.0.0.202105311346/tools/bin/../lib/gcc/arm-none-eabi/9.3.1/thumb/v7-m/nofp/crtend.o
 .bss           0x0000000000000000        0x0 c:/st/stm32cubeide_1.7.0/stm32cubeide/plugins/com.st.stm32cube.ide.mcu.externaltools.gnu-tools-for-stm32.9-2020-q2-update.win32_2.0.0.202105311346/tools/bin/../lib/gcc/arm-none-eabi/9.3.1/thumb/v7-m/nofp/crtend.o
 .eh_frame      0x0000000000000000        0x4 c:/st/stm32cubeide_1.7.0/stm32cubeide/plugins/com.st.stm32cube.ide.mcu.externaltools.gnu-tools-for-stm32.9-2020-q2-update.win32_2.0.0.202105311346/tools/bin/../lib/gcc/arm-none-eabi/9.3.1/thumb/v7-m/nofp/crtend.o
 .ARM.attributes
                0x0000000000000000       0x2d c:/st/stm32cubeide_1.7.0/stm32cubeide/plugins/com.st.stm32cube.ide.mcu.externaltools.gnu-tools-for-stm32.9-2020-q2-update.win32_2.0.0.202105311346/tools/bin/../lib/gcc/arm-none-eabi/9.3.1/thumb/v7-m/nofp/crtend.o
 .text          0x0000000000000000        0x0 c:/st/stm32cubeide_1.7.0/stm32cubeide/plugins/com.st.stm32cube.ide.mcu.externaltools.gnu-tools-for-stm32.9-2020-q2-update.win32_2.0.0.202105311346/tools/bin/../lib/gcc/arm-none-eabi/9.3.1/thumb/v7-m/nofp/crtn.o
 .data          0x0000000000000000        0x0 c:/st/stm32cubeide_1.7.0/stm32cubeide/plugins/com.st.stm32cube.ide.mcu.externaltools.gnu-tools-for-stm32.9-2020-q2-update.win32_2.0.0.202105311346/tools/bin/../lib/gcc/arm-none-eabi/9.3.1/thumb/v7-m/nofp/crtn.o
 .bss           0x0000000000000000        0x0 c:/st/stm32cubeide_1.7.0/stm32cubeide/plugins/com.st.stm32cube.ide.mcu.externaltools.gnu-tools-for-stm32.9-2020-q2-update.win32_2.0.0.202105311346/tools/bin/../lib/gcc/arm-none-eabi/9.3.1/thumb/v7-m/nofp/crtn.o

Memory Configuration

Name             Origin             Length             Attributes
RAM              0x0000000020000000 0x0000000000002800 xrw
FLASH            0x0000000008000000 0x0000000000008000 xr
*default*        0x0000000000000000 0xffffffffffffffff

Linker script and memory map

LOAD c:/st/stm32cubeide_1.7.0/stm32cubeide/plugins/com.st.stm32cube.ide.mcu.externaltools.gnu-tools-for-stm32.9-2020-q2-update.win32_2.0.0.202105311346/tools/bin/../lib/gcc/arm-none-eabi/9.3.1/thumb/v7-m/nofp/crti.o
LOAD c:/st/stm32cubeide_1.7.0/stm32cubeide/plugins/com.st.stm32cube.ide.mcu.externaltools.gnu-tools-for-stm32.9-2020-q2-update.win32_2.0.0.202105311346/tools/bin/../lib/gcc/arm-none-eabi/9.3.1/thumb/v7-m/nofp/crtbegin.o
LOAD c:/st/stm32cubeide_1.7.0/stm32cubeide/plugins/com.st.stm32cube.ide.mcu.externaltools.gnu-tools-for-stm32.9-2020-q2-update.win32_2.0.0.202105311346/tools/bin/../lib/gcc/arm-none-eabi/9.3.1/../../../../arm-none-eabi/lib/thumb/v7-m/nofp/crt0.o
LOAD ./Core/Src/HDC1080.o
LOAD ./Core/Src/MQTT.o
LOAD ./Core/Src/SoftwareTimer.o
LOAD ./Core/Src/gpio.o
LOAD ./Core/Src/main.o
LOAD ./Core/Src/mh19z.o
LOAD ./Core/Src/stm32f103xx_CMSIS.o
LOAD ./Core/Src/stm32f103xx_it.o
LOAD ./Core/Src/syscalls.o
LOAD ./Core/Src/sysmem.o
LOAD ./Core/Src/system_stm32f1xx.o
LOAD ./Core/Startup/startup_stm32f103c6tx.o
START GROUP
LOAD c:/st/stm32cubeide_1.7.0/stm32cubeide/plugins/com.st.stm32cube.ide.mcu.externaltools.gnu-tools-for-stm32.9-2020-q2-update.win32_2.0.0.202105311346/tools/bin/../lib/gcc/arm-none-eabi/9.3.1/../../../../arm-none-eabi/lib/thumb/v7-m/nofp\libc_nano.a
LOAD c:/st/stm32cubeide_1.7.0/stm32cubeide/plugins/com.st.stm32cube.ide.mcu.externaltools.gnu-tools-for-stm32.9-2020-q2-update.win32_2.0.0.202105311346/tools/bin/../lib/gcc/arm-none-eabi/9.3.1/../../../../arm-none-eabi/lib/thumb/v7-m/nofp\libm.a
END GROUP
START GROUP
LOAD c:/st/stm32cubeide_1.7.0/stm32cubeide/plugins/com.st.stm32cube.ide.mcu.externaltools.gnu-tools-for-stm32.9-2020-q2-update.win32_2.0.0.202105311346/tools/bin/../lib/gcc/arm-none-eabi/9.3.1/thumb/v7-m/nofp\libgcc.a
LOAD c:/st/stm32cubeide_1.7.0/stm32cubeide/plugins/com.st.stm32cube.ide.mcu.externaltools.gnu-tools-for-stm32.9-2020-q2-update.win32_2.0.0.202105311346/tools/bin/../lib/gcc/arm-none-eabi/9.3.1/../../../../arm-none-eabi/lib/thumb/v7-m/nofp\libc_nano.a
END GROUP
START GROUP
LOAD c:/st/stm32cubeide_1.7.0/stm32cubeide/plugins/com.st.stm32cube.ide.mcu.externaltools.gnu-tools-for-stm32.9-2020-q2-update.win32_2.0.0.202105311346/tools/bin/../lib/gcc/arm-none-eabi/9.3.1/thumb/v7-m/nofp\libgcc.a
LOAD c:/st/stm32cubeide_1.7.0/stm32cubeide/plugins/com.st.stm32cube.ide.mcu.externaltools.gnu-tools-for-stm32.9-2020-q2-update.win32_2.0.0.202105311346/tools/bin/../lib/gcc/arm-none-eabi/9.3.1/../../../../arm-none-eabi/lib/thumb/v7-m/nofp\libc_nano.a
LOAD c:/st/stm32cubeide_1.7.0/stm32cubeide/plugins/com.st.stm32cube.ide.mcu.externaltools.gnu-tools-for-stm32.9-2020-q2-update.win32_2.0.0.202105311346/tools/bin/../lib/gcc/arm-none-eabi/9.3.1/../../../../arm-none-eabi/lib/thumb/v7-m/nofp\libnosys.a
END GROUP
START GROUP
LOAD c:/st/stm32cubeide_1.7.0/stm32cubeide/plugins/com.st.stm32cube.ide.mcu.externaltools.gnu-tools-for-stm32.9-2020-q2-update.win32_2.0.0.202105311346/tools/bin/../lib/gcc/arm-none-eabi/9.3.1/thumb/v7-m/nofp\libgcc.a
LOAD c:/st/stm32cubeide_1.7.0/stm32cubeide/plugins/com.st.stm32cube.ide.mcu.externaltools.gnu-tools-for-stm32.9-2020-q2-update.win32_2.0.0.202105311346/tools/bin/../lib/gcc/arm-none-eabi/9.3.1/../../../../arm-none-eabi/lib/thumb/v7-m/nofp\libc_nano.a
LOAD c:/st/stm32cubeide_1.7.0/stm32cubeide/plugins/com.st.stm32cube.ide.mcu.externaltools.gnu-tools-for-stm32.9-2020-q2-update.win32_2.0.0.202105311346/tools/bin/../lib/gcc/arm-none-eabi/9.3.1/../../../../arm-none-eabi/lib/thumb/v7-m/nofp\libnosys.a
END GROUP
LOAD c:/st/stm32cubeide_1.7.0/stm32cubeide/plugins/com.st.stm32cube.ide.mcu.externaltools.gnu-tools-for-stm32.9-2020-q2-update.win32_2.0.0.202105311346/tools/bin/../lib/gcc/arm-none-eabi/9.3.1/thumb/v7-m/nofp/crtend.o
LOAD c:/st/stm32cubeide_1.7.0/stm32cubeide/plugins/com.st.stm32cube.ide.mcu.externaltools.gnu-tools-for-stm32.9-2020-q2-update.win32_2.0.0.202105311346/tools/bin/../lib/gcc/arm-none-eabi/9.3.1/thumb/v7-m/nofp/crtn.o
                0x0000000020002800                _estack = (ORIGIN (RAM) + LENGTH (RAM))
                0x0000000000000100                _Min_Heap_Size = 0x100
                0x0000000000000200                _Min_Stack_Size = 0x200

.isr_vector     0x0000000008000000      0x10c
                0x0000000008000000                . = ALIGN (0x4)
 *(.isr_vector)
 .isr_vector    0x0000000008000000      0x10c ./Core/Startup/startup_stm32f103c6tx.o
                0x0000000008000000                g_pfnVectors
                0x000000000800010c                . = ALIGN (0x4)

.text           0x000000000800010c     0x2190
                0x000000000800010c                . = ALIGN (0x4)
 *(.text)
 .text          0x000000000800010c       0x40 c:/st/stm32cubeide_1.7.0/stm32cubeide/plugins/com.st.stm32cube.ide.mcu.externaltools.gnu-tools-for-stm32.9-2020-q2-update.win32_2.0.0.202105311346/tools/bin/../lib/gcc/arm-none-eabi/9.3.1/thumb/v7-m/nofp/crtbegin.o
 .text          0x000000000800014c      0x21c c:/st/stm32cubeide_1.7.0/stm32cubeide/plugins/com.st.stm32cube.ide.mcu.externaltools.gnu-tools-for-stm32.9-2020-q2-update.win32_2.0.0.202105311346/tools/bin/../lib/gcc/arm-none-eabi/9.3.1/thumb/v7-m/nofp\libgcc.a(_arm_addsubsf3.o)
                0x000000000800014c                __aeabi_frsub
                0x0000000008000154                __subsf3
                0x0000000008000154                __aeabi_fsub
                0x0000000008000158                __aeabi_fadd
                0x0000000008000158                __addsf3
                0x00000000080002b8                __aeabi_ui2f
                0x00000000080002b8                __floatunsisf
                0x00000000080002c0                __aeabi_i2f
                0x00000000080002c0                __floatsisf
                0x00000000080002dc                __aeabi_ul2f
                0x00000000080002dc                __floatundisf
                0x00000000080002ec                __aeabi_l2f
                0x00000000080002ec                __floatdisf
 .text          0x0000000008000368      0x2a0 c:/st/stm32cubeide_1.7.0/stm32cubeide/plugins/com.st.stm32cube.ide.mcu.externaltools.gnu-tools-for-stm32.9-2020-q2-update.win32_2.0.0.202105311346/tools/bin/../lib/gcc/arm-none-eabi/9.3.1/thumb/v7-m/nofp\libgcc.a(_arm_muldivsf3.o)
                0x0000000008000368                __mulsf3
                0x0000000008000368                __aeabi_fmul
                0x00000000080004d0                __aeabi_fdiv
                0x00000000080004d0                __divsf3
 *(.text*)
 .text.HDC1080_init
                0x0000000008000608       0xac ./Core/Src/HDC1080.o
                0x0000000008000608                HDC1080_init
 .text.UART_MQTT_Check_net
                0x00000000080006b4      0x17c ./Core/Src/MQTT.o
                0x00000000080006b4                UART_MQTT_Check_net
 .text.UART_MQTT_Checksumm_validation
                0x0000000008000830       0x96 ./Core/Src/MQTT.o
                0x0000000008000830                UART_MQTT_Checksumm_validation
 *fill*         0x00000000080008c6        0x2 
 .text.UART_MQTT_Send_data_uint16_t
                0x00000000080008c8       0xd0 ./Core/Src/MQTT.o
                0x00000000080008c8                UART_MQTT_Send_data_uint16_t
 .text.UART_MQTT_Send_data_float
                0x0000000008000998       0xdc ./Core/Src/MQTT.o
                0x0000000008000998                UART_MQTT_Send_data_float
 .text.Software_timer
                0x0000000008000a74       0x1a ./Core/Src/SoftwareTimer.o
                0x0000000008000a74                Software_timer
 .text.Software_timer_check
                0x0000000008000a8e       0x2a ./Core/Src/SoftwareTimer.o
                0x0000000008000a8e                Software_timer_check
 .text.GPIO_init
                0x0000000008000ab8       0x68 ./Core/Src/gpio.o
                0x0000000008000ab8                GPIO_init
 .text.ESP8266_Reset
                0x0000000008000b20       0x2c ./Core/Src/gpio.o
                0x0000000008000b20                ESP8266_Reset
 .text.LED_Indication_Test
                0x0000000008000b4c       0xdc ./Core/Src/gpio.o
                0x0000000008000b4c                LED_Indication_Test
 .text.Task1_MH_Z19_Polling
                0x0000000008000c28       0x34 ./Core/Src/main.o
                0x0000000008000c28                Task1_MH_Z19_Polling
 .text.Task2_HDC1080_Polling
                0x0000000008000c5c      0x148 ./Core/Src/main.o
                0x0000000008000c5c                Task2_HDC1080_Polling
 .text.Task3_MQTT_Send
                0x0000000008000da4       0x84 ./Core/Src/main.o
                0x0000000008000da4                Task3_MQTT_Send
 .text.main     0x0000000008000e28      0x104 ./Core/Src/main.o
                0x0000000008000e28                main
 .text.CRC8_MH_Z19_Check
                0x0000000008000f2c       0x5c ./Core/Src/mh19z.o
                0x0000000008000f2c                CRC8_MH_Z19_Check
 .text.__NVIC_EnableIRQ
                0x0000000008000f88       0x38 ./Core/Src/stm32f103xx_CMSIS.o
 .text.__NVIC_SetPriority
                0x0000000008000fc0       0x54 ./Core/Src/stm32f103xx_CMSIS.o
 .text.CMSIS_Debug_init
                0x0000000008001014       0x5c ./Core/Src/stm32f103xx_CMSIS.o
                0x0000000008001014                CMSIS_Debug_init
 .text.CMSIS_RCC_SystemClock_72MHz
                0x0000000008001070      0x12c ./Core/Src/stm32f103xx_CMSIS.o
                0x0000000008001070                CMSIS_RCC_SystemClock_72MHz
 .text.CMSIS_SysTick_Timer_init
                0x000000000800119c       0x74 ./Core/Src/stm32f103xx_CMSIS.o
                0x000000000800119c                CMSIS_SysTick_Timer_init
 .text.Delay_ms
                0x0000000008001210       0x28 ./Core/Src/stm32f103xx_CMSIS.o
                0x0000000008001210                Delay_ms
 .text.CMSIS_GPIO_MODE_Set
                0x0000000008001238       0x86 ./Core/Src/stm32f103xx_CMSIS.o
 .text.CMSIS_GPIO_SPEED_Set
                0x00000000080012be       0x7a ./Core/Src/stm32f103xx_CMSIS.o
 .text.CMSIS_GPIO_CNF_Set
                0x0000000008001338       0x6c ./Core/Src/stm32f103xx_CMSIS.o
 .text.CMSIS_GPIO_Reg_Set
                0x00000000080013a4      0x108 ./Core/Src/stm32f103xx_CMSIS.o
 .text.CMSIS_GPIO_init
                0x00000000080014ac      0x110 ./Core/Src/stm32f103xx_CMSIS.o
                0x00000000080014ac                CMSIS_GPIO_init
 .text.EXTI0_IRQHandler
                0x00000000080015bc       0x1c ./Core/Src/stm32f103xx_CMSIS.o
                0x00000000080015bc                EXTI0_IRQHandler
 .text.CMSIS_TIM3_init
                0x00000000080015d8       0xb4 ./Core/Src/stm32f103xx_CMSIS.o
                0x00000000080015d8                CMSIS_TIM3_init
 .text.ADC1_2_IRQHandler
                0x000000000800168c       0x20 ./Core/Src/stm32f103xx_CMSIS.o
                0x000000000800168c                ADC1_2_IRQHandler
 .text.DMA1_Channel1_IRQHandler
                0x00000000080016ac       0x44 ./Core/Src/stm32f103xx_CMSIS.o
                0x00000000080016ac                DMA1_Channel1_IRQHandler
 .text.CMSIS_USART1_Init
                0x00000000080016f0      0x15c ./Core/Src/stm32f103xx_CMSIS.o
                0x00000000080016f0                CMSIS_USART1_Init
 .text.CMSIS_USART2_Init
                0x000000000800184c      0x15c ./Core/Src/stm32f103xx_CMSIS.o
                0x000000000800184c                CMSIS_USART2_Init
 .text.CMSIS_USART_Transmit
                0x00000000080019a8       0x64 ./Core/Src/stm32f103xx_CMSIS.o
                0x00000000080019a8                CMSIS_USART_Transmit
 .text.CMSIS_I2C_Reset
                0x0000000008001a0c       0x48 ./Core/Src/stm32f103xx_CMSIS.o
                0x0000000008001a0c                CMSIS_I2C_Reset
 .text.CMSIS_I2C1_Init
                0x0000000008001a54      0x19c ./Core/Src/stm32f103xx_CMSIS.o
                0x0000000008001a54                CMSIS_I2C1_Init
 .text.CMSIS_I2C_Data_Transmit
                0x0000000008001bf0      0x194 ./Core/Src/stm32f103xx_CMSIS.o
                0x0000000008001bf0                CMSIS_I2C_Data_Transmit
 .text.CMSIS_I2C_Data_Receive
                0x0000000008001d84      0x1d4 ./Core/Src/stm32f103xx_CMSIS.o
                0x0000000008001d84                CMSIS_I2C_Data_Receive
 .text.USART1_IRQHandler
                0x0000000008001f58       0x84 ./Core/Src/stm32f103xx_it.o
                0x0000000008001f58                USART1_IRQHandler
 .text.USART2_IRQHandler
                0x0000000008001fdc       0x7c ./Core/Src/stm32f103xx_it.o
                0x0000000008001fdc                USART2_IRQHandler
 .text.SysTick_Handler
                0x0000000008002058      0x10c ./Core/Src/stm32f103xx_it.o
                0x0000000008002058                SysTick_Handler
 .text.TIM3_IRQHandler
                0x0000000008002164       0x80 ./Core/Src/stm32f103xx_it.o
                0x0000000008002164                TIM3_IRQHandler
 .text.SystemInit
                0x00000000080021e4        0xc ./Core/Src/system_stm32f1xx.o
                0x00000000080021e4                SystemInit
 .text.Reset_Handler
                0x00000000080021f0       0x48 ./Core/Startup/startup_stm32f103c6tx.o
                0x00000000080021f0                Reset_Handler
 .text.Default_Handler
                0x0000000008002238        0x2 ./Core/Startup/startup_stm32f103c6tx.o
                0x0000000008002238                RTC_Alarm_IRQHandler
                0x0000000008002238                EXTI2_IRQHandler
                0x0000000008002238                DebugMon_Handler
                0x0000000008002238                TIM1_CC_IRQHandler
                0x0000000008002238                HardFault_Handler
                0x0000000008002238                PVD_IRQHandler
                0x0000000008002238                PendSV_Handler
                0x0000000008002238                NMI_Handler
                0x0000000008002238                EXTI3_IRQHandler
                0x0000000008002238                UsageFault_Handler
                0x0000000008002238                SPI1_IRQHandler
                0x0000000008002238                TAMPER_IRQHandler
                0x0000000008002238                DMA1_Channel4_IRQHandler
                0x0000000008002238                RTC_IRQHandler
                0x0000000008002238                DMA1_Channel7_IRQHandler
                0x0000000008002238                CAN1_RX1_IRQHandler
                0x0000000008002238                I2C1_EV_IRQHandler
                0x0000000008002238                DMA1_Channel6_IRQHandler
                0x0000000008002238                RCC_IRQHandler
                0x0000000008002238                TIM1_TRG_COM_IRQHandler
                0x0000000008002238                Default_Handler
                0x0000000008002238                EXTI15_10_IRQHandler
                0x0000000008002238                EXTI9_5_IRQHandler
                0x0000000008002238                MemManage_Handler
                0x0000000008002238                SVC_Handler
                0x0000000008002238                DMA1_Channel5_IRQHandler
                0x0000000008002238                EXTI4_IRQHandler
                0x0000000008002238                USB_LP_CAN1_RX0_IRQHandler
                0x0000000008002238                USB_HP_CAN1_TX_IRQHandler
                0x0000000008002238                DMA1_Channel3_IRQHandler
                0x0000000008002238                TIM1_UP_IRQHandler
                0x0000000008002238                WWDG_IRQHandler
                0x0000000008002238                TIM2_IRQHandler
                0x0000000008002238                TIM1_BRK_IRQHandler
                0x0000000008002238                EXTI1_IRQHandler
                0x0000000008002238                DMA1_Channel2_IRQHandler
                0x0000000008002238                CAN1_SCE_IRQHandler
                0x0000000008002238                FLASH_IRQHandler
                0x0000000008002238                BusFault_Handler
                0x0000000008002238                I2C1_ER_IRQHandler
                0x0000000008002238                USBWakeUp_IRQHandler
 *fill*         0x000000000800223a        0x2 
 .text.__libc_init_array
                0x000000000800223c       0x48 c:/st/stm32cubeide_1.7.0/stm32cubeide/plugins/com.st.stm32cube.ide.mcu.externaltools.gnu-tools-for-stm32.9-2020-q2-update.win32_2.0.0.202105311346/tools/bin/../lib/gcc/arm-none-eabi/9.3.1/../../../../arm-none-eabi/lib/thumb/v7-m/nofp\libc_nano.a(lib_a-init.o)
                0x000000000800223c                __libc_init_array
 *(.glue_7)
 .glue_7        0x0000000008002284        0x0 linker stubs
 *(.glue_7t)
 .glue_7t       0x0000000008002284        0x0 linker stubs
 *(.eh_frame)
 .eh_frame      0x0000000008002284        0x0 c:/st/stm32cubeide_1.7.0/stm32cubeide/plugins/com.st.stm32cube.ide.mcu.externaltools.gnu-tools-for-stm32.9-2020-q2-update.win32_2.0.0.202105311346/tools/bin/../lib/gcc/arm-none-eabi/9.3.1/thumb/v7-m/nofp/crtbegin.o
 *(.init)
 .init          0x0000000008002284        0x4 c:/st/stm32cubeide_1.7.0/stm32cubeide/plugins/com.st.stm32cube.ide.mcu.externaltools.gnu-tools-for-stm32.9-2020-q2-update.win32_2.0.0.202105311346/tools/bin/../lib/gcc/arm-none-eabi/9.3.1/thumb/v7-m/nofp/crti.o
                0x0000000008002284                _init
 .init          0x0000000008002288        0x8 c:/st/stm32cubeide_1.7.0/stm32cubeide/plugins/com.st.stm32cube.ide.mcu.externaltools.gnu-tools-for-stm32.9-2020-q2-update.win32_2.0.0.202105311346/tools/bin/../lib/gcc/arm-none-eabi/9.3.1/thumb/v7-m/nofp/crtn.o
 *(.fini)
 .fini          0x0000000008002290        0x4 c:/st/stm32cubeide_1.7.0/stm32cubeide/plugins/com.st.stm32cube.ide.mcu.externaltools.gnu-tools-for-stm32.9-2020-q2-update.win32_2.0.0.202105311346/tools/bin/../lib/gcc/arm-none-eabi/9.3.1/thumb/v7-m/nofp/crti.o
                0x0000000008002290                _fini
 .fini          0x0000000008002294        0x8 c:/st/stm32cubeide_1.7.0/stm32cubeide/plugins/com.st.stm32cube.ide.mcu.externaltools.gnu-tools-for-stm32.9-2020-q2-update.win32_2.0.0.202105311346/tools/bin/../lib/gcc/arm-none-eabi/9.3.1/thumb/v7-m/nofp/crtn.o
                0x000000000800229c                . = ALIGN (0x4)
                0x000000000800229c                _etext = .

.vfp11_veneer   0x000000000800229c        0x0
 .vfp11_veneer  0x000000000800229c        0x0 linker stubs

.v4_bx          0x000000000800229c        0x0
 .v4_bx         0x000000000800229c        0x0 linker stubs

.iplt           0x000000000800229c        0x0
 .iplt          0x000000000800229c        0x0 c:/st/stm32cubeide_1.7.0/stm32cubeide/plugins/com.st.stm32cube.ide.mcu.externaltools.gnu-tools-for-stm32.9-2020-q2-update.win32_2.0.0.202105311346/tools/bin/../lib/gcc/arm-none-eabi/9.3.1/thumb/v7-m/nofp/crtbegin.o

.rel.dyn        0x000000000800229c        0x0
 .rel.iplt      0x000000000800229c        0x0 c:/st/stm32cubeide_1.7.0/stm32cubeide/plugins/com.st.stm32cube.ide.mcu.externaltools.gnu-tools-for-stm32.9-2020-q2-update.win32_2.0.0.202105311346/tools/bin/../lib/gcc/arm-none-eabi/9.3.1/thumb/v7-m/nofp/crtbegin.o

.rodata         0x000000000800229c        0x0
                0x000000000800229c                . = ALIGN (0x4)
 *(.rodata)
 *(.rodata*)
                0x000000000800229c                . = ALIGN (0x4)

.ARM.extab      0x000000000800229c        0x0
                0x000000000800229c                . = ALIGN (0x4)
 *(.ARM.extab* .gnu.linkonce.armextab.*)
                0x000000000800229c                . = ALIGN (0x4)

.ARM            0x000000000800229c        0x0
                0x000000000800229c                . = ALIGN (0x4)
                0x000000000800229c                __exidx_start = .
 *(.ARM.exidx*)
                0x000000000800229c                __exidx_end = .
                0x000000000800229c                . = ALIGN (0x4)

.preinit_array  0x000000000800229c        0x0
                0x000000000800229c                . = ALIGN (0x4)
                0x000000000800229c                PROVIDE (__preinit_array_start = .)
 *(.preinit_array*)
                0x000000000800229c                PROVIDE (__preinit_array_end = .)
                0x000000000800229c                . = ALIGN (0x4)

.init_array     0x000000000800229c        0x4
                0x000000000800229c                . = ALIGN (0x4)
                0x000000000800229c                PROVIDE (__init_array_start = .)
 *(SORT_BY_NAME(.init_array.*))
 *(.init_array*)
 .init_array    0x000000000800229c        0x4 c:/st/stm32cubeide_1.7.0/stm32cubeide/plugins/com.st.stm32cube.ide.mcu.externaltools.gnu-tools-for-stm32.9-2020-q2-update.win32_2.0.0.202105311346/tools/bin/../lib/gcc/arm-none-eabi/9.3.1/thumb/v7-m/nofp/crtbegin.o
                0x00000000080022a0                PROVIDE (__init_array_end = .)
                0x00000000080022a0                . = ALIGN (0x4)

.fini_array     0x00000000080022a0        0x4
                0x00000000080022a0                . = ALIGN (0x4)
                [!provide]                        PROVIDE (__fini_array_start = .)
 *(SORT_BY_NAME(.fini_array.*))
 *(.fini_array*)
 .fini_array    0x00000000080022a0        0x4 c:/st/stm32cubeide_1.7.0/stm32cubeide/plugins/com.st.stm32cube.ide.mcu.externaltools.gnu-tools-for-stm32.9-2020-q2-update.win32_2.0.0.202105311346/tools/bin/../lib/gcc/arm-none-eabi/9.3.1/thumb/v7-m/nofp/crtbegin.o
                [!provide]                        PROVIDE (__fini_array_end = .)
                0x00000000080022a4                . = ALIGN (0x4)
                0x00000000080022a4                _sidata = LOADADDR (.data)

.data           0x0000000020000000        0xc load address 0x00000000080022a4
                0x0000000020000000                . = ALIGN (0x4)
                0x0000000020000000                _sdata = .
 *(.data)
 *(.data*)
 .data.USART1_tx_buffer
                0x0000000020000000        0x9 ./Core/Src/main.o
                0x0000000020000000                USART1_tx_buffer
 *(.RamFunc)
 *(.RamFunc*)
                0x000000002000000c                . = ALIGN (0x4)
 *fill*         0x0000000020000009        0x3 
                0x000000002000000c                _edata = .

.igot.plt       0x000000002000000c        0x0 load address 0x00000000080022b0
 .igot.plt      0x000000002000000c        0x0 c:/st/stm32cubeide_1.7.0/stm32cubeide/plugins/com.st.stm32cube.ide.mcu.externaltools.gnu-tools-for-stm32.9-2020-q2-update.win32_2.0.0.202105311346/tools/bin/../lib/gcc/arm-none-eabi/9.3.1/thumb/v7-m/nofp/crtbegin.o
                0x000000002000000c                . = ALIGN (0x4)

.bss            0x000000002000000c       0xb0 load address 0x00000000080022b0
                0x000000002000000c                _sbss = .
                0x000000002000000c                __bss_start__ = _sbss
 *(.bss)
 .bss           0x000000002000000c       0x1c c:/st/stm32cubeide_1.7.0/stm32cubeide/plugins/com.st.stm32cube.ide.mcu.externaltools.gnu-tools-for-stm32.9-2020-q2-update.win32_2.0.0.202105311346/tools/bin/../lib/gcc/arm-none-eabi/9.3.1/thumb/v7-m/nofp/crtbegin.o
 *(.bss*)
 .bss.I2C1_tx_buffer
                0x0000000020000028        0x4 ./Core/Src/HDC1080.o
                0x0000000020000028                I2C1_tx_buffer
 .bss.I2C1_rx_buffer
                0x000000002000002c        0xa ./Core/Src/HDC1080.o
                0x000000002000002c                I2C1_rx_buffer
 .bss.NETWORK_Status
                0x0000000020000036        0x1 ./Core/Src/MQTT.o
                0x0000000020000036                NETWORK_Status
 .bss.MH19Z_data_ready
                0x0000000020000037        0x1 ./Core/Src/main.o
                0x0000000020000037                MH19Z_data_ready
 .bss.HDC1080_data_ready
                0x0000000020000038        0x1 ./Core/Src/main.o
                0x0000000020000038                HDC1080_data_ready
 *fill*         0x0000000020000039        0x3 
 .bss.USART2_tx_buffer
                0x000000002000003c       0x14 ./Core/Src/main.o
                0x000000002000003c                USART2_tx_buffer
 .bss.Task1     0x0000000020000050        0x1 ./Core/Src/main.o
                0x0000000020000050                Task1
 .bss.USART1_Data_ready
                0x0000000020000051        0x1 ./Core/Src/main.o
                0x0000000020000051                USART1_Data_ready
 .bss.Task2     0x0000000020000052        0x1 ./Core/Src/main.o
                0x0000000020000052                Task2
 .bss.Task3     0x0000000020000053        0x1 ./Core/Src/main.o
                0x0000000020000053                Task3
 .bss.flag_programm_start
                0x0000000020000054        0x1 ./Core/Src/main.o
                0x0000000020000054                flag_programm_start
 *fill*         0x0000000020000055        0x3 
 .bss.SysTimer_ms
                0x0000000020000058        0x4 ./Core/Src/stm32f103xx_CMSIS.o
                0x0000000020000058                SysTimer_ms
 .bss.Delay_counter_ms
                0x000000002000005c        0x4 ./Core/Src/stm32f103xx_CMSIS.o
                0x000000002000005c                Delay_counter_ms
 .bss.Timeout_counter_ms
                0x0000000020000060        0x4 ./Core/Src/stm32f103xx_CMSIS.o
                0x0000000020000060                Timeout_counter_ms
 .bss.LED_Network
                0x0000000020000064        0x1 ./Core/Src/stm32f103xx_it.o
                0x0000000020000064                LED_Network
 *(COMMON)
 *fill*         0x0000000020000065        0x3 
 COMMON         0x0000000020000068        0x8 ./Core/Src/HDC1080.o
                0x0000000020000068                Temperature
                0x000000002000006c                Humidity
 COMMON         0x0000000020000070       0x18 ./Core/Src/main.o
                0x0000000020000070                Error_Timer_LED
                0x0000000020000074                I2C1_Polling_Timer
                0x0000000020000078                MQTT_Send_Timer
                0x000000002000007c                USART1_Timer_LED
                0x0000000020000080                I2C1_Timer_LED
                0x0000000020000084                USART1_Polling_Timer
 COMMON         0x0000000020000088        0x2 ./Core/Src/mh19z.o
                0x0000000020000088                CO2_ppm
 *fill*         0x000000002000008a        0x2 
 COMMON         0x000000002000008c       0x30 ./Core/Src/stm32f103xx_CMSIS.o
                0x000000002000008c                husart2
                0x00000000200000a4                husart1
                0x00000000200000bc                . = ALIGN (0x4)
                0x00000000200000bc                _ebss = .
                0x00000000200000bc                __bss_end__ = _ebss

._user_heap_stack
                0x00000000200000bc      0x304 load address 0x00000000080022b0
                0x00000000200000c0                . = ALIGN (0x8)
 *fill*         0x00000000200000bc        0x4 
                [!provide]                        PROVIDE (end = .)
                0x00000000200000c0                PROVIDE (_end = .)
                0x00000000200001c0                . = (. + _Min_Heap_Size)
 *fill*         0x00000000200000c0      0x100 
                0x00000000200003c0                . = (. + _Min_Stack_Size)
 *fill*         0x00000000200001c0      0x200 
                0x00000000200003c0                . = ALIGN (0x8)

/DISCARD/
 libc.a(*)
 libm.a(*)
 libgcc.a(*)

.ARM.attributes
                0x0000000000000000       0x29
 *(.ARM.attributes)
 .ARM.attributes
                0x0000000000000000       0x1d c:/st/stm32cubeide_1.7.0/stm32cubeide/plugins/com.st.stm32cube.ide.mcu.externaltools.gnu-tools-for-stm32.9-2020-q2-update.win32_2.0.0.202105311346/tools/bin/../lib/gcc/arm-none-eabi/9.3.1/thumb/v7-m/nofp/crti.o
 .ARM.attributes
                0x000000000000001d       0x2d c:/st/stm32cubeide_1.7.0/stm32cubeide/plugins/com.st.stm32cube.ide.mcu.externaltools.gnu-tools-for-stm32.9-2020-q2-update.win32_2.0.0.202105311346/tools/bin/../lib/gcc/arm-none-eabi/9.3.1/thumb/v7-m/nofp/crtbegin.o
 .ARM.attributes
                0x000000000000004a       0x2d ./Core/Src/HDC1080.o
 .ARM.attributes
                0x0000000000000077       0x2d ./Core/Src/MQTT.o
 .ARM.attributes
                0x00000000000000a4       0x2d ./Core/Src/SoftwareTimer.o
 .ARM.attributes
                0x00000000000000d1       0x2d ./Core/Src/gpio.o
 .ARM.attributes
                0x00000000000000fe       0x2d ./Core/Src/main.o
 .ARM.attributes
                0x000000000000012b       0x2d ./Core/Src/mh19z.o
 .ARM.attributes
                0x0000000000000158       0x2d ./Core/Src/stm32f103xx_CMSIS.o
 .ARM.attributes
                0x0000000000000185       0x2d ./Core/Src/stm32f103xx_it.o
 .ARM.attributes
                0x00000000000001b2       0x2d ./Core/Src/system_stm32f1xx.o
 .ARM.attributes
                0x00000000000001df       0x21 ./Core/Startup/startup_stm32f103c6tx.o
 .ARM.attributes
                0x0000000000000200       0x2d c:/st/stm32cubeide_1.7.0/stm32cubeide/plugins/com.st.stm32cube.ide.mcu.externaltools.gnu-tools-for-stm32.9-2020-q2-update.win32_2.0.0.202105311346/tools/bin/../lib/gcc/arm-none-eabi/9.3.1/../../../../arm-none-eabi/lib/thumb/v7-m/nofp\libc_nano.a(lib_a-init.o)
 .ARM.attributes
                0x000000000000022d       0x1d c:/st/stm32cubeide_1.7.0/stm32cubeide/plugins/com.st.stm32cube.ide.mcu.externaltools.gnu-tools-for-stm32.9-2020-q2-update.win32_2.0.0.202105311346/tools/bin/../lib/gcc/arm-none-eabi/9.3.1/thumb/v7-m/nofp\libgcc.a(_arm_addsubsf3.o)
 .ARM.attributes
                0x000000000000024a       0x1d c:/st/stm32cubeide_1.7.0/stm32cubeide/plugins/com.st.stm32cube.ide.mcu.externaltools.gnu-tools-for-stm32.9-2020-q2-update.win32_2.0.0.202105311346/tools/bin/../lib/gcc/arm-none-eabi/9.3.1/thumb/v7-m/nofp\libgcc.a(_arm_muldivsf3.o)
 .ARM.attributes
                0x0000000000000267       0x1d c:/st/stm32cubeide_1.7.0/stm32cubeide/plugins/com.st.stm32cube.ide.mcu.externaltools.gnu-tools-for-stm32.9-2020-q2-update.win32_2.0.0.202105311346/tools/bin/../lib/gcc/arm-none-eabi/9.3.1/thumb/v7-m/nofp/crtn.o
OUTPUT(Windows_sensor_F103C6T6.elf elf32-littlearm)
LOAD linker stubs
LOAD c:/st/stm32cubeide_1.7.0/stm32cubeide/plugins/com.st.stm32cube.ide.mcu.externaltools.gnu-tools-for-stm32.9-2020-q2-update.win32_2.0.0.202105311346/tools/bin/../lib/gcc/arm-none-eabi/9.3.1/../../../../arm-none-eabi/lib/thumb/v7-m/nofp\libc.a
LOAD c:/st/stm32cubeide_1.7.0/stm32cubeide/plugins/com.st.stm32cube.ide.mcu.externaltools.gnu-tools-for-stm32.9-2020-q2-update.win32_2.0.0.202105311346/tools/bin/../lib/gcc/arm-none-eabi/9.3.1/../../../../arm-none-eabi/lib/thumb/v7-m/nofp\libm.a
LOAD c:/st/stm32cubeide_1.7.0/stm32cubeide/plugins/com.st.stm32cube.ide.mcu.externaltools.gnu-tools-for-stm32.9-2020-q2-update.win32_2.0.0.202105311346/tools/bin/../lib/gcc/arm-none-eabi/9.3.1/thumb/v7-m/nofp\libgcc.a

.debug_info     0x0000000000000000     0x329f
 .debug_info    0x0000000000000000      0x2b2 ./Core/Src/HDC1080.o
 .debug_info    0x00000000000002b2      0x515 ./Core/Src/MQTT.o
 .debug_info    0x00000000000007c7       0xf0 ./Core/Src/SoftwareTimer.o
 .debug_info    0x00000000000008b7      0x24d ./Core/Src/gpio.o
 .debug_info    0x0000000000000b04      0x525 ./Core/Src/main.o
 .debug_info    0x0000000000001029      0x1c9 ./Core/Src/mh19z.o
 .debug_info    0x00000000000011f2     0x1924 ./Core/Src/stm32f103xx_CMSIS.o
 .debug_info    0x0000000000002b16      0x507 ./Core/Src/stm32f103xx_it.o
 .debug_info    0x000000000000301d      0x260 ./Core/Src/system_stm32f1xx.o
 .debug_info    0x000000000000327d       0x22 ./Core/Startup/startup_stm32f103c6tx.o

.debug_abbrev   0x0000000000000000      0xbc2
 .debug_abbrev  0x0000000000000000       0xef ./Core/Src/HDC1080.o
 .debug_abbrev  0x00000000000000ef      0x192 ./Core/Src/MQTT.o
 .debug_abbrev  0x0000000000000281       0x8e ./Core/Src/SoftwareTimer.o
 .debug_abbrev  0x000000000000030f       0xf8 ./Core/Src/gpio.o
 .debug_abbrev  0x0000000000000407      0x149 ./Core/Src/main.o
 .debug_abbrev  0x0000000000000550       0xe6 ./Core/Src/mh19z.o
 .debug_abbrev  0x0000000000000636      0x2e5 ./Core/Src/stm32f103xx_CMSIS.o
 .debug_abbrev  0x000000000000091b      0x147 ./Core/Src/stm32f103xx_it.o
 .debug_abbrev  0x0000000000000a62      0x14e ./Core/Src/system_stm32f1xx.o
 .debug_abbrev  0x0000000000000bb0       0x12 ./Core/Startup/startup_stm32f103c6tx.o

.debug_aranges  0x0000000000000000      0x330
 .debug_aranges
                0x0000000000000000       0x20 ./Core/Src/HDC1080.o
 .debug_aranges
                0x0000000000000020       0x38 ./Core/Src/MQTT.o
 .debug_aranges
                0x0000000000000058       0x28 ./Core/Src/SoftwareTimer.o
 .debug_aranges
                0x0000000000000080       0x30 ./Core/Src/gpio.o
 .debug_aranges
                0x00000000000000b0       0x38 ./Core/Src/main.o
 .debug_aranges
                0x00000000000000e8       0x20 ./Core/Src/mh19z.o
 .debug_aranges
                0x0000000000000108      0x1a0 ./Core/Src/stm32f103xx_CMSIS.o
 .debug_aranges
                0x00000000000002a8       0x38 ./Core/Src/stm32f103xx_it.o
 .debug_aranges
                0x00000000000002e0       0x28 ./Core/Src/system_stm32f1xx.o
 .debug_aranges
                0x0000000000000308       0x28 ./Core/Startup/startup_stm32f103c6tx.o

.debug_ranges   0x0000000000000000      0x298
 .debug_ranges  0x0000000000000000       0x10 ./Core/Src/HDC1080.o
 .debug_ranges  0x0000000000000010       0x28 ./Core/Src/MQTT.o
 .debug_ranges  0x0000000000000038       0x18 ./Core/Src/SoftwareTimer.o
 .debug_ranges  0x0000000000000050       0x20 ./Core/Src/gpio.o
 .debug_ranges  0x0000000000000070       0x28 ./Core/Src/main.o
 .debug_ranges  0x0000000000000098       0x10 ./Core/Src/mh19z.o
 .debug_ranges  0x00000000000000a8      0x190 ./Core/Src/stm32f103xx_CMSIS.o
 .debug_ranges  0x0000000000000238       0x28 ./Core/Src/stm32f103xx_it.o
 .debug_ranges  0x0000000000000260       0x18 ./Core/Src/system_stm32f1xx.o
 .debug_ranges  0x0000000000000278       0x20 ./Core/Startup/startup_stm32f103c6tx.o

.debug_macro    0x0000000000000000    0x1081a
 .debug_macro   0x0000000000000000      0x11f ./Core/Src/HDC1080.o
 .debug_macro   0x000000000000011f      0xa96 ./Core/Src/HDC1080.o
 .debug_macro   0x0000000000000bb5       0x2e ./Core/Src/HDC1080.o
 .debug_macro   0x0000000000000be3       0x22 ./Core/Src/HDC1080.o
 .debug_macro   0x0000000000000c05       0x22 ./Core/Src/HDC1080.o
 .debug_macro   0x0000000000000c27       0x8e ./Core/Src/HDC1080.o
 .debug_macro   0x0000000000000cb5       0x51 ./Core/Src/HDC1080.o
 .debug_macro   0x0000000000000d06      0x103 ./Core/Src/HDC1080.o
 .debug_macro   0x0000000000000e09       0x6a ./Core/Src/HDC1080.o
 .debug_macro   0x0000000000000e73      0x1df ./Core/Src/HDC1080.o
 .debug_macro   0x0000000000001052       0x1c ./Core/Src/HDC1080.o
 .debug_macro   0x000000000000106e       0x22 ./Core/Src/HDC1080.o
 .debug_macro   0x0000000000001090       0xc3 ./Core/Src/HDC1080.o
 .debug_macro   0x0000000000001153      0xd23 ./Core/Src/HDC1080.o
 .debug_macro   0x0000000000001e76     0xe09e ./Core/Src/HDC1080.o
 .debug_macro   0x000000000000ff14       0x6d ./Core/Src/HDC1080.o
 .debug_macro   0x000000000000ff81       0x22 ./Core/Src/HDC1080.o
 .debug_macro   0x000000000000ffa3       0x46 ./Core/Src/HDC1080.o
 .debug_macro   0x000000000000ffe9       0x16 ./Core/Src/HDC1080.o
 .debug_macro   0x000000000000ffff      0x11d ./Core/Src/MQTT.o
 .debug_macro   0x000000000001011c       0x10 ./Core/Src/MQTT.o
 .debug_macro   0x000000000001012c       0x70 ./Core/Src/SoftwareTimer.o
 .debug_macro   0x000000000001019c      0x11e ./Core/Src/gpio.o
 .debug_macro   0x00000000000102ba       0x40 ./Core/Src/gpio.o
 .debug_macro   0x00000000000102fa      0x114 ./Core/Src/main.o
 .debug_macro   0x000000000001040e      0x118 ./Core/Src/mh19z.o
 .debug_macro   0x0000000000010526      0x114 ./Core/Src/stm32f103xx_CMSIS.o
 .debug_macro   0x000000000001063a      0x118 ./Core/Src/stm32f103xx_it.o
 .debug_macro   0x0000000000010752       0xc8 ./Core/Src/system_stm32f1xx.o

.debug_line     0x0000000000000000     0x410e
 .debug_line    0x0000000000000000      0x4cd ./Core/Src/HDC1080.o
 .debug_line    0x00000000000004cd      0x7bb ./Core/Src/MQTT.o
 .debug_line    0x0000000000000c88      0x3e3 ./Core/Src/SoftwareTimer.o
 .debug_line    0x000000000000106b      0x4f7 ./Core/Src/gpio.o
 .debug_line    0x0000000000001562      0x5d1 ./Core/Src/main.o
 .debug_line    0x0000000000001b33      0x4d5 ./Core/Src/mh19z.o
 .debug_line    0x0000000000002008     0x15f6 ./Core/Src/stm32f103xx_CMSIS.o
 .debug_line    0x00000000000035fe      0x5de ./Core/Src/stm32f103xx_it.o
 .debug_line    0x0000000000003bdc      0x4ab ./Core/Src/system_stm32f1xx.o
 .debug_line    0x0000000000004087       0x87 ./Core/Startup/startup_stm32f103c6tx.o

.debug_str      0x0000000000000000    0x555d1
 .debug_str     0x0000000000000000    0x5470c ./Core/Src/HDC1080.o
                                      0x54944 (size before relaxing)
 .debug_str     0x000000000005470c      0x1ad ./Core/Src/MQTT.o
                                      0x54aa7 (size before relaxing)
 .debug_str     0x00000000000548b9       0x45 ./Core/Src/SoftwareTimer.o
                                       0x3cf6 (size before relaxing)
 .debug_str     0x00000000000548fe      0x141 ./Core/Src/gpio.o
                                      0x54a17 (size before relaxing)
 .debug_str     0x0000000000054a3f      0x149 ./Core/Src/main.o
                                      0x54b35 (size before relaxing)
 .debug_str     0x0000000000054b88       0x31 ./Core/Src/mh19z.o
                                      0x54937 (size before relaxing)
 .debug_str     0x0000000000054bb9      0x93b ./Core/Src/stm32f103xx_CMSIS.o
                                      0x554a6 (size before relaxing)
 .debug_str     0x00000000000554f4       0x29 ./Core/Src/stm32f103xx_it.o
                                      0x54b21 (size before relaxing)
 .debug_str     0x000000000005551d       0x7e ./Core/Src/system_stm32f1xx.o
                                      0x546ae (size before relaxing)
 .debug_str     0x000000000005559b       0x36 ./Core/Startup/startup_stm32f103c6tx.o
                                         0x57 (size before relaxing)

.comment        0x0000000000000000       0x53
 .comment       0x0000000000000000       0x53 ./Core/Src/HDC1080.o
                                         0x54 (size before relaxing)
 .comment       0x0000000000000053       0x54 ./Core/Src/MQTT.o
 .comment       0x0000000000000053       0x54 ./Core/Src/SoftwareTimer.o
 .comment       0x0000000000000053       0x54 ./Core/Src/gpio.o
 .comment       0x0000000000000053       0x54 ./Core/Src/main.o
 .comment       0x0000000000000053       0x54 ./Core/Src/mh19z.o
 .comment       0x0000000000000053       0x54 ./Core/Src/stm32f103xx_CMSIS.o
 .comment       0x0000000000000053       0x54 ./Core/Src/stm32f103xx_it.o
 .comment       0x0000000000000053       0x54 ./Core/Src/system_stm32f1xx.o

.debug_frame    0x0000000000000000      0xa8c
 .debug_frame   0x0000000000000000       0x34 ./Core/Src/HDC1080.o
 .debug_frame   0x0000000000000034       0x9c ./Core/Src/MQTT.o
 .debug_frame   0x00000000000000d0       0x60 ./Core/Src/SoftwareTimer.o
 .debug_frame   0x0000000000000130       0x6c ./Core/Src/gpio.o
 .debug_frame   0x000000000000019c       0x88 ./Core/Src/main.o
 .debug_frame   0x0000000000000224       0x38 ./Core/Src/mh19z.o
 .debug_frame   0x000000000000025c      0x6a0 ./Core/Src/stm32f103xx_CMSIS.o
 .debug_frame   0x00000000000008fc       0x88 ./Core/Src/stm32f103xx_it.o
 .debug_frame   0x0000000000000984       0x58 ./Core/Src/system_stm32f1xx.o
 .debug_frame   0x00000000000009dc       0x2c c:/st/stm32cubeide_1.7.0/stm32cubeide/plugins/com.st.stm32cube.ide.mcu.externaltools.gnu-tools-for-stm32.9-2020-q2-update.win32_2.0.0.202105311346/tools/bin/../lib/gcc/arm-none-eabi/9.3.1/../../../../arm-none-eabi/lib/thumb/v7-m/nofp\libc_nano.a(lib_a-init.o)
 .debug_frame   0x0000000000000a08       0x4c c:/st/stm32cubeide_1.7.0/stm32cubeide/plugins/com.st.stm32cube.ide.mcu.externaltools.gnu-tools-for-stm32.9-2020-q2-update.win32_2.0.0.202105311346/tools/bin/../lib/gcc/arm-none-eabi/9.3.1/thumb/v7-m/nofp\libgcc.a(_arm_addsubsf3.o)
 .debug_frame   0x0000000000000a54       0x38 c:/st/stm32cubeide_1.7.0/stm32cubeide/plugins/com.st.stm32cube.ide.mcu.externaltools.gnu-tools-for-stm32.9-2020-q2-update.win32_2.0.0.202105311346/tools/bin/../lib/gcc/arm-none-eabi/9.3.1/thumb/v7-m/nofp\libgcc.a(_arm_muldivsf3.o)
