core_cm3.h:1511:22:__NVIC_EnableIRQ	16	static
stm32f103xx_CMSIS.c:39:6:CMSIS_Debug_init	4	static
stm32f103xx_CMSIS.c:98:6:CMSIS_RCC_SystemClock_72MHz	4	static
stm32f103xx_CMSIS.c:466:6:CMSIS_SysTick_Timer_init	4	static
stm32f103xx_CMSIS.c:567:6:Delay_ms	16	static
stm32f103xx_CMSIS.c:580:6:SysTick_Handler	8	static
stm32f103xx_CMSIS.c:683:6:CMSIS_PC13_OUTPUT_Push_Pull_init	4	static
stm32f103xx_CMSIS.c:690:13:CMSIS_GPIO_MODE_Set	24	static
stm32f103xx_CMSIS.c:706:13:CMSIS_GPIO_SPEED_Set	24	static
stm32f103xx_CMSIS.c:726:13:CMSIS_GPIO_CNF_Set	24	static
stm32f103xx_CMSIS.c:737:13:CMSIS_GPIO_Reg_Set	24	static
stm32f103xx_CMSIS.c:802:6:CMSIS_GPIO_init	32	static
stm32f103xx_CMSIS.c:832:6:CMSIS_Blink_PC13	16	static
stm32f103xx_CMSIS.c:846:6:CMSIS_PA8_MCO_init	4	static
stm32f103xx_CMSIS.c:887:6:CMSIS_RCC_AFIO_enable	4	static
stm32f103xx_CMSIS.c:908:6:CMSIS_AFIO_EXTICR1_B0_select	4	static
stm32f103xx_CMSIS.c:918:6:CMSIS_PB0_INPUT_Pull_Down_init	4	static
stm32f103xx_CMSIS.c:935:6:CMSIS_EXTI_0_init	8	static
stm32f103xx_CMSIS.c:1016:13:EXTI0_IRQHandler	4	static
stm32f103xx_CMSIS.c:1089:6:CMSIS_TIM3_init	8	static
stm32f103xx_CMSIS.c:1119:6:CMSIS_TIM3_PWM_CHANNEL1_init	4	static
stm32f103xx_CMSIS.c:1140:6:CMSIS_TIM3_PWM_CHANNEL2_init	4	static
stm32f103xx_CMSIS.c:1161:13:TIM3_IRQHandler	4	static
stm32f103xx_CMSIS.c:1274:6:CMSIS_ADC_DMA_init	8	static
stm32f103xx_CMSIS.c:1385:13:ADC1_2_IRQHandler	4	static
stm32f103xx_CMSIS.c:1395:13:DMA1_Channel1_IRQHandler	4	static
stm32f103xx_CMSIS.c:1545:6:CMSIS_USART1_Init	8	static
stm32f103xx_CMSIS.c:1619:6:CMSIS_USART2_Init	8	static
stm32f103xx_CMSIS.c:1693:13:USART1_IRQHandler	4	static
stm32f103xx_CMSIS.c:1708:13:USART2_IRQHandler	4	static
stm32f103xx_CMSIS.c:1732:6:CMSIS_USART_Transmit	32	static
stm32f103xx_CMSIS.c:1794:6:CMSIS_I2C_Reset	4	static
stm32f103xx_CMSIS.c:1813:6:CMSIS_I2C1_Init	8	static
stm32f103xx_CMSIS.c:1888:6:CMSIS_I2C_Adress_Device_Scan	24	static
stm32f103xx_CMSIS.c:1969:6:CMSIS_I2C_Data_Transmit	32	static
stm32f103xx_CMSIS.c:2068:6:CMSIS_I2C_Data_Receive	32	static
stm32f103xx_CMSIS.c:2179:6:CMSIS_I2C_MemWrite	24	static
stm32f103xx_CMSIS.c:2294:6:CMSIS_I2C_MemRead	24	static
stm32f103xx_CMSIS.c:2487:6:CMSIS_SPI1_init	4	static
stm32f103xx_CMSIS.c:2576:6:CMSIS_SPI_Data_Transmit_8BIT	32	static
stm32f103xx_CMSIS.c:2626:6:CMSIS_SPI_Data_Transmit_16BIT	32	static
stm32f103xx_CMSIS.c:2676:6:CMSIS_SPI_Data_Receive_8BIT	32	static
stm32f103xx_CMSIS.c:2723:6:CMSIS_SPI_Data_Receive_16BIT	32	static
stm32f103xx_CMSIS.c:2794:6:FLASH_Unlock	4	static
stm32f103xx_CMSIS.c:2807:6:FLASH_Lock	4	static
stm32f103xx_CMSIS.c:2819:6:FLASH_Page_erase	16	static
stm32f103xx_CMSIS.c:2843:6:FLASH_Page_write	32	static
stm32f103xx_CMSIS.c:2891:6:FLASH_Read_data	32	static
