Archive member included to satisfy reference by file (symbol)

c:/st/stm32cubeide_1.7.0/stm32cubeide/plugins/com.st.stm32cube.ide.mcu.externaltools.gnu-tools-for-stm32.9-2020-q2-update.win32_2.0.0.202105311346/tools/bin/../lib/gcc/arm-none-eabi/9.3.1/../../../../arm-none-eabi/lib/thumb/v7-m/nofp\libc_nano.a(lib_a-errno.o)
                              ./Core/Src/syscalls.o (__errno)
c:/st/stm32cubeide_1.7.0/stm32cubeide/plugins/com.st.stm32cube.ide.mcu.externaltools.gnu-tools-for-stm32.9-2020-q2-update.win32_2.0.0.202105311346/tools/bin/../lib/gcc/arm-none-eabi/9.3.1/../../../../arm-none-eabi/lib/thumb/v7-m/nofp\libc_nano.a(lib_a-exit.o)
                              c:/st/stm32cubeide_1.7.0/stm32cubeide/plugins/com.st.stm32cube.ide.mcu.externaltools.gnu-tools-for-stm32.9-2020-q2-update.win32_2.0.0.202105311346/tools/bin/../lib/gcc/arm-none-eabi/9.3.1/../../../../arm-none-eabi/lib/thumb/v7-m/nofp/crt0.o (exit)
c:/st/stm32cubeide_1.7.0/stm32cubeide/plugins/com.st.stm32cube.ide.mcu.externaltools.gnu-tools-for-stm32.9-2020-q2-update.win32_2.0.0.202105311346/tools/bin/../lib/gcc/arm-none-eabi/9.3.1/../../../../arm-none-eabi/lib/thumb/v7-m/nofp\libc_nano.a(lib_a-impure.o)
                              c:/st/stm32cubeide_1.7.0/stm32cubeide/plugins/com.st.stm32cube.ide.mcu.externaltools.gnu-tools-for-stm32.9-2020-q2-update.win32_2.0.0.202105311346/tools/bin/../lib/gcc/arm-none-eabi/9.3.1/../../../../arm-none-eabi/lib/thumb/v7-m/nofp\libc_nano.a(lib_a-exit.o) (_global_impure_ptr)
c:/st/stm32cubeide_1.7.0/stm32cubeide/plugins/com.st.stm32cube.ide.mcu.externaltools.gnu-tools-for-stm32.9-2020-q2-update.win32_2.0.0.202105311346/tools/bin/../lib/gcc/arm-none-eabi/9.3.1/../../../../arm-none-eabi/lib/thumb/v7-m/nofp\libc_nano.a(lib_a-init.o)
                              c:/st/stm32cubeide_1.7.0/stm32cubeide/plugins/com.st.stm32cube.ide.mcu.externaltools.gnu-tools-for-stm32.9-2020-q2-update.win32_2.0.0.202105311346/tools/bin/../lib/gcc/arm-none-eabi/9.3.1/../../../../arm-none-eabi/lib/thumb/v7-m/nofp/crt0.o (__libc_init_array)
c:/st/stm32cubeide_1.7.0/stm32cubeide/plugins/com.st.stm32cube.ide.mcu.externaltools.gnu-tools-for-stm32.9-2020-q2-update.win32_2.0.0.202105311346/tools/bin/../lib/gcc/arm-none-eabi/9.3.1/../../../../arm-none-eabi/lib/thumb/v7-m/nofp\libc_nano.a(lib_a-memcpy-stub.o)
                              ./FreeRTOS/queue.o (memcpy)
c:/st/stm32cubeide_1.7.0/stm32cubeide/plugins/com.st.stm32cube.ide.mcu.externaltools.gnu-tools-for-stm32.9-2020-q2-update.win32_2.0.0.202105311346/tools/bin/../lib/gcc/arm-none-eabi/9.3.1/../../../../arm-none-eabi/lib/thumb/v7-m/nofp\libc_nano.a(lib_a-memset.o)
                              c:/st/stm32cubeide_1.7.0/stm32cubeide/plugins/com.st.stm32cube.ide.mcu.externaltools.gnu-tools-for-stm32.9-2020-q2-update.win32_2.0.0.202105311346/tools/bin/../lib/gcc/arm-none-eabi/9.3.1/../../../../arm-none-eabi/lib/thumb/v7-m/nofp/crt0.o (memset)
c:/st/stm32cubeide_1.7.0/stm32cubeide/plugins/com.st.stm32cube.ide.mcu.externaltools.gnu-tools-for-stm32.9-2020-q2-update.win32_2.0.0.202105311346/tools/bin/../lib/gcc/arm-none-eabi/9.3.1/thumb/v7-m/nofp\libgcc.a(_arm_mulsf3.o)
                              ./Core/Src/tasks_list.o (__aeabi_fmul)
c:/st/stm32cubeide_1.7.0/stm32cubeide/plugins/com.st.stm32cube.ide.mcu.externaltools.gnu-tools-for-stm32.9-2020-q2-update.win32_2.0.0.202105311346/tools/bin/../lib/gcc/arm-none-eabi/9.3.1/thumb/v7-m/nofp\libgcc.a(_arm_addsubsf3.o)
                              ./Core/Src/tasks_list.o (__aeabi_fsub)
c:/st/stm32cubeide_1.7.0/stm32cubeide/plugins/com.st.stm32cube.ide.mcu.externaltools.gnu-tools-for-stm32.9-2020-q2-update.win32_2.0.0.202105311346/tools/bin/../lib/gcc/arm-none-eabi/9.3.1/thumb/v7-m/nofp\libgcc.a(_arm_muldivsf3.o)
                              ./Core/Src/tasks_list.o (__aeabi_fdiv)

Allocating common symbols
Common symbol       size              file

Temperature         0x4               ./Core/Src/HDC1080.o
CO2_ppm             0x2               ./Core/Src/mh19z.o
usart1_RX           0x15              ./Core/Src/main.o
usart1_rx_data      0x15              ./Core/Src/tasks_list.o
husart2             0x2c              ./Core/Src/stm32f103xx_CMSIS.o
xQueue1             0x4               ./Core/Src/main.o
husart1             0x2c              ./Core/Src/stm32f103xx_CMSIS.o
Humidity            0x4               ./Core/Src/HDC1080.o

Discarded input sections

 .text          0x0000000000000000        0x0 c:/st/stm32cubeide_1.7.0/stm32cubeide/plugins/com.st.stm32cube.ide.mcu.externaltools.gnu-tools-for-stm32.9-2020-q2-update.win32_2.0.0.202105311346/tools/bin/../lib/gcc/arm-none-eabi/9.3.1/thumb/v7-m/nofp/crti.o
 .data          0x0000000000000000        0x0 c:/st/stm32cubeide_1.7.0/stm32cubeide/plugins/com.st.stm32cube.ide.mcu.externaltools.gnu-tools-for-stm32.9-2020-q2-update.win32_2.0.0.202105311346/tools/bin/../lib/gcc/arm-none-eabi/9.3.1/thumb/v7-m/nofp/crti.o
[...]
Memory Configuration

Name             Origin             Length             Attributes
RAM              0x0000000020000000 0x0000000000005000 xrw
FLASH            0x0000000008000000 0x0000000000010000 xr
*default*        0x0000000000000000 0xffffffffffffffff

Linker script and memory map

LOAD c:/st/stm32cubeide_1.7.0/stm32cubeide/plugins/com.st.stm32cube.ide.mcu.externaltools.gnu-tools-for-stm32.9-2020-q2-update.win32_2.0.0.202105311346/tools/bin/../lib/gcc/arm-none-eabi/9.3.1/thumb/v7-m/nofp/crti.o
LOAD c:/st/stm32cubeide_1.7.0/stm32cubeide/plugins/com.st.stm32cube.ide.mcu.externaltools.gnu-tools-for-stm32.9-2020-q2-update.win32_2.0.0.202105311346/tools/bin/../lib/gcc/arm-none-eabi/9.3.1/thumb/v7-m/nofp/crtbegin.o
LOAD c:/st/stm32cubeide_1.7.0/stm32cubeide/plugins/com.st.stm32cube.ide.mcu.externaltools.gnu-tools-for-stm32.9-2020-q2-update.win32_2.0.0.202105311346/tools/bin/../lib/gcc/arm-none-eabi/9.3.1/../../../../arm-none-eabi/lib/thumb/v7-m/nofp/crt0.o
LOAD ./Core/Src/HDC1080.o
LOAD ./Core/Src/MQTT.o
LOAD ./Core/Src/gpio.o
LOAD ./Core/Src/main.o
LOAD ./Core/Src/mh19z.o
LOAD ./Core/Src/stm32f103xx_CMSIS.o
LOAD ./Core/Src/stm32f103xx_it.o
LOAD ./Core/Src/syscalls.o
LOAD ./Core/Src/sysmem.o
LOAD ./Core/Src/system_stm32f1xx.o
LOAD ./Core/Src/tasks_list.o
LOAD ./Core/Startup/startup_stm32f103c8tx.o
LOAD ./FreeRTOS/croutine.o
LOAD ./FreeRTOS/event_groups.o
LOAD ./FreeRTOS/list.o
LOAD ./FreeRTOS/queue.o
LOAD ./FreeRTOS/stream_buffer.o
LOAD ./FreeRTOS/tasks.o
LOAD ./FreeRTOS/timers.o
LOAD ./FreeRTOS/portable/MemMang/heap_4.o
LOAD ./FreeRTOS/portable/port.o
START GROUP
LOAD c:/st/stm32cubeide_1.7.0/stm32cubeide/plugins/com.st.stm32cube.ide.mcu.externaltools.gnu-tools-for-stm32.9-2020-q2-update.win32_2.0.0.202105311346/tools/bin/../lib/gcc/arm-none-eabi/9.3.1/../../../../arm-none-eabi/lib/thumb/v7-m/nofp\libc_nano.a
LOAD c:/st/stm32cubeide_1.7.0/stm32cubeide/plugins/com.st.stm32cube.ide.mcu.externaltools.gnu-tools-for-stm32.9-2020-q2-update.win32_2.0.0.202105311346/tools/bin/../lib/gcc/arm-none-eabi/9.3.1/../../../../arm-none-eabi/lib/thumb/v7-m/nofp\libm.a
END GROUP
START GROUP
LOAD c:/st/stm32cubeide_1.7.0/stm32cubeide/plugins/com.st.stm32cube.ide.mcu.externaltools.gnu-tools-for-stm32.9-2020-q2-update.win32_2.0.0.202105311346/tools/bin/../lib/gcc/arm-none-eabi/9.3.1/thumb/v7-m/nofp\libgcc.a
LOAD c:/st/stm32cubeide_1.7.0/stm32cubeide/plugins/com.st.stm32cube.ide.mcu.externaltools.gnu-tools-for-stm32.9-2020-q2-update.win32_2.0.0.202105311346/tools/bin/../lib/gcc/arm-none-eabi/9.3.1/../../../../arm-none-eabi/lib/thumb/v7-m/nofp\libc_nano.a
END GROUP
START GROUP
LOAD c:/st/stm32cubeide_1.7.0/stm32cubeide/plugins/com.st.stm32cube.ide.mcu.externaltools.gnu-tools-for-stm32.9-2020-q2-update.win32_2.0.0.202105311346/tools/bin/../lib/gcc/arm-none-eabi/9.3.1/thumb/v7-m/nofp\libgcc.a
LOAD c:/st/stm32cubeide_1.7.0/stm32cubeide/plugins/com.st.stm32cube.ide.mcu.externaltools.gnu-tools-for-stm32.9-2020-q2-update.win32_2.0.0.202105311346/tools/bin/../lib/gcc/arm-none-eabi/9.3.1/../../../../arm-none-eabi/lib/thumb/v7-m/nofp\libc_nano.a
LOAD c:/st/stm32cubeide_1.7.0/stm32cubeide/plugins/com.st.stm32cube.ide.mcu.externaltools.gnu-tools-for-stm32.9-2020-q2-update.win32_2.0.0.202105311346/tools/bin/../lib/gcc/arm-none-eabi/9.3.1/../../../../arm-none-eabi/lib/thumb/v7-m/nofp\libnosys.a
END GROUP
START GROUP
LOAD c:/st/stm32cubeide_1.7.0/stm32cubeide/plugins/com.st.stm32cube.ide.mcu.externaltools.gnu-tools-for-stm32.9-2020-q2-update.win32_2.0.0.202105311346/tools/bin/../lib/gcc/arm-none-eabi/9.3.1/thumb/v7-m/nofp\libgcc.a
LOAD c:/st/stm32cubeide_1.7.0/stm32cubeide/plugins/com.st.stm32cube.ide.mcu.externaltools.gnu-tools-for-stm32.9-2020-q2-update.win32_2.0.0.202105311346/tools/bin/../lib/gcc/arm-none-eabi/9.3.1/../../../../arm-none-eabi/lib/thumb/v7-m/nofp\libc_nano.a
LOAD c:/st/stm32cubeide_1.7.0/stm32cubeide/plugins/com.st.stm32cube.ide.mcu.externaltools.gnu-tools-for-stm32.9-2020-q2-update.win32_2.0.0.202105311346/tools/bin/../lib/gcc/arm-none-eabi/9.3.1/../../../../arm-none-eabi/lib/thumb/v7-m/nofp\libnosys.a
END GROUP
LOAD c:/st/stm32cubeide_1.7.0/stm32cubeide/plugins/com.st.stm32cube.ide.mcu.externaltools.gnu-tools-for-stm32.9-2020-q2-update.win32_2.0.0.202105311346/tools/bin/../lib/gcc/arm-none-eabi/9.3.1/thumb/v7-m/nofp/crtend.o
LOAD c:/st/stm32cubeide_1.7.0/stm32cubeide/plugins/com.st.stm32cube.ide.mcu.externaltools.gnu-tools-for-stm32.9-2020-q2-update.win32_2.0.0.202105311346/tools/bin/../lib/gcc/arm-none-eabi/9.3.1/thumb/v7-m/nofp/crtn.o
                0x0000000020005000                _estack = (ORIGIN (RAM) + LENGTH (RAM))
                0x0000000000000100                _Min_Heap_Size = 0x100
                0x0000000000000200                _Min_Stack_Size = 0x200

.isr_vector     0x0000000008000000      0x10c
                0x0000000008000000                . = ALIGN (0x4)
 *(.isr_vector)
 .isr_vector    0x0000000008000000      0x10c ./Core/Startup/startup_stm32f103c8tx.o
                0x0000000008000000                g_pfnVectors
                0x000000000800010c                . = ALIGN (0x4)

.text           0x0000000008000110     0x3a8c
                0x0000000008000110                . = ALIGN (0x4)
 *(.text)
 .text          0x0000000008000110       0x40 c:/st/stm32cubeide_1.7.0/stm32cubeide/plugins/com.st.stm32cube.ide.mcu.externaltools.gnu-tools-for-stm32.9-2020-q2-update.win32_2.0.0.202105311346/tools/bin/../lib/gcc/arm-none-eabi/9.3.1/thumb/v7-m/nofp/crtbegin.o
 .text          0x0000000008000150      0x21c c:/st/stm32cubeide_1.7.0/stm32cubeide/plugins/com.st.stm32cube.ide.mcu.externaltools.gnu-tools-for-stm32.9-2020-q2-update.win32_2.0.0.202105311346/tools/bin/../lib/gcc/arm-none-eabi/9.3.1/thumb/v7-m/nofp\libgcc.a(_arm_addsubsf3.o)
                0x0000000008000150                __aeabi_frsub
                0x0000000008000158                __subsf3
                0x0000000008000158                __aeabi_fsub
                0x000000000800015c                __aeabi_fadd
                0x000000000800015c                __addsf3
                0x00000000080002bc                __aeabi_ui2f
                0x00000000080002bc                __floatunsisf
                0x00000000080002c4                __aeabi_i2f
                0x00000000080002c4                __floatsisf
                0x00000000080002e0                __aeabi_ul2f
                0x00000000080002e0                __floatundisf
                0x00000000080002f0                __aeabi_l2f
                0x00000000080002f0                __floatdisf
 .text          0x000000000800036c      0x2a0 c:/st/stm32cubeide_1.7.0/stm32cubeide/plugins/com.st.stm32cube.ide.mcu.externaltools.gnu-tools-for-stm32.9-2020-q2-update.win32_2.0.0.202105311346/tools/bin/../lib/gcc/arm-none-eabi/9.3.1/thumb/v7-m/nofp\libgcc.a(_arm_muldivsf3.o)
                0x000000000800036c                __mulsf3
                0x000000000800036c                __aeabi_fmul
                0x00000000080004d4                __aeabi_fdiv
                0x00000000080004d4                __divsf3
 *(.text*)
 .text.HDC1080_init
                0x000000000800060c       0xac ./Core/Src/HDC1080.o
                0x000000000800060c                HDC1080_init
 .text.UART_MQTT_Check_net
                0x00000000080006b8      0x180 ./Core/Src/MQTT.o
                0x00000000080006b8                UART_MQTT_Check_net
 .text.UART_MQTT_Checksumm_validation
                0x0000000008000838       0x96 ./Core/Src/MQTT.o
                0x0000000008000838                UART_MQTT_Checksumm_validation
 *fill*         0x00000000080008ce        0x2 
 .text.UART_MQTT_Send_data_uint16_t
                0x00000000080008d0       0xd0 ./Core/Src/MQTT.o
                0x00000000080008d0                UART_MQTT_Send_data_uint16_t
 .text.UART_MQTT_Send_data_float
                0x00000000080009a0       0xdc ./Core/Src/MQTT.o
                0x00000000080009a0                UART_MQTT_Send_data_float
 .text.GPIO_init
                0x0000000008000a7c       0x68 ./Core/Src/gpio.o
                0x0000000008000a7c                GPIO_init
 .text.ESP8266_Reset
                0x0000000008000ae4       0x2c ./Core/Src/gpio.o
                0x0000000008000ae4                ESP8266_Reset
 .text.LED_Indication_Test
                0x0000000008000b10       0xdc ./Core/Src/gpio.o
                0x0000000008000b10                LED_Indication_Test
 .text.main     0x0000000008000bec       0xa4 ./Core/Src/main.o
                0x0000000008000bec                main
 .text.CRC8_MH_Z19_Check
                0x0000000008000c90       0x5c ./Core/Src/mh19z.o
                0x0000000008000c90                CRC8_MH_Z19_Check
 .text.__NVIC_EnableIRQ
                0x0000000008000cec       0x38 ./Core/Src/stm32f103xx_CMSIS.o
 .text.CMSIS_Debug_init
                0x0000000008000d24       0x5c ./Core/Src/stm32f103xx_CMSIS.o
                0x0000000008000d24                CMSIS_Debug_init
 .text.CMSIS_RCC_SystemClock_72MHz
                0x0000000008000d80      0x12c ./Core/Src/stm32f103xx_CMSIS.o
                0x0000000008000d80                CMSIS_RCC_SystemClock_72MHz
 .text.CMSIS_SysTick_Timer_init
                0x0000000008000eac       0x64 ./Core/Src/stm32f103xx_CMSIS.o
                0x0000000008000eac                CMSIS_SysTick_Timer_init
 .text.Delay_ms
                0x0000000008000f10       0x28 ./Core/Src/stm32f103xx_CMSIS.o
                0x0000000008000f10                Delay_ms
 .text.SysTick_Handler
                0x0000000008000f38       0x54 ./Core/Src/stm32f103xx_CMSIS.o
                0x0000000008000f38                SysTick_Handler
 .text.CMSIS_GPIO_MODE_Set
                0x0000000008000f8c       0x86 ./Core/Src/stm32f103xx_CMSIS.o
 .text.CMSIS_GPIO_SPEED_Set
                0x0000000008001012       0x7a ./Core/Src/stm32f103xx_CMSIS.o
 .text.CMSIS_GPIO_CNF_Set
                0x000000000800108c       0x6c ./Core/Src/stm32f103xx_CMSIS.o
 .text.CMSIS_GPIO_Reg_Set
                0x00000000080010f8      0x108 ./Core/Src/stm32f103xx_CMSIS.o
 .text.CMSIS_GPIO_init
                0x0000000008001200      0x110 ./Core/Src/stm32f103xx_CMSIS.o
                0x0000000008001200                CMSIS_GPIO_init
 .text.EXTI0_IRQHandler
                0x0000000008001310       0x1c ./Core/Src/stm32f103xx_CMSIS.o
                0x0000000008001310                EXTI0_IRQHandler
 .text.CMSIS_TIM3_init
                0x000000000800132c       0xac ./Core/Src/stm32f103xx_CMSIS.o
                0x000000000800132c                CMSIS_TIM3_init
 .text.ADC1_2_IRQHandler
                0x00000000080013d8       0x20 ./Core/Src/stm32f103xx_CMSIS.o
                0x00000000080013d8                ADC1_2_IRQHandler
 .text.DMA1_Channel1_IRQHandler
                0x00000000080013f8       0x44 ./Core/Src/stm32f103xx_CMSIS.o
                0x00000000080013f8                DMA1_Channel1_IRQHandler
 .text.CMSIS_USART1_Init
                0x000000000800143c      0x154 ./Core/Src/stm32f103xx_CMSIS.o
                0x000000000800143c                CMSIS_USART1_Init
 .text.CMSIS_USART2_Init
                0x0000000008001590      0x154 ./Core/Src/stm32f103xx_CMSIS.o
                0x0000000008001590                CMSIS_USART2_Init
 .text.CMSIS_USART_Transmit
                0x00000000080016e4       0x64 ./Core/Src/stm32f103xx_CMSIS.o
                0x00000000080016e4                CMSIS_USART_Transmit
 .text.CMSIS_I2C_Reset
                0x0000000008001748       0x48 ./Core/Src/stm32f103xx_CMSIS.o
                0x0000000008001748                CMSIS_I2C_Reset
 .text.CMSIS_I2C1_Init
                0x0000000008001790      0x19c ./Core/Src/stm32f103xx_CMSIS.o
                0x0000000008001790                CMSIS_I2C1_Init
 .text.CMSIS_I2C_Data_Transmit
                0x000000000800192c      0x194 ./Core/Src/stm32f103xx_CMSIS.o
                0x000000000800192c                CMSIS_I2C_Data_Transmit
 .text.CMSIS_I2C_Data_Receive
                0x0000000008001ac0      0x1d4 ./Core/Src/stm32f103xx_CMSIS.o
                0x0000000008001ac0                CMSIS_I2C_Data_Receive
 .text.USART1_IRQHandler
                0x0000000008001c94       0xbc ./Core/Src/stm32f103xx_it.o
                0x0000000008001c94                USART1_IRQHandler
 .text.USART2_IRQHandler
                0x0000000008001d50       0x5c ./Core/Src/stm32f103xx_it.o
                0x0000000008001d50                USART2_IRQHandler
 .text.TIM3_IRQHandler
                0x0000000008001dac       0x80 ./Core/Src/stm32f103xx_it.o
                0x0000000008001dac                TIM3_IRQHandler
 .text.SystemInit
                0x0000000008001e2c        0xc ./Core/Src/system_stm32f1xx.o
                0x0000000008001e2c                SystemInit
 .text.vTask1_MH19Z_Request
                0x0000000008001e38       0xa4 ./Core/Src/tasks_list.o
                0x0000000008001e38                vTask1_MH19Z_Request
 .text.vTask2_HDC1080_Request
                0x0000000008001edc      0x15c ./Core/Src/tasks_list.o
                0x0000000008001edc                vTask2_HDC1080_Request
 .text.vTask3_MQTT_Send
                0x0000000008002038       0x7c ./Core/Src/tasks_list.o
                0x0000000008002038                vTask3_MQTT_Send
 .text.vApplicationIdleHook
                0x00000000080020b4        0xc ./Core/Src/tasks_list.o
                0x00000000080020b4                vApplicationIdleHook
 .text.Reset_Handler
                0x00000000080020c0       0x48 ./Core/Startup/startup_stm32f103c8tx.o
                0x00000000080020c0                Reset_Handler
 .text.Default_Handler
                0x0000000008002108        0x2 ./Core/Startup/startup_stm32f103c8tx.o
                0x0000000008002108                RTC_Alarm_IRQHandler
                0x0000000008002108                EXTI2_IRQHandler
                0x0000000008002108                DebugMon_Handler
                0x0000000008002108                TIM1_CC_IRQHandler
                0x0000000008002108                HardFault_Handler
                0x0000000008002108                PVD_IRQHandler
                0x0000000008002108                NMI_Handler
                0x0000000008002108                EXTI3_IRQHandler
                0x0000000008002108                I2C2_EV_IRQHandler
                0x0000000008002108                UsageFault_Handler
                0x0000000008002108                SPI1_IRQHandler
                0x0000000008002108                TAMPER_IRQHandler
                0x0000000008002108                DMA1_Channel4_IRQHandler
                0x0000000008002108                USART3_IRQHandler
                0x0000000008002108                RTC_IRQHandler
                0x0000000008002108                DMA1_Channel7_IRQHandler
                0x0000000008002108                CAN1_RX1_IRQHandler
                0x0000000008002108                TIM4_IRQHandler
                0x0000000008002108                I2C1_EV_IRQHandler
                0x0000000008002108                DMA1_Channel6_IRQHandler
                0x0000000008002108                RCC_IRQHandler
                0x0000000008002108                TIM1_TRG_COM_IRQHandler
                0x0000000008002108                Default_Handler
                0x0000000008002108                EXTI15_10_IRQHandler
                0x0000000008002108                EXTI9_5_IRQHandler
                0x0000000008002108                SPI2_IRQHandler
                0x0000000008002108                MemManage_Handler
                0x0000000008002108                DMA1_Channel5_IRQHandler
                0x0000000008002108                EXTI4_IRQHandler
                0x0000000008002108                USB_LP_CAN1_RX0_IRQHandler
                0x0000000008002108                USB_HP_CAN1_TX_IRQHandler
                0x0000000008002108                DMA1_Channel3_IRQHandler
                0x0000000008002108                TIM1_UP_IRQHandler
                0x0000000008002108                WWDG_IRQHandler
                0x0000000008002108                TIM2_IRQHandler
                0x0000000008002108                TIM1_BRK_IRQHandler
                0x0000000008002108                EXTI1_IRQHandler
                0x0000000008002108                I2C2_ER_IRQHandler
                0x0000000008002108                DMA1_Channel2_IRQHandler
                0x0000000008002108                CAN1_SCE_IRQHandler
                0x0000000008002108                FLASH_IRQHandler
                0x0000000008002108                BusFault_Handler
                0x0000000008002108                I2C1_ER_IRQHandler
                0x0000000008002108                USBWakeUp_IRQHandler
 .text.vListInitialise
                0x000000000800210a       0x3e ./FreeRTOS/list.o
                0x000000000800210a                vListInitialise
 .text.vListInitialiseItem
                0x0000000008002148       0x18 ./FreeRTOS/list.o
                0x0000000008002148                vListInitialiseItem
 .text.vListInsert
                0x0000000008002160       0x70 ./FreeRTOS/list.o
                0x0000000008002160                vListInsert
 .text.uxListRemove
                0x00000000080021d0       0x52 ./FreeRTOS/list.o
                0x00000000080021d0                uxListRemove
 *fill*         0x0000000008002222        0x2 
 .text.xQueueGenericReset
                0x0000000008002224       0xe8 ./FreeRTOS/queue.o
                0x0000000008002224                xQueueGenericReset
 .text.xQueueGenericCreate
                0x000000000800230c       0x7e ./FreeRTOS/queue.o
                0x000000000800230c                xQueueGenericCreate
 .text.prvInitialiseNewQueue
                0x000000000800238a       0x3e ./FreeRTOS/queue.o
 .text.xQueueGenericSendFromISR
                0x00000000080023c8       0xca ./FreeRTOS/queue.o
                0x00000000080023c8                xQueueGenericSendFromISR
 *fill*         0x0000000008002492        0x2 
 .text.xQueueReceive
                0x0000000008002494      0x144 ./FreeRTOS/queue.o
                0x0000000008002494                xQueueReceive
 .text.prvCopyDataToQueue
                0x00000000080025d8       0xd4 ./FreeRTOS/queue.o
 .text.prvCopyDataFromQueue
                0x00000000080026ac       0x4c ./FreeRTOS/queue.o
 .text.prvUnlockQueue
                0x00000000080026f8       0xa4 ./FreeRTOS/queue.o
 .text.prvIsQueueEmpty
                0x000000000800279c       0x2c ./FreeRTOS/queue.o
 .text.xTaskCreate
                0x00000000080027c8       0x8c ./FreeRTOS/tasks.o
                0x00000000080027c8                xTaskCreate
 .text.prvInitialiseNewTask
                0x0000000008002854       0xd0 ./FreeRTOS/tasks.o
 .text.prvAddNewTaskToReadyList
                0x0000000008002924      0x124 ./FreeRTOS/tasks.o
 .text.vTaskDelay
                0x0000000008002a48       0x48 ./FreeRTOS/tasks.o
                0x0000000008002a48                vTaskDelay
 .text.vTaskStartScheduler
                0x0000000008002a90       0x78 ./FreeRTOS/tasks.o
                0x0000000008002a90                vTaskStartScheduler
 .text.vTaskSuspendAll
                0x0000000008002b08       0x1c ./FreeRTOS/tasks.o
                0x0000000008002b08                vTaskSuspendAll
 .text.xTaskResumeAll
                0x0000000008002b24      0x1d8 ./FreeRTOS/tasks.o
                0x0000000008002b24                xTaskResumeAll
 .text.uxTaskGetNumberOfTasks
                0x0000000008002cfc       0x14 ./FreeRTOS/tasks.o
                0x0000000008002cfc                uxTaskGetNumberOfTasks
 .text.xTaskIncrementTick
                0x0000000008002d10      0x20c ./FreeRTOS/tasks.o
                0x0000000008002d10                xTaskIncrementTick
 .text.vTaskSwitchContext
                0x0000000008002f1c       0x8c ./FreeRTOS/tasks.o
                0x0000000008002f1c                vTaskSwitchContext
 .text.vTaskPlaceOnEventList
                0x0000000008002fa8       0x2c ./FreeRTOS/tasks.o
                0x0000000008002fa8                vTaskPlaceOnEventList
 .text.xTaskRemoveFromEventList
                0x0000000008002fd4      0x190 ./FreeRTOS/tasks.o
                0x0000000008002fd4                xTaskRemoveFromEventList
 .text.vTaskInternalSetTimeOutState
                0x0000000008003164       0x2c ./FreeRTOS/tasks.o
                0x0000000008003164                vTaskInternalSetTimeOutState
 .text.xTaskCheckForTimeOut
                0x0000000008003190       0x94 ./FreeRTOS/tasks.o
                0x0000000008003190                xTaskCheckForTimeOut
 .text.vTaskMissedYield
                0x0000000008003224       0x18 ./FreeRTOS/tasks.o
                0x0000000008003224                vTaskMissedYield
 .text.prvIdleTask
                0x000000000800323c       0x34 ./FreeRTOS/tasks.o
 .text.prvInitialiseTaskLists
                0x0000000008003270       0x80 ./FreeRTOS/tasks.o
 .text.prvCheckTasksWaitingTermination
                0x00000000080032f0       0x5c ./FreeRTOS/tasks.o
 .text.prvDeleteTCB
                0x000000000800334c       0x20 ./FreeRTOS/tasks.o
 .text.prvResetNextTaskUnblockTime
                0x000000000800336c       0x34 ./FreeRTOS/tasks.o
 .text.xTaskPriorityDisinherit
                0x00000000080033a0      0x104 ./FreeRTOS/tasks.o
                0x00000000080033a0                xTaskPriorityDisinherit
 .text.prvAddCurrentTaskToDelayedList
                0x00000000080034a4      0x100 ./FreeRTOS/tasks.o
 .text.pvPortMalloc
                0x00000000080035a4      0x134 ./FreeRTOS/portable/MemMang/heap_4.o
                0x00000000080035a4                pvPortMalloc
 .text.vPortFree
                0x00000000080036d8       0x7c ./FreeRTOS/portable/MemMang/heap_4.o
                0x00000000080036d8                vPortFree
 .text.prvHeapInit
                0x0000000008003754       0xb8 ./FreeRTOS/portable/MemMang/heap_4.o
 .text.prvInsertBlockIntoFreeList
                0x000000000800380c       0xb0 ./FreeRTOS/portable/MemMang/heap_4.o
 .text.pxPortInitialiseStack
                0x00000000080038bc       0x58 ./FreeRTOS/portable/port.o
                0x00000000080038bc                pxPortInitialiseStack
 .text.prvTaskExitError
                0x0000000008003914       0x32 ./FreeRTOS/portable/port.o
 *fill*         0x0000000008003946        0xa 
 .text.SVC_Handler
                0x0000000008003950       0x28 ./FreeRTOS/portable/port.o
                0x0000000008003950                SVC_Handler
 .text.prvPortStartFirstTask
                0x0000000008003978       0x24 ./FreeRTOS/portable/port.o
 .text.xPortStartScheduler
                0x000000000800399c       0x40 ./FreeRTOS/portable/port.o
                0x000000000800399c                xPortStartScheduler
 .text.vPortEnterCritical
                0x00000000080039dc       0x34 ./FreeRTOS/portable/port.o
                0x00000000080039dc                vPortEnterCritical
 .text.vPortExitCritical
                0x0000000008003a10       0x34 ./FreeRTOS/portable/port.o
                0x0000000008003a10                vPortExitCritical
 *fill*         0x0000000008003a44        0xc 
 .text.PendSV_Handler
                0x0000000008003a50       0x48 ./FreeRTOS/portable/port.o
                0x0000000008003a50                PendSV_Handler
 .text.xPortSysTickHandler
                0x0000000008003a98       0x44 ./FreeRTOS/portable/port.o
                0x0000000008003a98                xPortSysTickHandler
 .text.vPortSetupTimerInterrupt
                0x0000000008003adc       0x34 ./FreeRTOS/portable/port.o
                0x0000000008003adc                vPortSetupTimerInterrupt
 .text.__libc_init_array
                0x0000000008003b10       0x48 c:/st/stm32cubeide_1.7.0/stm32cubeide/plugins/com.st.stm32cube.ide.mcu.externaltools.gnu-tools-for-stm32.9-2020-q2-update.win32_2.0.0.202105311346/tools/bin/../lib/gcc/arm-none-eabi/9.3.1/../../../../arm-none-eabi/lib/thumb/v7-m/nofp\libc_nano.a(lib_a-init.o)
                0x0000000008003b10                __libc_init_array
 .text.memcpy   0x0000000008003b58       0x1c c:/st/stm32cubeide_1.7.0/stm32cubeide/plugins/com.st.stm32cube.ide.mcu.externaltools.gnu-tools-for-stm32.9-2020-q2-update.win32_2.0.0.202105311346/tools/bin/../lib/gcc/arm-none-eabi/9.3.1/../../../../arm-none-eabi/lib/thumb/v7-m/nofp\libc_nano.a(lib_a-memcpy-stub.o)
                0x0000000008003b58                memcpy
 .text.memset   0x0000000008003b74       0x10 c:/st/stm32cubeide_1.7.0/stm32cubeide/plugins/com.st.stm32cube.ide.mcu.externaltools.gnu-tools-for-stm32.9-2020-q2-update.win32_2.0.0.202105311346/tools/bin/../lib/gcc/arm-none-eabi/9.3.1/../../../../arm-none-eabi/lib/thumb/v7-m/nofp\libc_nano.a(lib_a-memset.o)
                0x0000000008003b74                memset
 *(.glue_7)
 .glue_7        0x0000000008003b84        0x0 linker stubs
 *(.glue_7t)
 .glue_7t       0x0000000008003b84        0x0 linker stubs
 *(.eh_frame)
 .eh_frame      0x0000000008003b84        0x0 c:/st/stm32cubeide_1.7.0/stm32cubeide/plugins/com.st.stm32cube.ide.mcu.externaltools.gnu-tools-for-stm32.9-2020-q2-update.win32_2.0.0.202105311346/tools/bin/../lib/gcc/arm-none-eabi/9.3.1/thumb/v7-m/nofp/crtbegin.o
 *(.init)
 .init          0x0000000008003b84        0x4 c:/st/stm32cubeide_1.7.0/stm32cubeide/plugins/com.st.stm32cube.ide.mcu.externaltools.gnu-tools-for-stm32.9-2020-q2-update.win32_2.0.0.202105311346/tools/bin/../lib/gcc/arm-none-eabi/9.3.1/thumb/v7-m/nofp/crti.o
                0x0000000008003b84                _init
 .init          0x0000000008003b88        0x8 c:/st/stm32cubeide_1.7.0/stm32cubeide/plugins/com.st.stm32cube.ide.mcu.externaltools.gnu-tools-for-stm32.9-2020-q2-update.win32_2.0.0.202105311346/tools/bin/../lib/gcc/arm-none-eabi/9.3.1/thumb/v7-m/nofp/crtn.o
 *(.fini)
 .fini          0x0000000008003b90        0x4 c:/st/stm32cubeide_1.7.0/stm32cubeide/plugins/com.st.stm32cube.ide.mcu.externaltools.gnu-tools-for-stm32.9-2020-q2-update.win32_2.0.0.202105311346/tools/bin/../lib/gcc/arm-none-eabi/9.3.1/thumb/v7-m/nofp/crti.o
                0x0000000008003b90                _fini
 .fini          0x0000000008003b94        0x8 c:/st/stm32cubeide_1.7.0/stm32cubeide/plugins/com.st.stm32cube.ide.mcu.externaltools.gnu-tools-for-stm32.9-2020-q2-update.win32_2.0.0.202105311346/tools/bin/../lib/gcc/arm-none-eabi/9.3.1/thumb/v7-m/nofp/crtn.o
                0x0000000008003b9c                . = ALIGN (0x4)
                0x0000000008003b9c                _etext = .

.vfp11_veneer   0x0000000008003b9c        0x0
 .vfp11_veneer  0x0000000008003b9c        0x0 linker stubs

.v4_bx          0x0000000008003b9c        0x0
 .v4_bx         0x0000000008003b9c        0x0 linker stubs

.iplt           0x0000000008003b9c        0x0
 .iplt          0x0000000008003b9c        0x0 c:/st/stm32cubeide_1.7.0/stm32cubeide/plugins/com.st.stm32cube.ide.mcu.externaltools.gnu-tools-for-stm32.9-2020-q2-update.win32_2.0.0.202105311346/tools/bin/../lib/gcc/arm-none-eabi/9.3.1/thumb/v7-m/nofp/crtbegin.o

.rodata         0x0000000008003b9c       0x2c
                0x0000000008003b9c                . = ALIGN (0x4)
 *(.rodata)
 .rodata        0x0000000008003b9c       0x16 ./Core/Src/main.o
 *fill*         0x0000000008003bb2        0x2 
 .rodata        0x0000000008003bb4        0x9 ./Core/Src/tasks_list.o
 *fill*         0x0000000008003bbd        0x3 
 .rodata        0x0000000008003bc0        0x5 ./FreeRTOS/tasks.o
 *(.rodata*)
                0x0000000008003bc8                . = ALIGN (0x4)
 *fill*         0x0000000008003bc5        0x3 

.rel.dyn        0x0000000008003bc8        0x0
 .rel.iplt      0x0000000008003bc8        0x0 c:/st/stm32cubeide_1.7.0/stm32cubeide/plugins/com.st.stm32cube.ide.mcu.externaltools.gnu-tools-for-stm32.9-2020-q2-update.win32_2.0.0.202105311346/tools/bin/../lib/gcc/arm-none-eabi/9.3.1/thumb/v7-m/nofp/crtbegin.o

.ARM.extab      0x0000000008003bc8        0x0
                0x0000000008003bc8                . = ALIGN (0x4)
 *(.ARM.extab* .gnu.linkonce.armextab.*)
                0x0000000008003bc8                . = ALIGN (0x4)

.ARM            0x0000000008003bc8        0x0
                0x0000000008003bc8                . = ALIGN (0x4)
                0x0000000008003bc8                __exidx_start = .
 *(.ARM.exidx*)
                0x0000000008003bc8                __exidx_end = .
                0x0000000008003bc8                . = ALIGN (0x4)

.preinit_array  0x0000000008003bc8        0x0
                0x0000000008003bc8                . = ALIGN (0x4)
                0x0000000008003bc8                PROVIDE (__preinit_array_start = .)
 *(.preinit_array*)
                0x0000000008003bc8                PROVIDE (__preinit_array_end = .)
                0x0000000008003bc8                . = ALIGN (0x4)

.init_array     0x0000000008003bc8        0x4
                0x0000000008003bc8                . = ALIGN (0x4)
                0x0000000008003bc8                PROVIDE (__init_array_start = .)
 *(SORT_BY_NAME(.init_array.*))
 *(.init_array*)
 .init_array    0x0000000008003bc8        0x4 c:/st/stm32cubeide_1.7.0/stm32cubeide/plugins/com.st.stm32cube.ide.mcu.externaltools.gnu-tools-for-stm32.9-2020-q2-update.win32_2.0.0.202105311346/tools/bin/../lib/gcc/arm-none-eabi/9.3.1/thumb/v7-m/nofp/crtbegin.o
                0x0000000008003bcc                PROVIDE (__init_array_end = .)
                0x0000000008003bcc                . = ALIGN (0x4)

.fini_array     0x0000000008003bcc        0x4
                0x0000000008003bcc                . = ALIGN (0x4)
                [!provide]                        PROVIDE (__fini_array_start = .)
 *(SORT_BY_NAME(.fini_array.*))
 *(.fini_array*)
 .fini_array    0x0000000008003bcc        0x4 c:/st/stm32cubeide_1.7.0/stm32cubeide/plugins/com.st.stm32cube.ide.mcu.externaltools.gnu-tools-for-stm32.9-2020-q2-update.win32_2.0.0.202105311346/tools/bin/../lib/gcc/arm-none-eabi/9.3.1/thumb/v7-m/nofp/crtbegin.o
                [!provide]                        PROVIDE (__fini_array_end = .)
                0x0000000008003bd0                . = ALIGN (0x4)
                0x0000000008003bd0                _sidata = LOADADDR (.data)

.data           0x0000000020000000        0x8 load address 0x0000000008003bd0
                0x0000000020000000                . = ALIGN (0x4)
                0x0000000020000000                _sdata = .
 *(.data)
 *(.data*)
 .data.uxTopUsedPriority
                0x0000000020000000        0x4 ./FreeRTOS/tasks.o
                0x0000000020000000                uxTopUsedPriority
 .data.uxCriticalNesting
                0x0000000020000004        0x4 ./FreeRTOS/portable/port.o
 *(.RamFunc)
 *(.RamFunc*)
                0x0000000020000008                . = ALIGN (0x4)
                0x0000000020000008                _edata = .

.igot.plt       0x0000000020000008        0x0 load address 0x0000000008003bd8
 .igot.plt      0x0000000020000008        0x0 c:/st/stm32cubeide_1.7.0/stm32cubeide/plugins/com.st.stm32cube.ide.mcu.externaltools.gnu-tools-for-stm32.9-2020-q2-update.win32_2.0.0.202105311346/tools/bin/../lib/gcc/arm-none-eabi/9.3.1/thumb/v7-m/nofp/crtbegin.o
                0x0000000020000008                . = ALIGN (0x4)

.bss            0x0000000020000008      0x9cc load address 0x0000000008003bd8
                0x0000000020000008                _sbss = .
                0x0000000020000008                __bss_start__ = _sbss
 *(.bss)
 .bss           0x0000000020000008       0x1c c:/st/stm32cubeide_1.7.0/stm32cubeide/plugins/com.st.stm32cube.ide.mcu.externaltools.gnu-tools-for-stm32.9-2020-q2-update.win32_2.0.0.202105311346/tools/bin/../lib/gcc/arm-none-eabi/9.3.1/thumb/v7-m/nofp/crtbegin.o
 *(.bss*)
 .bss.I2C1_tx_buffer
                0x0000000020000024        0x4 ./Core/Src/HDC1080.o
                0x0000000020000024                I2C1_tx_buffer
 .bss.I2C1_rx_buffer
                0x0000000020000028        0xa ./Core/Src/HDC1080.o
                0x0000000020000028                I2C1_rx_buffer
 .bss.NETWORK_Status
                0x0000000020000032        0x1 ./Core/Src/MQTT.o
                0x0000000020000032                NETWORK_Status
 .bss.start_os  0x0000000020000033        0x1 ./Core/Src/main.o
                0x0000000020000033                start_os
 .bss.SysTimer_ms
                0x0000000020000034        0x4 ./Core/Src/stm32f103xx_CMSIS.o
                0x0000000020000034                SysTimer_ms
 .bss.Delay_counter_ms
                0x0000000020000038        0x4 ./Core/Src/stm32f103xx_CMSIS.o
                0x0000000020000038                Delay_counter_ms
 .bss.Timeout_counter_ms
                0x000000002000003c        0x4 ./Core/Src/stm32f103xx_CMSIS.o
                0x000000002000003c                Timeout_counter_ms
 .bss.LED_Network
                0x0000000020000040        0x1 ./Core/Src/stm32f103xx_it.o
                0x0000000020000040                LED_Network
 .bss.MH19Z_data_ready
                0x0000000020000041        0x1 ./Core/Src/tasks_list.o
                0x0000000020000041                MH19Z_data_ready
 .bss.HDC1080_data_ready
                0x0000000020000042        0x1 ./Core/Src/tasks_list.o
                0x0000000020000042                HDC1080_data_ready
 *fill*         0x0000000020000043        0x1 
 .bss.pxCurrentTCB
                0x0000000020000044        0x4 ./FreeRTOS/tasks.o
                0x0000000020000044                pxCurrentTCB
 .bss.pxReadyTasksLists
                0x0000000020000048       0x3c ./FreeRTOS/tasks.o
 .bss.xDelayedTaskList1
                0x0000000020000084       0x14 ./FreeRTOS/tasks.o
 .bss.xDelayedTaskList2
                0x0000000020000098       0x14 ./FreeRTOS/tasks.o
 .bss.pxDelayedTaskList
                0x00000000200000ac        0x4 ./FreeRTOS/tasks.o
 .bss.pxOverflowDelayedTaskList
                0x00000000200000b0        0x4 ./FreeRTOS/tasks.o
 .bss.xPendingReadyList
                0x00000000200000b4       0x14 ./FreeRTOS/tasks.o
 .bss.xTasksWaitingTermination
                0x00000000200000c8       0x14 ./FreeRTOS/tasks.o
 .bss.uxDeletedTasksWaitingCleanUp
                0x00000000200000dc        0x4 ./FreeRTOS/tasks.o
 .bss.xSuspendedTaskList
                0x00000000200000e0       0x14 ./FreeRTOS/tasks.o
 .bss.uxCurrentNumberOfTasks
                0x00000000200000f4        0x4 ./FreeRTOS/tasks.o
 .bss.xTickCount
                0x00000000200000f8        0x4 ./FreeRTOS/tasks.o
 .bss.uxTopReadyPriority
                0x00000000200000fc        0x4 ./FreeRTOS/tasks.o
 .bss.xSchedulerRunning
                0x0000000020000100        0x4 ./FreeRTOS/tasks.o
 .bss.xPendedTicks
                0x0000000020000104        0x4 ./FreeRTOS/tasks.o
 .bss.xYieldPending
                0x0000000020000108        0x4 ./FreeRTOS/tasks.o
 .bss.xNumOfOverflows
                0x000000002000010c        0x4 ./FreeRTOS/tasks.o
 .bss.uxTaskNumber
                0x0000000020000110        0x4 ./FreeRTOS/tasks.o
 .bss.xNextTaskUnblockTime
                0x0000000020000114        0x4 ./FreeRTOS/tasks.o
 .bss.xIdleTaskHandle
                0x0000000020000118        0x4 ./FreeRTOS/tasks.o
 .bss.uxSchedulerSuspended
                0x000000002000011c        0x4 ./FreeRTOS/tasks.o
 .bss.ucHeap    0x0000000020000120      0x800 ./FreeRTOS/portable/MemMang/heap_4.o
 .bss.xStart    0x0000000020000920        0x8 ./FreeRTOS/portable/MemMang/heap_4.o
 .bss.pxEnd     0x0000000020000928        0x4 ./FreeRTOS/portable/MemMang/heap_4.o
 .bss.xFreeBytesRemaining
                0x000000002000092c        0x4 ./FreeRTOS/portable/MemMang/heap_4.o
 .bss.xMinimumEverFreeBytesRemaining
                0x0000000020000930        0x4 ./FreeRTOS/portable/MemMang/heap_4.o
 .bss.xNumberOfSuccessfulAllocations
                0x0000000020000934        0x4 ./FreeRTOS/portable/MemMang/heap_4.o
 .bss.xNumberOfSuccessfulFrees
                0x0000000020000938        0x4 ./FreeRTOS/portable/MemMang/heap_4.o
 *(COMMON)
 COMMON         0x000000002000093c        0x8 ./Core/Src/HDC1080.o
                0x000000002000093c                Temperature
                0x0000000020000940                Humidity
 COMMON         0x0000000020000944       0x1c ./Core/Src/main.o
                0x0000000020000944                usart1_RX
                0x000000002000095c                xQueue1
 COMMON         0x0000000020000960        0x2 ./Core/Src/mh19z.o
                0x0000000020000960                CO2_ppm
 *fill*         0x0000000020000962        0x2 
 COMMON         0x0000000020000964       0x58 ./Core/Src/stm32f103xx_CMSIS.o
                0x0000000020000964                husart2
                0x0000000020000990                husart1
 COMMON         0x00000000200009bc       0x15 ./Core/Src/tasks_list.o
                0x00000000200009bc                usart1_rx_data
                0x00000000200009d4                . = ALIGN (0x4)
 *fill*         0x00000000200009d1        0x3 
                0x00000000200009d4                _ebss = .
                0x00000000200009d4                __bss_end__ = _ebss

._user_heap_stack
                0x00000000200009d4      0x304 load address 0x0000000008003bd8
                0x00000000200009d8                . = ALIGN (0x8)
 *fill*         0x00000000200009d4        0x4 
                [!provide]                        PROVIDE (end = .)
                0x00000000200009d8                PROVIDE (_end = .)
                0x0000000020000ad8                . = (. + _Min_Heap_Size)
 *fill*         0x00000000200009d8      0x100 
                0x0000000020000cd8                . = (. + _Min_Stack_Size)
 *fill*         0x0000000020000ad8      0x200 
                0x0000000020000cd8                . = ALIGN (0x8)

/DISCARD/
 libc.a(*)
 libm.a(*)
 libgcc.a(*)

.ARM.attributes
                0x0000000000000000       0x29
 *(.ARM.attributes)
 .ARM.attributes
                0x0000000000000000       0x1d c:/st/stm32cubeide_1.7.0/stm32cubeide/plugins/com.st.stm32cube.ide.mcu.externaltools.gnu-tools-for-stm32.9-2020-q2-update.win32_2.0.0.202105311346/tools/bin/../lib/gcc/arm-none-eabi/9.3.1/thumb/v7-m/nofp/crti.o
 .ARM.attributes
                0x000000000000001d       0x2d c:/st/stm32cubeide_1.7.0/stm32cubeide/plugins/com.st.stm32cube.ide.mcu.externaltools.gnu-tools-for-stm32.9-2020-q2-update.win32_2.0.0.202105311346/tools/bin/../lib/gcc/arm-none-eabi/9.3.1/thumb/v7-m/nofp/crtbegin.o
 .ARM.attributes
                0x000000000000004a       0x2d ./Core/Src/HDC1080.o
 .ARM.attributes
                0x0000000000000077       0x2d ./Core/Src/MQTT.o
 .ARM.attributes
                0x00000000000000a4       0x2d ./Core/Src/gpio.o
 .ARM.attributes
                0x00000000000000d1       0x2d ./Core/Src/main.o
 .ARM.attributes
                0x00000000000000fe       0x2d ./Core/Src/mh19z.o
 .ARM.attributes
                0x000000000000012b       0x2d ./Core/Src/stm32f103xx_CMSIS.o
 .ARM.attributes
                0x0000000000000158       0x2d ./Core/Src/stm32f103xx_it.o
 .ARM.attributes
                0x0000000000000185       0x2d ./Core/Src/system_stm32f1xx.o
 .ARM.attributes
                0x00000000000001b2       0x2d ./Core/Src/tasks_list.o
 .ARM.attributes
                0x00000000000001df       0x21 ./Core/Startup/startup_stm32f103c8tx.o
 .ARM.attributes
                0x0000000000000200       0x2d ./FreeRTOS/list.o
 .ARM.attributes
                0x000000000000022d       0x2d ./FreeRTOS/queue.o
 .ARM.attributes
                0x000000000000025a       0x2d ./FreeRTOS/tasks.o
 .ARM.attributes
                0x0000000000000287       0x2d ./FreeRTOS/portable/MemMang/heap_4.o
 .ARM.attributes
                0x00000000000002b4       0x2d ./FreeRTOS/portable/port.o
 .ARM.attributes
                0x00000000000002e1       0x2d c:/st/stm32cubeide_1.7.0/stm32cubeide/plugins/com.st.stm32cube.ide.mcu.externaltools.gnu-tools-for-stm32.9-2020-q2-update.win32_2.0.0.202105311346/tools/bin/../lib/gcc/arm-none-eabi/9.3.1/../../../../arm-none-eabi/lib/thumb/v7-m/nofp\libc_nano.a(lib_a-init.o)
 .ARM.attributes
                0x000000000000030e       0x2d c:/st/stm32cubeide_1.7.0/stm32cubeide/plugins/com.st.stm32cube.ide.mcu.externaltools.gnu-tools-for-stm32.9-2020-q2-update.win32_2.0.0.202105311346/tools/bin/../lib/gcc/arm-none-eabi/9.3.1/../../../../arm-none-eabi/lib/thumb/v7-m/nofp\libc_nano.a(lib_a-memcpy-stub.o)
 .ARM.attributes
                0x000000000000033b       0x2d c:/st/stm32cubeide_1.7.0/stm32cubeide/plugins/com.st.stm32cube.ide.mcu.externaltools.gnu-tools-for-stm32.9-2020-q2-update.win32_2.0.0.202105311346/tools/bin/../lib/gcc/arm-none-eabi/9.3.1/../../../../arm-none-eabi/lib/thumb/v7-m/nofp\libc_nano.a(lib_a-memset.o)
 .ARM.attributes
                0x0000000000000368       0x1d c:/st/stm32cubeide_1.7.0/stm32cubeide/plugins/com.st.stm32cube.ide.mcu.externaltools.gnu-tools-for-stm32.9-2020-q2-update.win32_2.0.0.202105311346/tools/bin/../lib/gcc/arm-none-eabi/9.3.1/thumb/v7-m/nofp\libgcc.a(_arm_addsubsf3.o)
 .ARM.attributes
                0x0000000000000385       0x1d c:/st/stm32cubeide_1.7.0/stm32cubeide/plugins/com.st.stm32cube.ide.mcu.externaltools.gnu-tools-for-stm32.9-2020-q2-update.win32_2.0.0.202105311346/tools/bin/../lib/gcc/arm-none-eabi/9.3.1/thumb/v7-m/nofp\libgcc.a(_arm_muldivsf3.o)
 .ARM.attributes
                0x00000000000003a2       0x1d c:/st/stm32cubeide_1.7.0/stm32cubeide/plugins/com.st.stm32cube.ide.mcu.externaltools.gnu-tools-for-stm32.9-2020-q2-update.win32_2.0.0.202105311346/tools/bin/../lib/gcc/arm-none-eabi/9.3.1/thumb/v7-m/nofp/crtn.o
OUTPUT(WindowsSensorFreeRTOS.elf elf32-littlearm)
LOAD linker stubs
LOAD c:/st/stm32cubeide_1.7.0/stm32cubeide/plugins/com.st.stm32cube.ide.mcu.externaltools.gnu-tools-for-stm32.9-2020-q2-update.win32_2.0.0.202105311346/tools/bin/../lib/gcc/arm-none-eabi/9.3.1/../../../../arm-none-eabi/lib/thumb/v7-m/nofp\libc.a
LOAD c:/st/stm32cubeide_1.7.0/stm32cubeide/plugins/com.st.stm32cube.ide.mcu.externaltools.gnu-tools-for-stm32.9-2020-q2-update.win32_2.0.0.202105311346/tools/bin/../lib/gcc/arm-none-eabi/9.3.1/../../../../arm-none-eabi/lib/thumb/v7-m/nofp\libm.a
LOAD c:/st/stm32cubeide_1.7.0/stm32cubeide/plugins/com.st.stm32cube.ide.mcu.externaltools.gnu-tools-for-stm32.9-2020-q2-update.win32_2.0.0.202105311346/tools/bin/../lib/gcc/arm-none-eabi/9.3.1/thumb/v7-m/nofp\libgcc.a

.debug_info     0x0000000000000000     0x8b60
 .debug_info    0x0000000000000000      0x2b2 ./Core/Src/HDC1080.o
 .debug_info    0x00000000000002b2      0x522 ./Core/Src/MQTT.o
 .debug_info    0x00000000000007d4      0x24d ./Core/Src/gpio.o
 .debug_info    0x0000000000000a21      0x1cd ./Core/Src/main.o
 .debug_info    0x0000000000000bee      0x1bc ./Core/Src/mh19z.o
 .debug_info    0x0000000000000daa     0x1763 ./Core/Src/stm32f103xx_CMSIS.o
 .debug_info    0x000000000000250d      0x502 ./Core/Src/stm32f103xx_it.o
 .debug_info    0x0000000000002a0f      0x260 ./Core/Src/system_stm32f1xx.o
 .debug_info    0x0000000000002c6f      0x507 ./Core/Src/tasks_list.o
 .debug_info    0x0000000000003176       0x22 ./Core/Startup/startup_stm32f103c8tx.o
 .debug_info    0x0000000000003198      0xc0b ./FreeRTOS/list.o
 .debug_info    0x0000000000003da3     0x18bf ./FreeRTOS/queue.o
 .debug_info    0x0000000000005662     0x23eb ./FreeRTOS/tasks.o
 .debug_info    0x0000000000007a4d      0xd9d ./FreeRTOS/portable/MemMang/heap_4.o
 .debug_info    0x00000000000087ea      0x376 ./FreeRTOS/portable/port.o

.debug_abbrev   0x0000000000000000     0x1a19
 .debug_abbrev  0x0000000000000000       0xef ./Core/Src/HDC1080.o
 .debug_abbrev  0x00000000000000ef      0x192 ./Core/Src/MQTT.o
 .debug_abbrev  0x0000000000000281       0xf8 ./Core/Src/gpio.o
 .debug_abbrev  0x0000000000000379       0xf6 ./Core/Src/main.o
 .debug_abbrev  0x000000000000046f       0xf7 ./Core/Src/mh19z.o
 .debug_abbrev  0x0000000000000566      0x2e5 ./Core/Src/stm32f103xx_CMSIS.o
 .debug_abbrev  0x000000000000084b      0x1af ./Core/Src/stm32f103xx_it.o
 .debug_abbrev  0x00000000000009fa      0x14e ./Core/Src/system_stm32f1xx.o
 .debug_abbrev  0x0000000000000b48      0x19c ./Core/Src/tasks_list.o
 .debug_abbrev  0x0000000000000ce4       0x12 ./Core/Startup/startup_stm32f103c8tx.o
 .debug_abbrev  0x0000000000000cf6      0x1f7 ./FreeRTOS/list.o
 .debug_abbrev  0x0000000000000eed      0x2e0 ./FreeRTOS/queue.o
 .debug_abbrev  0x00000000000011cd      0x391 ./FreeRTOS/tasks.o
 .debug_abbrev  0x000000000000155e      0x296 ./FreeRTOS/portable/MemMang/heap_4.o
 .debug_abbrev  0x00000000000017f4      0x225 ./FreeRTOS/portable/port.o

.debug_aranges  0x0000000000000000      0x6b8
 .debug_aranges
                0x0000000000000000       0x20 ./Core/Src/HDC1080.o
 .debug_aranges
                0x0000000000000020       0x38 ./Core/Src/MQTT.o
 .debug_aranges
                0x0000000000000058       0x30 ./Core/Src/gpio.o
 .debug_aranges
                0x0000000000000088       0x20 ./Core/Src/main.o
 .debug_aranges
                0x00000000000000a8       0x20 ./Core/Src/mh19z.o
 .debug_aranges
                0x00000000000000c8      0x198 ./Core/Src/stm32f103xx_CMSIS.o
 .debug_aranges
                0x0000000000000260       0x30 ./Core/Src/stm32f103xx_it.o
 .debug_aranges
                0x0000000000000290       0x28 ./Core/Src/system_stm32f1xx.o
 .debug_aranges
                0x00000000000002b8       0x38 ./Core/Src/tasks_list.o
 .debug_aranges
                0x00000000000002f0       0x28 ./Core/Startup/startup_stm32f103c8tx.o
 .debug_aranges
                0x0000000000000318       0x40 ./FreeRTOS/list.o
 .debug_aranges
                0x0000000000000358       0xe0 ./FreeRTOS/queue.o
 .debug_aranges
                0x0000000000000438      0x1b0 ./FreeRTOS/tasks.o
 .debug_aranges
                0x00000000000005e8       0x60 ./FreeRTOS/portable/MemMang/heap_4.o
 .debug_aranges
                0x0000000000000648       0x70 ./FreeRTOS/portable/port.o

.debug_ranges   0x0000000000000000      0x5d0
 .debug_ranges  0x0000000000000000       0x10 ./Core/Src/HDC1080.o
 .debug_ranges  0x0000000000000010       0x28 ./Core/Src/MQTT.o
 .debug_ranges  0x0000000000000038       0x20 ./Core/Src/gpio.o
 .debug_ranges  0x0000000000000058       0x10 ./Core/Src/main.o
 .debug_ranges  0x0000000000000068       0x10 ./Core/Src/mh19z.o
 .debug_ranges  0x0000000000000078      0x188 ./Core/Src/stm32f103xx_CMSIS.o
 .debug_ranges  0x0000000000000200       0x20 ./Core/Src/stm32f103xx_it.o
 .debug_ranges  0x0000000000000220       0x18 ./Core/Src/system_stm32f1xx.o
 .debug_ranges  0x0000000000000238       0x28 ./Core/Src/tasks_list.o
 .debug_ranges  0x0000000000000260       0x20 ./Core/Startup/startup_stm32f103c8tx.o
 .debug_ranges  0x0000000000000280       0x30 ./FreeRTOS/list.o
 .debug_ranges  0x00000000000002b0       0xd0 ./FreeRTOS/queue.o
 .debug_ranges  0x0000000000000380      0x1a0 ./FreeRTOS/tasks.o
 .debug_ranges  0x0000000000000520       0x50 ./FreeRTOS/portable/MemMang/heap_4.o
 .debug_ranges  0x0000000000000570       0x60 ./FreeRTOS/portable/port.o

.debug_macro    0x0000000000000000    0x12585
 .debug_macro   0x0000000000000000      0x125 ./Core/Src/HDC1080.o
 .debug_macro   0x0000000000000125      0xa96 ./Core/Src/HDC1080.o
 .debug_macro   0x0000000000000bbb       0x2e ./Core/Src/HDC1080.o
 .debug_macro   0x0000000000000be9       0x22 ./Core/Src/HDC1080.o
 .debug_macro   0x0000000000000c0b       0x22 ./Core/Src/HDC1080.o
 .debug_macro   0x0000000000000c2d       0x8e ./Core/Src/HDC1080.o
 .debug_macro   0x0000000000000cbb       0x51 ./Core/Src/HDC1080.o
 .debug_macro   0x0000000000000d0c      0x103 ./Core/Src/HDC1080.o
 .debug_macro   0x0000000000000e0f       0x6a ./Core/Src/HDC1080.o
 .debug_macro   0x0000000000000e79      0x1df ./Core/Src/HDC1080.o
 .debug_macro   0x0000000000001058       0x1c ./Core/Src/HDC1080.o
 .debug_macro   0x0000000000001074       0x22 ./Core/Src/HDC1080.o
 .debug_macro   0x0000000000001096       0xc3 ./Core/Src/HDC1080.o
 .debug_macro   0x0000000000001159      0xd23 ./Core/Src/HDC1080.o
 .debug_macro   0x0000000000001e7c     0xe09e ./Core/Src/HDC1080.o
 .debug_macro   0x000000000000ff1a       0x6d ./Core/Src/HDC1080.o
 .debug_macro   0x000000000000ff87       0x22 ./Core/Src/HDC1080.o
 .debug_macro   0x000000000000ffa9       0x46 ./Core/Src/HDC1080.o
 .debug_macro   0x000000000000ffef       0x16 ./Core/Src/HDC1080.o
 .debug_macro   0x0000000000010005      0x123 ./Core/Src/MQTT.o
 .debug_macro   0x0000000000010128       0x10 ./Core/Src/MQTT.o
 .debug_macro   0x0000000000010138      0x124 ./Core/Src/gpio.o
 .debug_macro   0x000000000001025c       0x40 ./Core/Src/gpio.o
 .debug_macro   0x000000000001029c      0x19f ./Core/Src/main.o
 .debug_macro   0x000000000001043b      0x174 ./Core/Src/main.o
 .debug_macro   0x00000000000105af       0xd0 ./Core/Src/main.o
 .debug_macro   0x000000000001067f      0x15a ./Core/Src/main.o
 .debug_macro   0x00000000000107d9       0xe3 ./Core/Src/main.o
 .debug_macro   0x00000000000108bc       0x28 ./Core/Src/main.o
 .debug_macro   0x00000000000108e4       0x1f ./Core/Src/main.o
 .debug_macro   0x0000000000010903       0x12 ./Core/Src/main.o
 .debug_macro   0x0000000000010915      0x56c ./Core/Src/main.o
 .debug_macro   0x0000000000010e81       0xc3 ./Core/Src/main.o
 .debug_macro   0x0000000000010f44      0x120 ./Core/Src/main.o
 .debug_macro   0x0000000000011064       0x80 ./Core/Src/main.o
 .debug_macro   0x00000000000110e4      0x11e ./Core/Src/mh19z.o
 .debug_macro   0x0000000000011202      0x18c ./Core/Src/stm32f103xx_CMSIS.o
 .debug_macro   0x000000000001138e      0x1a9 ./Core/Src/stm32f103xx_it.o
 .debug_macro   0x0000000000011537       0xc8 ./Core/Src/system_stm32f1xx.o
 .debug_macro   0x00000000000115ff      0x1a7 ./Core/Src/tasks_list.o
 .debug_macro   0x00000000000117a6      0x255 ./FreeRTOS/list.o
 .debug_macro   0x00000000000119fb      0x2ec ./FreeRTOS/queue.o
 .debug_macro   0x0000000000011ce7       0x16 ./FreeRTOS/queue.o
 .debug_macro   0x0000000000011cfd       0x20 ./FreeRTOS/queue.o
 .debug_macro   0x0000000000011d1d      0x33b ./FreeRTOS/tasks.o
 .debug_macro   0x0000000000012058       0x17 ./FreeRTOS/tasks.o
 .debug_macro   0x000000000001206f      0x2d6 ./FreeRTOS/portable/MemMang/heap_4.o
 .debug_macro   0x0000000000012345      0x240 ./FreeRTOS/portable/port.o

.debug_line     0x0000000000000000     0x8287
 .debug_line    0x0000000000000000      0x4b6 ./Core/Src/HDC1080.o
 .debug_line    0x00000000000004b6      0x7a4 ./Core/Src/MQTT.o
 .debug_line    0x0000000000000c5a      0x4e0 ./Core/Src/gpio.o
 .debug_line    0x000000000000113a      0x57e ./Core/Src/main.o
 .debug_line    0x00000000000016b8      0x4c1 ./Core/Src/mh19z.o
 .debug_line    0x0000000000001b79     0x1665 ./Core/Src/stm32f103xx_CMSIS.o
 .debug_line    0x00000000000031de      0x672 ./Core/Src/stm32f103xx_it.o
 .debug_line    0x0000000000003850      0x4ab ./Core/Src/system_stm32f1xx.o
 .debug_line    0x0000000000003cfb      0x662 ./Core/Src/tasks_list.o
 .debug_line    0x000000000000435d       0x87 ./Core/Startup/startup_stm32f103c8tx.o
 .debug_line    0x00000000000043e4      0x79c ./FreeRTOS/list.o
 .debug_line    0x0000000000004b80      0xf8c ./FreeRTOS/queue.o
 .debug_line    0x0000000000005b0c     0x16ac ./FreeRTOS/tasks.o
 .debug_line    0x00000000000071b8      0x9ce ./FreeRTOS/portable/MemMang/heap_4.o
 .debug_line    0x0000000000007b86      0x701 ./FreeRTOS/portable/port.o

.debug_str      0x0000000000000000    0x6115b
 .debug_str     0x0000000000000000    0x5471f ./Core/Src/HDC1080.o
                                      0x54962 (size before relaxing)
 .debug_str     0x000000000005471f      0x1a6 ./Core/Src/MQTT.o
                                      0x54ac5 (size before relaxing)
 .debug_str     0x00000000000548c5      0x141 ./Core/Src/gpio.o
                                      0x54a35 (size before relaxing)
 .debug_str     0x0000000000054a06     0x58de ./Core/Src/main.o
                                      0x5a24a (size before relaxing)
 .debug_str     0x000000000005a2e4       0x48 ./Core/Src/mh19z.o
                                      0x5494d (size before relaxing)
 .debug_str     0x000000000005a32c      0x8e1 ./Core/Src/stm32f103xx_CMSIS.o
                                      0x5a652 (size before relaxing)
 .debug_str     0x000000000005ac0d       0x4b ./Core/Src/stm32f103xx_it.o
                                      0x5a3e5 (size before relaxing)
 .debug_str     0x000000000005ac58       0x7e ./Core/Src/system_stm32f1xx.o
                                      0x546c6 (size before relaxing)
 .debug_str     0x000000000005acd6       0xab ./Core/Src/tasks_list.o
                                      0x5a41d (size before relaxing)
 .debug_str     0x000000000005ad81       0x36 ./Core/Startup/startup_stm32f103c8tx.o
                                         0x6f (size before relaxing)
 .debug_str     0x000000000005adb7     0x3398 ./FreeRTOS/list.o
                                      0x5bc96 (size before relaxing)
 .debug_str     0x000000000005e14f      0x9f2 ./FreeRTOS/queue.o
                                      0x5dff1 (size before relaxing)
 .debug_str     0x000000000005eb41     0x19d2 ./FreeRTOS/tasks.o
                                      0x5ea34 (size before relaxing)
 .debug_str     0x0000000000060513      0x5d5 ./FreeRTOS/portable/MemMang/heap_4.o
                                      0x5d439 (size before relaxing)
 .debug_str     0x0000000000060ae8      0x673 ./FreeRTOS/portable/port.o
                                      0x5a1f2 (size before relaxing)

.comment        0x0000000000000000       0x53
 .comment       0x0000000000000000       0x53 ./Core/Src/HDC1080.o
                                         0x54 (size before relaxing)
 .comment       0x0000000000000053       0x54 ./Core/Src/MQTT.o
 .comment       0x0000000000000053       0x54 ./Core/Src/gpio.o
 .comment       0x0000000000000053       0x54 ./Core/Src/main.o
 .comment       0x0000000000000053       0x54 ./Core/Src/mh19z.o
 .comment       0x0000000000000053       0x54 ./Core/Src/stm32f103xx_CMSIS.o
 .comment       0x0000000000000053       0x54 ./Core/Src/stm32f103xx_it.o
 .comment       0x0000000000000053       0x54 ./Core/Src/system_stm32f1xx.o
 .comment       0x0000000000000053       0x54 ./Core/Src/tasks_list.o
 .comment       0x0000000000000053       0x54 ./FreeRTOS/list.o
 .comment       0x0000000000000053       0x54 ./FreeRTOS/queue.o
 .comment       0x0000000000000053       0x54 ./FreeRTOS/tasks.o
 .comment       0x0000000000000053       0x54 ./FreeRTOS/portable/MemMang/heap_4.o
 .comment       0x0000000000000053       0x54 ./FreeRTOS/portable/port.o

.debug_frame    0x0000000000000000     0x18f4
 .debug_frame   0x0000000000000000       0x34 ./Core/Src/HDC1080.o
 .debug_frame   0x0000000000000034       0x9c ./Core/Src/MQTT.o
 .debug_frame   0x00000000000000d0       0x6c ./Core/Src/gpio.o
 .debug_frame   0x000000000000013c       0x30 ./Core/Src/main.o
 .debug_frame   0x000000000000016c       0x38 ./Core/Src/mh19z.o
 .debug_frame   0x00000000000001a4      0x678 ./Core/Src/stm32f103xx_CMSIS.o
 .debug_frame   0x000000000000081c       0x70 ./Core/Src/stm32f103xx_it.o
 .debug_frame   0x000000000000088c       0x58 ./Core/Src/system_stm32f1xx.o
 .debug_frame   0x00000000000008e4       0x90 ./Core/Src/tasks_list.o
 .debug_frame   0x0000000000000974       0xd8 ./FreeRTOS/list.o
 .debug_frame   0x0000000000000a4c      0x3a4 ./FreeRTOS/queue.o
 .debug_frame   0x0000000000000df0      0x75c ./FreeRTOS/tasks.o
 .debug_frame   0x000000000000154c      0x150 ./FreeRTOS/portable/MemMang/heap_4.o
 .debug_frame   0x000000000000169c      0x160 ./FreeRTOS/portable/port.o
 .debug_frame   0x00000000000017fc       0x2c c:/st/stm32cubeide_1.7.0/stm32cubeide/plugins/com.st.stm32cube.ide.mcu.externaltools.gnu-tools-for-stm32.9-2020-q2-update.win32_2.0.0.202105311346/tools/bin/../lib/gcc/arm-none-eabi/9.3.1/../../../../arm-none-eabi/lib/thumb/v7-m/nofp\libc_nano.a(lib_a-init.o)
 .debug_frame   0x0000000000001828       0x28 c:/st/stm32cubeide_1.7.0/stm32cubeide/plugins/com.st.stm32cube.ide.mcu.externaltools.gnu-tools-for-stm32.9-2020-q2-update.win32_2.0.0.202105311346/tools/bin/../lib/gcc/arm-none-eabi/9.3.1/../../../../arm-none-eabi/lib/thumb/v7-m/nofp\libc_nano.a(lib_a-memcpy-stub.o)
 .debug_frame   0x0000000000001850       0x20 c:/st/stm32cubeide_1.7.0/stm32cubeide/plugins/com.st.stm32cube.ide.mcu.externaltools.gnu-tools-for-stm32.9-2020-q2-update.win32_2.0.0.202105311346/tools/bin/../lib/gcc/arm-none-eabi/9.3.1/../../../../arm-none-eabi/lib/thumb/v7-m/nofp\libc_nano.a(lib_a-memset.o)
 .debug_frame   0x0000000000001870       0x4c c:/st/stm32cubeide_1.7.0/stm32cubeide/plugins/com.st.stm32cube.ide.mcu.externaltools.gnu-tools-for-stm32.9-2020-q2-update.win32_2.0.0.202105311346/tools/bin/../lib/gcc/arm-none-eabi/9.3.1/thumb/v7-m/nofp\libgcc.a(_arm_addsubsf3.o)
 .debug_frame   0x00000000000018bc       0x38 c:/st/stm32cubeide_1.7.0/stm32cubeide/plugins/com.st.stm32cube.ide.mcu.externaltools.gnu-tools-for-stm32.9-2020-q2-update.win32_2.0.0.202105311346/tools/bin/../lib/gcc/arm-none-eabi/9.3.1/thumb/v7-m/nofp\libgcc.a(_arm_muldivsf3.o)
